Component: ARM Compiler 5.06 update 6 (build 750) Tool: armlink [4d35ed]

==============================================================================

Section Cross References

    stm32f1xx_hal_1.o(i.HAL_GetTick) refers to stm32f1xx_hal_1.o(.data) for .data
    stm32f1xx_hal_1.o(i.HAL_IncTick) refers to stm32f1xx_hal_1.o(.data) for .data
    stm32f1xx_hal_1.o(i.HAL_Init) refers to stm32f1xx_hal_msp_1.o(i.HAL_MspInit) for HAL_MspInit
    stm32f1xx_hal_1.o(i.HAL_Init) refers to system_stm32f1xx_1.o(.data) for SystemCoreClock
    main_1.o(i.SystemClock_Config) refers to system_stm32f1xx_1.o(.data) for SystemCoreClock
    main_1.o(i.main) refers to stm32f1xx_hal_1.o(i.HAL_Init) for HAL_Init
    main_1.o(i.main) refers to main_1.o(i.SystemClock_Config) for SystemClock_Config
    main_1.o(i.main) refers to stm32f1xx_hal_gpio_1.o(i.HAL_GPIO_Init) for HAL_GPIO_Init
    main_1.o(i.main) refers to stm32f1xx_hal_gpio_1.o(i.HAL_GPIO_WritePin) for HAL_GPIO_WritePin
    stm32f1xx_it_1.o(i.SysTick_Handler) refers to stm32f1xx_hal_1.o(i.HAL_IncTick) for HAL_IncTick
    system_stm32f1xx_1.o(i.SystemCoreClockUpdate) refers to system_stm32f1xx_1.o(.data) for .data
    system_stm32f1xx_1.o(i.SystemCoreClockUpdate) refers to system_stm32f1xx_1.o(.constdata) for .constdata
    startup_stm32f103xb_1.o(RESET) refers to startup_stm32f103xb_1.o(STACK) for __initial_sp
    startup_stm32f103xb_1.o(RESET) refers to startup_stm32f103xb_1.o(.text) for Reset_Handler
    startup_stm32f103xb_1.o(RESET) refers to stm32f1xx_it_1.o(i.NMI_Handler) for NMI_Handler
    startup_stm32f103xb_1.o(RESET) refers to stm32f1xx_it_1.o(i.HardFault_Handler) for HardFault_Handler
    startup_stm32f103xb_1.o(RESET) refers to stm32f1xx_it_1.o(i.MemManage_Handler) for MemManage_Handler
    startup_stm32f103xb_1.o(RESET) refers to stm32f1xx_it_1.o(i.BusFault_Handler) for BusFault_Handler
    startup_stm32f103xb_1.o(RESET) refers to stm32f1xx_it_1.o(i.UsageFault_Handler) for UsageFault_Handler
    startup_stm32f103xb_1.o(RESET) refers to stm32f1xx_it_1.o(i.SVC_Handler) for SVC_Handler
    startup_stm32f103xb_1.o(RESET) refers to stm32f1xx_it_1.o(i.DebugMon_Handler) for DebugMon_Handler
    startup_stm32f103xb_1.o(RESET) refers to stm32f1xx_it_1.o(i.PendSV_Handler) for PendSV_Handler
    startup_stm32f103xb_1.o(RESET) refers to stm32f1xx_it_1.o(i.SysTick_Handler) for SysTick_Handler
    startup_stm32f103xb_1.o(.text) refers to system_stm32f1xx_1.o(i.SystemInit) for SystemInit
    startup_stm32f103xb_1.o(.text) refers to entry.o(.ARM.Collect$$$$00000000) for __main
    entry.o(.ARM.Collect$$$$00000000) refers (Special) to entry10a.o(.ARM.Collect$$$$0000000D) for __rt_final_cpp
    entry.o(.ARM.Collect$$$$00000000) refers (Special) to entry11a.o(.ARM.Collect$$$$0000000F) for __rt_final_exit
    entry.o(.ARM.Collect$$$$00000000) refers (Special) to entry7b.o(.ARM.Collect$$$$00000008) for _main_clock
    entry.o(.ARM.Collect$$$$00000000) refers (Special) to entry8b.o(.ARM.Collect$$$$0000000A) for _main_cpp_init
    entry.o(.ARM.Collect$$$$00000000) refers (Special) to entry9a.o(.ARM.Collect$$$$0000000B) for _main_init
    entry.o(.ARM.Collect$$$$00000000) refers (Special) to entry5.o(.ARM.Collect$$$$00000004) for _main_scatterload
    entry.o(.ARM.Collect$$$$00000000) refers (Special) to entry2.o(.ARM.Collect$$$$00000001) for _main_stk
    entry2.o(.ARM.Collect$$$$00000001) refers to entry2.o(.ARM.Collect$$$$00002712) for __lit__00000000
    entry2.o(.ARM.Collect$$$$00002712) refers to startup_stm32f103xb_1.o(STACK) for __initial_sp
    entry2.o(__vectab_stack_and_reset_area) refers to startup_stm32f103xb_1.o(STACK) for __initial_sp
    entry2.o(__vectab_stack_and_reset_area) refers to entry.o(.ARM.Collect$$$$00000000) for __main
    entry5.o(.ARM.Collect$$$$00000004) refers to init.o(.text) for __scatterload
    entry9a.o(.ARM.Collect$$$$0000000B) refers to main_1.o(i.main) for main
    entry9b.o(.ARM.Collect$$$$0000000C) refers to main_1.o(i.main) for main
    init.o(.text) refers to entry5.o(.ARM.Collect$$$$00000004) for __main_after_scatterload


==============================================================================

Removing Unused input sections from the image.

    Removing stm32f1xx_hal_1.o(.rev16_text), (4 bytes).
    Removing stm32f1xx_hal_1.o(.revsh_text), (4 bytes).
    Removing stm32f1xx_hal_1.o(.rrx_text), (6 bytes).
    Removing stm32f1xx_hal_1.o(i.HAL_GetTick), (12 bytes).
    Removing stm32f1xx_hal_1.o(i.HAL_MspDeInit), (2 bytes).
    Removing stm32f1xx_hal_1.o(i.HAL_MspInit), (2 bytes).
    Removing stm32f1xx_hal_gpio_1.o(.rev16_text), (4 bytes).
    Removing stm32f1xx_hal_gpio_1.o(.revsh_text), (4 bytes).
    Removing stm32f1xx_hal_gpio_1.o(.rrx_text), (6 bytes).
    Removing stm32f1xx_hal_cortex_1.o(.rev16_text), (4 bytes).
    Removing stm32f1xx_hal_cortex_1.o(.revsh_text), (4 bytes).
    Removing stm32f1xx_hal_cortex_1.o(.rrx_text), (6 bytes).
    Removing stm32f1xx_hal_msp_1.o(.rev16_text), (4 bytes).
    Removing stm32f1xx_hal_msp_1.o(.revsh_text), (4 bytes).
    Removing stm32f1xx_hal_msp_1.o(.rrx_text), (6 bytes).
    Removing stm32f1xx_hal_msp_1.o(i.HAL_MspDeInit), (2 bytes).
    Removing main_1.o(.rev16_text), (4 bytes).
    Removing main_1.o(.revsh_text), (4 bytes).
    Removing main_1.o(.rrx_text), (6 bytes).
    Removing stm32f1xx_it_1.o(.rev16_text), (4 bytes).
    Removing stm32f1xx_it_1.o(.revsh_text), (4 bytes).
    Removing stm32f1xx_it_1.o(.rrx_text), (6 bytes).
    Removing system_stm32f1xx_1.o(.rev16_text), (4 bytes).
    Removing system_stm32f1xx_1.o(.revsh_text), (4 bytes).
    Removing system_stm32f1xx_1.o(.rrx_text), (6 bytes).
    Removing system_stm32f1xx_1.o(i.SystemCoreClockUpdate), (104 bytes).
    Removing system_stm32f1xx_1.o(.constdata), (16 bytes).
    Removing system_stm32f1xx_1.o(.constdata), (8 bytes).
    Removing startup_stm32f103xb_1.o(HEAP), (512 bytes).

29 unused section(s) (total 756 bytes) removed from the image.

==============================================================================

Image Symbol Table

    Local Symbols

    Symbol Name                              Value     Ov Type        Size  Object(Section)

    ../../../../Drivers/STM32F1xx_HAL_Driver/Src/stm32f1xx_hal.c 0x00000000   Number         0  stm32f1xx_hal_1.o ABSOLUTE
    ../../../../Drivers/STM32F1xx_HAL_Driver/Src/stm32f1xx_hal_cortex.c 0x00000000   Number         0  stm32f1xx_hal_cortex_1.o ABSOLUTE
    ../../../../Drivers/STM32F1xx_HAL_Driver/Src/stm32f1xx_hal_gpio.c 0x00000000   Number         0  stm32f1xx_hal_gpio_1.o ABSOLUTE
    ../Src/main.c                            0x00000000   Number         0  main_1.o ABSOLUTE
    ../Src/stm32f1xx_hal_msp.c               0x00000000   Number         0  stm32f1xx_hal_msp_1.o ABSOLUTE
    ../Src/stm32f1xx_it.c                    0x00000000   Number         0  stm32f1xx_it_1.o ABSOLUTE
    ../Src/system_stm32f1xx.c                0x00000000   Number         0  system_stm32f1xx_1.o ABSOLUTE
    ../clib/microlib/init/entry.s            0x00000000   Number         0  entry11b.o ABSOLUTE
    ../clib/microlib/init/entry.s            0x00000000   Number         0  entry10b.o ABSOLUTE
    ../clib/microlib/init/entry.s            0x00000000   Number         0  entry10a.o ABSOLUTE
    ../clib/microlib/init/entry.s            0x00000000   Number         0  entry9b.o ABSOLUTE
    ../clib/microlib/init/entry.s            0x00000000   Number         0  entry11a.o ABSOLUTE
    ../clib/microlib/init/entry.s            0x00000000   Number         0  entry9a.o ABSOLUTE
    ../clib/microlib/init/entry.s            0x00000000   Number         0  entry8b.o ABSOLUTE
    ../clib/microlib/init/entry.s            0x00000000   Number         0  entry8a.o ABSOLUTE
    ../clib/microlib/init/entry.s            0x00000000   Number         0  entry7b.o ABSOLUTE
    ../clib/microlib/init/entry.s            0x00000000   Number         0  entry7a.o ABSOLUTE
    ../clib/microlib/init/entry.s            0x00000000   Number         0  entry5.o ABSOLUTE
    ../clib/microlib/init/entry.s            0x00000000   Number         0  entry2.o ABSOLUTE
    ../clib/microlib/init/entry.s            0x00000000   Number         0  entry.o ABSOLUTE
    ..\..\..\..\Drivers\STM32F1xx_HAL_Driver\Src\stm32f1xx_hal.c 0x00000000   Number         0  stm32f1xx_hal_1.o ABSOLUTE
    ..\..\..\..\Drivers\STM32F1xx_HAL_Driver\Src\stm32f1xx_hal_cortex.c 0x00000000   Number         0  stm32f1xx_hal_cortex_1.o ABSOLUTE
    ..\..\..\..\Drivers\STM32F1xx_HAL_Driver\Src\stm32f1xx_hal_gpio.c 0x00000000   Number         0  stm32f1xx_hal_gpio_1.o ABSOLUTE
    ..\Src\main.c                            0x00000000   Number         0  main_1.o ABSOLUTE
    ..\Src\stm32f1xx_hal_msp.c               0x00000000   Number         0  stm32f1xx_hal_msp_1.o ABSOLUTE
    ..\Src\stm32f1xx_it.c                    0x00000000   Number         0  stm32f1xx_it_1.o ABSOLUTE
    ..\Src\system_stm32f1xx.c                0x00000000   Number         0  system_stm32f1xx_1.o ABSOLUTE
    dc.s                                     0x00000000   Number         0  dc.o ABSOLUTE
    handlers.s                               0x00000000   Number         0  handlers.o ABSOLUTE
    init.s                                   0x00000000   Number         0  init.o ABSOLUTE
    startup_stm32f103xb.s                    0x00000000   Number         0  startup_stm32f103xb_1.o ABSOLUTE
    RESET                                    0x08000000   Section      236  startup_stm32f103xb_1.o(RESET)
    .ARM.Collect$$$$00000000                 0x080000ec   Section        0  entry.o(.ARM.Collect$$$$00000000)
    .ARM.Collect$$$$00000001                 0x080000ec   Section        4  entry2.o(.ARM.Collect$$$$00000001)
    .ARM.Collect$$$$00000004                 0x080000f0   Section        4  entry5.o(.ARM.Collect$$$$00000004)
    .ARM.Collect$$$$00000008                 0x080000f4   Section        0  entry7b.o(.ARM.Collect$$$$00000008)
    .ARM.Collect$$$$0000000A                 0x080000f4   Section        0  entry8b.o(.ARM.Collect$$$$0000000A)
    .ARM.Collect$$$$0000000B                 0x080000f4   Section        8  entry9a.o(.ARM.Collect$$$$0000000B)
    .ARM.Collect$$$$0000000D                 0x080000fc   Section        0  entry10a.o(.ARM.Collect$$$$0000000D)
    .ARM.Collect$$$$0000000F                 0x080000fc   Section        0  entry11a.o(.ARM.Collect$$$$0000000F)
    .ARM.Collect$$$$00002712                 0x080000fc   Section        4  entry2.o(.ARM.Collect$$$$00002712)
    __lit__00000000                          0x080000fc   Data           4  entry2.o(.ARM.Collect$$$$00002712)
    .text                                    0x08000100   Section       36  startup_stm32f103xb_1.o(.text)
    .text                                    0x08000124   Section       36  init.o(.text)
    i.BusFault_Handler                       0x08000148   Section        0  stm32f1xx_it_1.o(i.BusFault_Handler)
    i.DebugMon_Handler                       0x0800014a   Section        0  stm32f1xx_it_1.o(i.DebugMon_Handler)
    i.HAL_GPIO_Init                          0x0800014c   Section        0  stm32f1xx_hal_gpio_1.o(i.HAL_GPIO_Init)
    i.HAL_GPIO_WritePin                      0x08000196   Section        0  stm32f1xx_hal_gpio_1.o(i.HAL_GPIO_WritePin)
    i.HAL_IncTick                            0x080001a4   Section        0  stm32f1xx_hal_1.o(i.HAL_IncTick)
    i.HAL_Init                               0x080001b4   Section        0  stm32f1xx_hal_1.o(i.HAL_Init)
    i.HAL_MspInit                            0x080001f0   Section        0  stm32f1xx_hal_msp_1.o(i.HAL_MspInit)
    i.HardFault_Handler                      0x080001f2   Section        0  stm32f1xx_it_1.o(i.HardFault_Handler)
    i.MemManage_Handler                      0x080001f4   Section        0  stm32f1xx_it_1.o(i.MemManage_Handler)
    i.NMI_Handler                            0x080001f6   Section        0  stm32f1xx_it_1.o(i.NMI_Handler)
    i.PendSV_Handler                         0x080001f8   Section        0  stm32f1xx_it_1.o(i.PendSV_Handler)
    i.SVC_Handler                            0x080001fa   Section        0  stm32f1xx_it_1.o(i.SVC_Handler)
    i.SysTick_Handler                        0x080001fc   Section        0  stm32f1xx_it_1.o(i.SysTick_Handler)
    i.SystemClock_Config                     0x08000200   Section        0  main_1.o(i.SystemClock_Config)
    i.SystemInit                             0x08000270   Section        0  system_stm32f1xx_1.o(i.SystemInit)
    i.UsageFault_Handler                     0x080002b8   Section        0  stm32f1xx_it_1.o(i.UsageFault_Handler)
    i.__scatterload_copy                     0x080002ba   Section       14  handlers.o(i.__scatterload_copy)
    i.__scatterload_null                     0x080002c8   Section        2  handlers.o(i.__scatterload_null)
    i.__scatterload_zeroinit                 0x080002ca   Section       14  handlers.o(i.__scatterload_zeroinit)
    i.main                                   0x080002d8   Section        0  main_1.o(i.main)
    .data                                    0x20000000   Section        4  stm32f1xx_hal_1.o(.data)
    uwTick                                   0x20000000   Data           4  stm32f1xx_hal_1.o(.data)
    .data                                    0x20000004   Section        4  system_stm32f1xx_1.o(.data)
    STACK                                    0x20000008   Section     1024  startup_stm32f103xb_1.o(STACK)

    Global Symbols

    Symbol Name                              Value     Ov Type        Size  Object(Section)

    BuildAttributes$$THM_ISAv4$P$D$K$B$S$PE$A:L22UL41UL21$X:L11$S22US41US21$IEEE1$IW$USESV6$~STKCKD$USESV7$~SHL$OSPACE$EBA8$MICROLIB$REQ8$PRES8$EABIv2 0x00000000   Number         0  anon$$obj.o ABSOLUTE
    __ARM_use_no_argv                        0x00000000   Number         0  main_1.o ABSOLUTE
    __cpp_initialize__aeabi_                  - Undefined Weak Reference
    __cxa_finalize                            - Undefined Weak Reference
    __decompress                              - Undefined Weak Reference
    _clock_init                               - Undefined Weak Reference
    _microlib_exit                            - Undefined Weak Reference
    __Vectors_Size                           0x000000ec   Number         0  startup_stm32f103xb_1.o ABSOLUTE
    __Vectors                                0x08000000   Data           4  startup_stm32f103xb_1.o(RESET)
    __Vectors_End                            0x080000ec   Data           0  startup_stm32f103xb_1.o(RESET)
    __main                                   0x080000ed   Thumb Code     0  entry.o(.ARM.Collect$$$$00000000)
    _main_stk                                0x080000ed   Thumb Code     0  entry2.o(.ARM.Collect$$$$00000001)
    _main_scatterload                        0x080000f1   Thumb Code     0  entry5.o(.ARM.Collect$$$$00000004)
    __main_after_scatterload                 0x080000f5   Thumb Code     0  entry5.o(.ARM.Collect$$$$00000004)
    _main_clock                              0x080000f5   Thumb Code     0  entry7b.o(.ARM.Collect$$$$00000008)
    _main_cpp_init                           0x080000f5   Thumb Code     0  entry8b.o(.ARM.Collect$$$$0000000A)
    _main_init                               0x080000f5   Thumb Code     0  entry9a.o(.ARM.Collect$$$$0000000B)
    __rt_final_cpp                           0x080000fd   Thumb Code     0  entry10a.o(.ARM.Collect$$$$0000000D)
    __rt_final_exit                          0x080000fd   Thumb Code     0  entry11a.o(.ARM.Collect$$$$0000000F)
    Reset_Handler                            0x08000101   Thumb Code     8  startup_stm32f103xb_1.o(.text)
    ADC1_2_IRQHandler                        0x0800011b   Thumb Code     0  startup_stm32f103xb_1.o(.text)
    CAN1_RX1_IRQHandler                      0x0800011b   Thumb Code     0  startup_stm32f103xb_1.o(.text)
    CAN1_SCE_IRQHandler                      0x0800011b   Thumb Code     0  startup_stm32f103xb_1.o(.text)
    DMA1_Channel1_IRQHandler                 0x0800011b   Thumb Code     0  startup_stm32f103xb_1.o(.text)
    DMA1_Channel2_IRQHandler                 0x0800011b   Thumb Code     0  startup_stm32f103xb_1.o(.text)
    DMA1_Channel3_IRQHandler                 0x0800011b   Thumb Code     0  startup_stm32f103xb_1.o(.text)
    DMA1_Channel4_IRQHandler                 0x0800011b   Thumb Code     0  startup_stm32f103xb_1.o(.text)
    DMA1_Channel5_IRQHandler                 0x0800011b   Thumb Code     0  startup_stm32f103xb_1.o(.text)
    DMA1_Channel6_IRQHandler                 0x0800011b   Thumb Code     0  startup_stm32f103xb_1.o(.text)
    DMA1_Channel7_IRQHandler                 0x0800011b   Thumb Code     0  startup_stm32f103xb_1.o(.text)
    EXTI0_IRQHandler                         0x0800011b   Thumb Code     0  startup_stm32f103xb_1.o(.text)
    EXTI15_10_IRQHandler                     0x0800011b   Thumb Code     0  startup_stm32f103xb_1.o(.text)
    EXTI1_IRQHandler                         0x0800011b   Thumb Code     0  startup_stm32f103xb_1.o(.text)
    EXTI2_IRQHandler                         0x0800011b   Thumb Code     0  startup_stm32f103xb_1.o(.text)
    EXTI3_IRQHandler                         0x0800011b   Thumb Code     0  startup_stm32f103xb_1.o(.text)
    EXTI4_IRQHandler                         0x0800011b   Thumb Code     0  startup_stm32f103xb_1.o(.text)
    EXTI9_5_IRQHandler                       0x0800011b   Thumb Code     0  startup_stm32f103xb_1.o(.text)
    FLASH_IRQHandler                         0x0800011b   Thumb Code     0  startup_stm32f103xb_1.o(.text)
    I2C1_ER_IRQHandler                       0x0800011b   Thumb Code     0  startup_stm32f103xb_1.o(.text)
    I2C1_EV_IRQHandler                       0x0800011b   Thumb Code     0  startup_stm32f103xb_1.o(.text)
    I2C2_ER_IRQHandler                       0x0800011b   Thumb Code     0  startup_stm32f103xb_1.o(.text)
    I2C2_EV_IRQHandler                       0x0800011b   Thumb Code     0  startup_stm32f103xb_1.o(.text)
    PVD_IRQHandler                           0x0800011b   Thumb Code     0  startup_stm32f103xb_1.o(.text)
    RCC_IRQHandler                           0x0800011b   Thumb Code     0  startup_stm32f103xb_1.o(.text)
    RTC_Alarm_IRQHandler                     0x0800011b   Thumb Code     0  startup_stm32f103xb_1.o(.text)
    RTC_IRQHandler                           0x0800011b   Thumb Code     0  startup_stm32f103xb_1.o(.text)
    SPI1_IRQHandler                          0x0800011b   Thumb Code     0  startup_stm32f103xb_1.o(.text)
    SPI2_IRQHandler                          0x0800011b   Thumb Code     0  startup_stm32f103xb_1.o(.text)
    TAMPER_IRQHandler                        0x0800011b   Thumb Code     0  startup_stm32f103xb_1.o(.text)
    TIM1_BRK_IRQHandler                      0x0800011b   Thumb Code     0  startup_stm32f103xb_1.o(.text)
    TIM1_CC_IRQHandler                       0x0800011b   Thumb Code     0  startup_stm32f103xb_1.o(.text)
    TIM1_TRG_COM_IRQHandler                  0x0800011b   Thumb Code     0  startup_stm32f103xb_1.o(.text)
    TIM1_UP_IRQHandler                       0x0800011b   Thumb Code     0  startup_stm32f103xb_1.o(.text)
    TIM2_IRQHandler                          0x0800011b   Thumb Code     0  startup_stm32f103xb_1.o(.text)
    TIM3_IRQHandler                          0x0800011b   Thumb Code     0  startup_stm32f103xb_1.o(.text)
    TIM4_IRQHandler                          0x0800011b   Thumb Code     0  startup_stm32f103xb_1.o(.text)
    USART1_IRQHandler                        0x0800011b   Thumb Code     0  startup_stm32f103xb_1.o(.text)
    USART2_IRQHandler                        0x0800011b   Thumb Code     0  startup_stm32f103xb_1.o(.text)
    USART3_IRQHandler                        0x0800011b   Thumb Code     0  startup_stm32f103xb_1.o(.text)
    USBWakeUp_IRQHandler                     0x0800011b   Thumb Code     0  startup_stm32f103xb_1.o(.text)
    USB_HP_CAN1_TX_IRQHandler                0x0800011b   Thumb Code     0  startup_stm32f103xb_1.o(.text)
    USB_LP_CAN1_RX0_IRQHandler               0x0800011b   Thumb Code     0  startup_stm32f103xb_1.o(.text)
    WWDG_IRQHandler                          0x0800011b   Thumb Code     0  startup_stm32f103xb_1.o(.text)
    __scatterload                            0x08000125   Thumb Code    28  init.o(.text)
    __scatterload_rt2                        0x08000125   Thumb Code     0  init.o(.text)
    BusFault_Handler                         0x08000149   Thumb Code     2  stm32f1xx_it_1.o(i.BusFault_Handler)
    DebugMon_Handler                         0x0800014b   Thumb Code     2  stm32f1xx_it_1.o(i.DebugMon_Handler)
    HAL_GPIO_Init                            0x0800014d   Thumb Code    74  stm32f1xx_hal_gpio_1.o(i.HAL_GPIO_Init)
    HAL_GPIO_WritePin                        0x08000197   Thumb Code    12  stm32f1xx_hal_gpio_1.o(i.HAL_GPIO_WritePin)
    HAL_IncTick                              0x080001a5   Thumb Code    10  stm32f1xx_hal_1.o(i.HAL_IncTick)
    HAL_Init                                 0x080001b5   Thumb Code    52  stm32f1xx_hal_1.o(i.HAL_Init)
    HAL_MspInit                              0x080001f1   Thumb Code     2  stm32f1xx_hal_msp_1.o(i.HAL_MspInit)
    HardFault_Handler                        0x080001f3   Thumb Code     2  stm32f1xx_it_1.o(i.HardFault_Handler)
    MemManage_Handler                        0x080001f5   Thumb Code     2  stm32f1xx_it_1.o(i.MemManage_Handler)
    NMI_Handler                              0x080001f7   Thumb Code     2  stm32f1xx_it_1.o(i.NMI_Handler)
    PendSV_Handler                           0x080001f9   Thumb Code     2  stm32f1xx_it_1.o(i.PendSV_Handler)
    SVC_Handler                              0x080001fb   Thumb Code     2  stm32f1xx_it_1.o(i.SVC_Handler)
    SysTick_Handler                          0x080001fd   Thumb Code     4  stm32f1xx_it_1.o(i.SysTick_Handler)
    SystemClock_Config                       0x08000201   Thumb Code    86  main_1.o(i.SystemClock_Config)
    SystemInit                               0x08000271   Thumb Code    56  system_stm32f1xx_1.o(i.SystemInit)
    UsageFault_Handler                       0x080002b9   Thumb Code     2  stm32f1xx_it_1.o(i.UsageFault_Handler)
    __scatterload_copy                       0x080002bb   Thumb Code    14  handlers.o(i.__scatterload_copy)
    __scatterload_null                       0x080002c9   Thumb Code     2  handlers.o(i.__scatterload_null)
    __scatterload_zeroinit                   0x080002cb   Thumb Code    14  handlers.o(i.__scatterload_zeroinit)
    main                                     0x080002d9   Thumb Code    96  main_1.o(i.main)
    Region$$Table$$Base                      0x08000344   Number         0  anon$$obj.o(Region$$Table)
    Region$$Table$$Limit                     0x08000364   Number         0  anon$$obj.o(Region$$Table)
    SystemCoreClock                          0x20000004   Data           4  system_stm32f1xx_1.o(.data)
    __initial_sp                             0x20000408   Data           0  startup_stm32f103xb_1.o(STACK)



==============================================================================

Memory Map of the image

  Image Entry point : 0x080000ed

  Load Region LR_IROM1 (Base: 0x08000000, Size: 0x0000036c, Max: 0x00020000, ABSOLUTE)

    Execution Region ER_IROM1 (Exec base: 0x08000000, Load base: 0x08000000, Size: 0x00000364, Max: 0x00020000, ABSOLUTE)

    Exec Addr    Load Addr    Size         Type   Attr      Idx    E Section Name        Object

    0x08000000   0x08000000   0x000000ec   Data   RO          341    RESET               startup_stm32f103xb_1.o
    0x080000ec   0x080000ec   0x00000000   Code   RO          346  * .ARM.Collect$$$$00000000  mc_w.l(entry.o)
    0x080000ec   0x080000ec   0x00000004   Code   RO          349    .ARM.Collect$$$$00000001  mc_w.l(entry2.o)
    0x080000f0   0x080000f0   0x00000004   Code   RO          352    .ARM.Collect$$$$00000004  mc_w.l(entry5.o)
    0x080000f4   0x080000f4   0x00000000   Code   RO          354    .ARM.Collect$$$$00000008  mc_w.l(entry7b.o)
    0x080000f4   0x080000f4   0x00000000   Code   RO          356    .ARM.Collect$$$$0000000A  mc_w.l(entry8b.o)
    0x080000f4   0x080000f4   0x00000008   Code   RO          357    .ARM.Collect$$$$0000000B  mc_w.l(entry9a.o)
    0x080000fc   0x080000fc   0x00000000   Code   RO          359    .ARM.Collect$$$$0000000D  mc_w.l(entry10a.o)
    0x080000fc   0x080000fc   0x00000000   Code   RO          361    .ARM.Collect$$$$0000000F  mc_w.l(entry11a.o)
    0x080000fc   0x080000fc   0x00000004   Code   RO          350    .ARM.Collect$$$$00002712  mc_w.l(entry2.o)
    0x08000100   0x08000100   0x00000024   Code   RO          342    .text               startup_stm32f103xb_1.o
    0x08000124   0x08000124   0x00000024   Code   RO          363    .text               mc_w.l(init.o)
    0x08000148   0x08000148   0x00000002   Code   RO          222    i.BusFault_Handler  stm32f1xx_it_1.o
    0x0800014a   0x0800014a   0x00000002   Code   RO          223    i.DebugMon_Handler  stm32f1xx_it_1.o
    0x0800014c   0x0800014c   0x0000004a   Code   RO          107    i.HAL_GPIO_Init     stm32f1xx_hal_gpio_1.o
    0x08000196   0x08000196   0x0000000c   Code   RO          108    i.HAL_GPIO_WritePin  stm32f1xx_hal_gpio_1.o
    0x080001a2   0x080001a2   0x00000002   PAD
    0x080001a4   0x080001a4   0x00000010   Code   RO            5    i.HAL_IncTick       stm32f1xx_hal_1.o
    0x080001b4   0x080001b4   0x0000003c   Code   RO            6    i.HAL_Init          stm32f1xx_hal_1.o
    0x080001f0   0x080001f0   0x00000002   Code   RO          160    i.HAL_MspInit       stm32f1xx_hal_msp_1.o
    0x080001f2   0x080001f2   0x00000002   Code   RO          224    i.HardFault_Handler  stm32f1xx_it_1.o
    0x080001f4   0x080001f4   0x00000002   Code   RO          225    i.MemManage_Handler  stm32f1xx_it_1.o
    0x080001f6   0x080001f6   0x00000002   Code   RO          226    i.NMI_Handler       stm32f1xx_it_1.o
    0x080001f8   0x080001f8   0x00000002   Code   RO          227    i.PendSV_Handler    stm32f1xx_it_1.o
    0x080001fa   0x080001fa   0x00000002   Code   RO          228    i.SVC_Handler       stm32f1xx_it_1.o
    0x080001fc   0x080001fc   0x00000004   Code   RO          229    i.SysTick_Handler   stm32f1xx_it_1.o
    0x08000200   0x08000200   0x00000070   Code   RO          192    i.SystemClock_Config  main_1.o
    0x08000270   0x08000270   0x00000048   Code   RO          298    i.SystemInit        system_stm32f1xx_1.o
    0x080002b8   0x080002b8   0x00000002   Code   RO          230    i.UsageFault_Handler  stm32f1xx_it_1.o
    0x080002ba   0x080002ba   0x0000000e   Code   RO          367    i.__scatterload_copy  mc_w.l(handlers.o)
    0x080002c8   0x080002c8   0x00000002   Code   RO          368    i.__scatterload_null  mc_w.l(handlers.o)
    0x080002ca   0x080002ca   0x0000000e   Code   RO          369    i.__scatterload_zeroinit  mc_w.l(handlers.o)
    0x080002d8   0x080002d8   0x0000006c   Code   RO          193    i.main              main_1.o
    0x08000344   0x08000344   0x00000020   Data   RO          365    Region$$Table       anon$$obj.o


    Execution Region RW_IRAM1 (Exec base: 0x20000000, Load base: 0x08000364, Size: 0x00000408, Max: 0x00005000, ABSOLUTE)

    Exec Addr    Load Addr    Size         Type   Attr      Idx    E Section Name        Object

    0x20000000   0x08000364   0x00000004   Data   RW            9    .data               stm32f1xx_hal_1.o
    0x20000004   0x08000368   0x00000004   Data   RW          301    .data               system_stm32f1xx_1.o
    0x20000008        -       0x00000400   Zero   RW          339    STACK               startup_stm32f103xb_1.o


==============================================================================

Image component sizes


      Code (inc. data)   RO Data    RW Data    ZI Data      Debug   Object Name

       220         38          0          0          0       1364   main_1.o
        36          8        236          0       1024        792   startup_stm32f103xb_1.o
        76         14          0          4          0     236788   stm32f1xx_hal_1.o
        86          0          0          0          0       2012   stm32f1xx_hal_gpio_1.o
         2          0          0          0          0        446   stm32f1xx_hal_msp_1.o
        20          0          0          0          0       3986   stm32f1xx_it_1.o
        72         16          0          4          0       1223   system_stm32f1xx_1.o

    ----------------------------------------------------------------------
       514         76        268          8       1024     246611   Object Totals
         0          0         32          0          0          0   (incl. Generated)
         2          0          0          0          0          0   (incl. Padding)

    ----------------------------------------------------------------------

      Code (inc. data)   RO Data    RW Data    ZI Data      Debug   Library Member Name

         0          0          0          0          0          0   entry.o
         0          0          0          0          0          0   entry10a.o
         0          0          0          0          0          0   entry11a.o
         8          4          0          0          0          0   entry2.o
         4          0          0          0          0          0   entry5.o
         0          0          0          0          0          0   entry7b.o
         0          0          0          0          0          0   entry8b.o
         8          4          0          0          0          0   entry9a.o
        30          0          0          0          0          0   handlers.o
        36          8          0          0          0         68   init.o

    ----------------------------------------------------------------------
        86         16          0          0          0         68   Library Totals
         0          0          0          0          0          0   (incl. Padding)

    ----------------------------------------------------------------------

      Code (inc. data)   RO Data    RW Data    ZI Data      Debug   Library Name

        86         16          0          0          0         68   mc_w.l

    ----------------------------------------------------------------------
        86         16          0          0          0         68   Library Totals

    ----------------------------------------------------------------------

==============================================================================


      Code (inc. data)   RO Data    RW Data    ZI Data      Debug   

       600         92        268          8       1024     246155   Grand Totals
       600         92        268          8       1024     246155   ELF Image Totals
       600         92        268          8          0          0   ROM Totals

==============================================================================

    Total RO  Size (Code + RO Data)                  868 (   0.85kB)
    Total RW  Size (RW Data + ZI Data)              1032 (   1.01kB)
    Total ROM Size (Code + RO Data + RW Data)        876 (   0.86kB)

==============================================================================

