Component: ARM Compiler 5.06 update 6 (build 750) Tool: armlink [4d35ed]

==============================================================================

Section Cross References

    bsp_ds18b20.o(i.bsp_ds18b20_init) refers to stm32f10x_rcc.o(i.RCC_APB2PeriphClockCmd) for RCC_APB2PeriphClockCmd
    bsp_ds18b20.o(i.bsp_ds18b20_init) refers to stm32f10x_gpio.o(i.GPIO_Init) for GPIO_Init
    bsp_ds18b20.o(i.bsp_ds18b20_mock_set_temp) refers to bsp_ds18b20.o(.data) for g_mock_temp
    bsp_ds18b20.o(i.bsp_ds18b20_mock_set_valid) refers to bsp_ds18b20.o(.data) for g_mock_valid
    bsp_ds18b20.o(i.bsp_ds18b20_read_c) refers to bsp_ds18b20.o(.data) for g_mock_valid
    bsp_ds18b20.o(i.delay_ms) refers to bsp_ds18b20.o(i.delay_us) for delay_us
    bsp_ds18b20.o(i.delay_us) refers to system_stm32f10x.o(.data) for SystemCoreClock
    bsp_ds18b20.o(i.ds18b20_read_once) refers to bsp_ds18b20.o(i.ow_reset) for ow_reset
    bsp_ds18b20.o(i.ds18b20_read_once) refers to bsp_ds18b20.o(i.ow_write_byte) for ow_write_byte
    bsp_ds18b20.o(i.ds18b20_read_once) refers to bsp_ds18b20.o(i.ds18b20_wait_convert_done) for ds18b20_wait_convert_done
    bsp_ds18b20.o(i.ds18b20_read_once) refers to bsp_ds18b20.o(i.ow_read_byte) for ow_read_byte
    bsp_ds18b20.o(i.ds18b20_read_once) refers to bsp_ds18b20.o(i.ds18b20_crc8) for ds18b20_crc8
    bsp_ds18b20.o(i.ds18b20_read_once) refers to fflt_clz.o(x$fpl$fflt) for __aeabi_i2f
    bsp_ds18b20.o(i.ds18b20_read_once) refers to fdiv.o(x$fpl$fdiv) for __aeabi_fdiv
    bsp_ds18b20.o(i.ds18b20_wait_convert_done) refers to bsp_ds18b20.o(i.ow_read_pin) for ow_read_pin
    bsp_ds18b20.o(i.ds18b20_wait_convert_done) refers to bsp_ds18b20.o(i.delay_ms) for delay_ms
    bsp_ds18b20.o(i.ow_drive_low) refers to stm32f10x_gpio.o(i.GPIO_Init) for GPIO_Init
    bsp_ds18b20.o(i.ow_drive_low) refers to stm32f10x_gpio.o(i.GPIO_ResetBits) for GPIO_ResetBits
    bsp_ds18b20.o(i.ow_drive_low) refers to bsp_ds18b20.o(.constdata) for g_sensor_pin
    bsp_ds18b20.o(i.ow_read_bit) refers to bsp_ds18b20.o(i.ow_drive_low) for ow_drive_low
    bsp_ds18b20.o(i.ow_read_bit) refers to bsp_ds18b20.o(i.delay_us) for delay_us
    bsp_ds18b20.o(i.ow_read_bit) refers to bsp_ds18b20.o(i.ow_release) for ow_release
    bsp_ds18b20.o(i.ow_read_bit) refers to bsp_ds18b20.o(i.ow_read_pin) for ow_read_pin
    bsp_ds18b20.o(i.ow_read_byte) refers to bsp_ds18b20.o(i.ow_read_bit) for ow_read_bit
    bsp_ds18b20.o(i.ow_read_pin) refers to stm32f10x_gpio.o(i.GPIO_ReadInputDataBit) for GPIO_ReadInputDataBit
    bsp_ds18b20.o(i.ow_read_pin) refers to bsp_ds18b20.o(.constdata) for g_sensor_pin
    bsp_ds18b20.o(i.ow_release) refers to stm32f10x_gpio.o(i.GPIO_Init) for GPIO_Init
    bsp_ds18b20.o(i.ow_release) refers to bsp_ds18b20.o(.constdata) for g_sensor_pin
    bsp_ds18b20.o(i.ow_reset) refers to bsp_ds18b20.o(i.ow_drive_low) for ow_drive_low
    bsp_ds18b20.o(i.ow_reset) refers to bsp_ds18b20.o(i.delay_us) for delay_us
    bsp_ds18b20.o(i.ow_reset) refers to bsp_ds18b20.o(i.ow_release) for ow_release
    bsp_ds18b20.o(i.ow_reset) refers to bsp_ds18b20.o(i.ow_read_pin) for ow_read_pin
    bsp_ds18b20.o(i.ow_write_bit) refers to bsp_ds18b20.o(i.ow_drive_low) for ow_drive_low
    bsp_ds18b20.o(i.ow_write_bit) refers to bsp_ds18b20.o(i.delay_us) for delay_us
    bsp_ds18b20.o(i.ow_write_bit) refers to bsp_ds18b20.o(i.ow_release) for ow_release
    bsp_ds18b20.o(i.ow_write_byte) refers to bsp_ds18b20.o(i.ow_write_bit) for ow_write_bit
    bsp_relay.o(i.bsp_relay_get) refers to bsp_relay.o(.data) for g_relay_on
    bsp_relay.o(i.bsp_relay_init) refers to stm32f10x_rcc.o(i.RCC_APB2PeriphClockCmd) for RCC_APB2PeriphClockCmd
    bsp_relay.o(i.bsp_relay_init) refers to stm32f10x_gpio.o(i.GPIO_Init) for GPIO_Init
    bsp_relay.o(i.bsp_relay_init) refers to stm32f10x_gpio.o(i.GPIO_ResetBits) for GPIO_ResetBits
    bsp_relay.o(i.bsp_relay_init) refers to bsp_relay.o(.data) for g_relay_on
    bsp_relay.o(i.bsp_relay_set) refers to stm32f10x_gpio.o(i.GPIO_SetBits) for GPIO_SetBits
    bsp_relay.o(i.bsp_relay_set) refers to stm32f10x_gpio.o(i.GPIO_ResetBits) for GPIO_ResetBits
    bsp_relay.o(i.bsp_relay_set) refers to bsp_relay.o(.data) for g_relay_on
    bsp_rtc.o(i.bsp_rtc_get_minutes_of_day) refers to stm32f10x_rtc.o(i.RTC_GetCounter) for RTC_GetCounter
    bsp_rtc.o(i.bsp_rtc_init) refers to stm32f10x_rcc.o(i.RCC_APB1PeriphClockCmd) for RCC_APB1PeriphClockCmd
    bsp_rtc.o(i.bsp_rtc_init) refers to stm32f10x_pwr.o(i.PWR_BackupAccessCmd) for PWR_BackupAccessCmd
    bsp_rtc.o(i.bsp_rtc_init) refers to bsp_rtc.o(i.rtc_select_clock) for rtc_select_clock
    bsp_rtc.o(i.bsp_rtc_init) refers to stm32f10x_rcc.o(i.RCC_RTCCLKCmd) for RCC_RTCCLKCmd
    bsp_rtc.o(i.bsp_rtc_init) refers to stm32f10x_rtc.o(i.RTC_WaitForSynchro) for RTC_WaitForSynchro
    bsp_rtc.o(i.bsp_rtc_init) refers to stm32f10x_rtc.o(i.RTC_WaitForLastTask) for RTC_WaitForLastTask
[...]
    DMA1_Channel3_IRQHandler                 0x0800024f   Thumb Code     0  startup_stm32f10x_md.o(.text)
    DMA1_Channel4_IRQHandler                 0x0800024f   Thumb Code     0  startup_stm32f10x_md.o(.text)
    DMA1_Channel5_IRQHandler                 0x0800024f   Thumb Code     0  startup_stm32f10x_md.o(.text)
    DMA1_Channel6_IRQHandler                 0x0800024f   Thumb Code     0  startup_stm32f10x_md.o(.text)
    DMA1_Channel7_IRQHandler                 0x0800024f   Thumb Code     0  startup_stm32f10x_md.o(.text)
    EXTI0_IRQHandler                         0x0800024f   Thumb Code     0  startup_stm32f10x_md.o(.text)
    EXTI15_10_IRQHandler                     0x0800024f   Thumb Code     0  startup_stm32f10x_md.o(.text)
    EXTI1_IRQHandler                         0x0800024f   Thumb Code     0  startup_stm32f10x_md.o(.text)
    EXTI2_IRQHandler                         0x0800024f   Thumb Code     0  startup_stm32f10x_md.o(.text)
    EXTI3_IRQHandler                         0x0800024f   Thumb Code     0  startup_stm32f10x_md.o(.text)
    EXTI4_IRQHandler                         0x0800024f   Thumb Code     0  startup_stm32f10x_md.o(.text)
    EXTI9_5_IRQHandler                       0x0800024f   Thumb Code     0  startup_stm32f10x_md.o(.text)
    FLASH_IRQHandler                         0x0800024f   Thumb Code     0  startup_stm32f10x_md.o(.text)
    I2C1_ER_IRQHandler                       0x0800024f   Thumb Code     0  startup_stm32f10x_md.o(.text)
    I2C1_EV_IRQHandler                       0x0800024f   Thumb Code     0  startup_stm32f10x_md.o(.text)
    I2C2_ER_IRQHandler                       0x0800024f   Thumb Code     0  startup_stm32f10x_md.o(.text)
    I2C2_EV_IRQHandler                       0x0800024f   Thumb Code     0  startup_stm32f10x_md.o(.text)
    PVD_IRQHandler                           0x0800024f   Thumb Code     0  startup_stm32f10x_md.o(.text)
    RCC_IRQHandler                           0x0800024f   Thumb Code     0  startup_stm32f10x_md.o(.text)
    RTCAlarm_IRQHandler                      0x0800024f   Thumb Code     0  startup_stm32f10x_md.o(.text)
    RTC_IRQHandler                           0x0800024f   Thumb Code     0  startup_stm32f10x_md.o(.text)
    SPI1_IRQHandler                          0x0800024f   Thumb Code     0  startup_stm32f10x_md.o(.text)
    SPI2_IRQHandler                          0x0800024f   Thumb Code     0  startup_stm32f10x_md.o(.text)
    TAMPER_IRQHandler                        0x0800024f   Thumb Code     0  startup_stm32f10x_md.o(.text)
    TIM1_BRK_IRQHandler                      0x0800024f   Thumb Code     0  startup_stm32f10x_md.o(.text)
    TIM1_CC_IRQHandler                       0x0800024f   Thumb Code     0  startup_stm32f10x_md.o(.text)
    TIM1_TRG_COM_IRQHandler                  0x0800024f   Thumb Code     0  startup_stm32f10x_md.o(.text)
    TIM1_UP_IRQHandler                       0x0800024f   Thumb Code     0  startup_stm32f10x_md.o(.text)
    TIM2_IRQHandler                          0x0800024f   Thumb Code     0  startup_stm32f10x_md.o(.text)
    TIM3_IRQHandler                          0x0800024f   Thumb Code     0  startup_stm32f10x_md.o(.text)
    TIM4_IRQHandler                          0x0800024f   Thumb Code     0  startup_stm32f10x_md.o(.text)
    USART1_IRQHandler                        0x0800024f   Thumb Code     0  startup_stm32f10x_md.o(.text)
    USART2_IRQHandler                        0x0800024f   Thumb Code     0  startup_stm32f10x_md.o(.text)
    USART3_IRQHandler                        0x0800024f   Thumb Code     0  startup_stm32f10x_md.o(.text)
    USBWakeUp_IRQHandler                     0x0800024f   Thumb Code     0  startup_stm32f10x_md.o(.text)
    USB_HP_CAN1_TX_IRQHandler                0x0800024f   Thumb Code     0  startup_stm32f10x_md.o(.text)
    USB_LP_CAN1_RX0_IRQHandler               0x0800024f   Thumb Code     0  startup_stm32f10x_md.o(.text)
    WWDG_IRQHandler                          0x0800024f   Thumb Code     0  startup_stm32f10x_md.o(.text)
    __user_initial_stackheap                 0x08000251   Thumb Code     0  startup_stm32f10x_md.o(.text)
    vsnprintf                                0x08000275   Thumb Code    48  vsnprintf.o(.text)
    __2snprintf                              0x080002a9   Thumb Code    50  __2snprintf.o(.text)
    _printf_pre_padding                      0x080002e1   Thumb Code    44  _printf_pad.o(.text)
    _printf_post_padding                     0x0800030d   Thumb Code    34  _printf_pad.o(.text)
    _printf_str                              0x0800032f   Thumb Code    82  _printf_str.o(.text)
    _printf_int_dec                          0x08000381   Thumb Code   104  _printf_dec.o(.text)
    __printf                                 0x080003f9   Thumb Code   388  __printf_flags_ss_wp.o(.text)
    __0sscanf                                0x08000581   Thumb Code    52  __0sscanf.o(.text)
    _scanf_int                               0x080005bd   Thumb Code   332  _scanf_int.o(.text)
    memcmp                                   0x08000709   Thumb Code    88  memcmp.o(.text)
    strncmp                                  0x08000761   Thumb Code   150  strncmp.o(.text)
    __aeabi_memcpy                           0x080007f7   Thumb Code     0  rt_memcpy_v6.o(.text)
    __rt_memcpy                              0x080007f7   Thumb Code   138  rt_memcpy_v6.o(.text)
    _memcpy_lastbytes                        0x0800085d   Thumb Code     0  rt_memcpy_v6.o(.text)
    __aeabi_memcpy4                          0x08000881   Thumb Code     0  rt_memcpy_w.o(.text)
    __aeabi_memcpy8                          0x08000881   Thumb Code     0  rt_memcpy_w.o(.text)
    __rt_memcpy_w                            0x08000881   Thumb Code   100  rt_memcpy_w.o(.text)
    _memcpy_lastbytes_aligned                0x080008c9   Thumb Code     0  rt_memcpy_w.o(.text)
    __aeabi_memset                           0x080008e5   Thumb Code    16  aeabi_memset.o(.text)
    strncpy                                  0x080008f5   Thumb Code    86  strncpy.o(.text)
    strcmp                                   0x0800094d   Thumb Code   128  strcmpv7m.o(.text)
    __use_two_region_memory                  0x080009cd   Thumb Code     2  heapauxi.o(.text)
    __rt_heap_escrow$2region                 0x080009cf   Thumb Code     2  heapauxi.o(.text)
    __rt_heap_expand$2region                 0x080009d1   Thumb Code     2  heapauxi.o(.text)
    _printf_truncate_signed                  0x080009d3   Thumb Code    18  _printf_truncate.o(.text)
    _printf_truncate_unsigned                0x080009e5   Thumb Code    18  _printf_truncate.o(.text)
    _printf_int_common                       0x080009f7   Thumb Code   178  _printf_intcommon.o(.text)
    _printf_charcount                        0x08000aa9   Thumb Code    40  _printf_charcount.o(.text)
    __lib_sel_fp_printf                      0x08000ad1   Thumb Code     2  _printf_fp_dec.o(.text)
    _printf_fp_dec_real                      0x08000c83   Thumb Code   620  _printf_fp_dec.o(.text)
    _printf_char_common                      0x08000efb   Thumb Code    32  _printf_char_common.o(.text)
    _sputc                                   0x08000f21   Thumb Code    10  _sputc.o(.text)
    _snputc                                  0x08000f2b   Thumb Code    16  _snputc.o(.text)
    _printf_cs_common                        0x08000f3b   Thumb Code    20  _printf_char.o(.text)
    _printf_char                             0x08000f4f   Thumb Code    16  _printf_char.o(.text)
    _printf_string                           0x08000f5f   Thumb Code     8  _printf_char.o(.text)
    _printf_wctomb                           0x08000f69   Thumb Code   182  _printf_wctomb.o(.text)
    _printf_longlong_dec                     0x08001025   Thumb Code   108  _printf_longlong_dec.o(.text)
    _printf_longlong_oct                     0x080010a1   Thumb Code    66  _printf_oct_int_ll.o(.text)
    _printf_int_oct                          0x080010e3   Thumb Code    24  _printf_oct_int_ll.o(.text)
    _printf_ll_oct                           0x080010fb   Thumb Code    12  _printf_oct_int_ll.o(.text)
    _printf_longlong_hex                     0x08001111   Thumb Code    86  _printf_hex_int_ll_ptr.o(.text)
    _printf_int_hex                          0x08001167   Thumb Code    28  _printf_hex_int_ll_ptr.o(.text)
    _printf_ll_hex                           0x08001183   Thumb Code    12  _printf_hex_int_ll_ptr.o(.text)
    _printf_hex_ptr                          0x0800118f   Thumb Code    18  _printf_hex_int_ll_ptr.o(.text)
    _chval                                   0x080011a5   Thumb Code    28  _chval.o(.text)
    _scanf_really_real                       0x0800140d   Thumb Code   684  scanf_fp.o(.text)
    __vfscanf_char                           0x080016c5   Thumb Code    24  scanf_char.o(.text)
    _sgetc                                   0x080016e5   Thumb Code    30  _sgetc.o(.text)
    _sbackspace                              0x08001703   Thumb Code    34  _sgetc.o(.text)
    __aeabi_memclr                           0x08001725   Thumb Code     0  rt_memclr.o(.text)
    __rt_memclr                              0x08001725   Thumb Code    68  rt_memclr.o(.text)
    _memset                                  0x08001729   Thumb Code     0  rt_memclr.o(.text)
    __rt_locale                              0x08001769   Thumb Code     8  rt_locale_intlibspace.o(.text)
    __aeabi_errno_addr                       0x08001771   Thumb Code     8  rt_errno_addr_intlibspace.o(.text)
    __errno$intlibspace                      0x08001771   Thumb Code     0  rt_errno_addr_intlibspace.o(.text)
    __rt_errno_addr$intlibspace              0x08001771   Thumb Code     0  rt_errno_addr_intlibspace.o(.text)
    _ll_udiv10                               0x08001779   Thumb Code   138  lludiv10.o(.text)
    isspace                                  0x08001803   Thumb Code    18  isspace.o(.text)
    _printf_fp_hex_real                      0x08001815   Thumb Code   756  _printf_fp_hex.o(.text)
    _printf_fp_infnan                        0x08001b11   Thumb Code   112  _printf_fp_infnan.o(.text)
    _printf_lcs_common                       0x08001b91   Thumb Code    20  _printf_wchar.o(.text)
    _printf_wchar                            0x08001ba5   Thumb Code    16  _printf_wchar.o(.text)
    _printf_wstring                          0x08001bb5   Thumb Code     8  _printf_wchar.o(.text)
    __vfscanf                                0x08001bbd   Thumb Code   878  _scanf.o(.text)
    _btod_etento                             0x08001f31   Thumb Code   224  bigflt0.o(.text)
    _wcrtomb                                 0x08002015   Thumb Code    64  _wcrtomb.o(.text)
    __aeabi_memclr4                          0x08002055   Thumb Code     0  rt_memclr_w.o(.text)
    __aeabi_memclr8                          0x08002055   Thumb Code     0  rt_memclr_w.o(.text)
    __rt_memclr_w                            0x08002055   Thumb Code    78  rt_memclr_w.o(.text)
    _memset_w                                0x08002059   Thumb Code     0  rt_memclr_w.o(.text)
    __user_libspace                          0x080020a5   Thumb Code     8  libspace.o(.text)
    __user_perproc_libspace                  0x080020a5   Thumb Code     0  libspace.o(.text)
    __user_perthread_libspace                0x080020a5   Thumb Code     0  libspace.o(.text)
    __user_setup_stackheap                   0x080020ad   Thumb Code    74  sys_stackheap_outer.o(.text)
    __rt_ctype_table                         0x080020f9   Thumb Code    16  rt_ctype_table.o(.text)
    __read_errno                             0x08002109   Thumb Code    10  _rserrno.o(.text)
    __set_errno                              0x08002113   Thumb Code    12  _rserrno.o(.text)
    _scanf_really_hex_real                   0x08002121   Thumb Code   786  scanf_hexfp.o(.text)
    _scanf_really_infnan                     0x08002441   Thumb Code   292  scanf_infnan.o(.text)
    exit                                     0x08002575   Thumb Code    18  exit.o(.text)
    __aeabi_llsl                             0x08002587   Thumb Code     0  llshl.o(.text)
    _ll_shift_l                              0x08002587   Thumb Code    38  llshl.o(.text)
    _sys_exit                                0x080025ad   Thumb Code     8  sys_exit.o(.text)
    __I$use$semihosting                      0x080025b9   Thumb Code     0  use_no_semi.o(.text)
    __use_no_semihosting_swi                 0x080025b9   Thumb Code     2  use_no_semi.o(.text)
    __semihosting_library_function           0x080025bb   Thumb Code     0  indicate_semi.o(.text)
    _btod_d2e                                0x080025bb   Thumb Code    62  btod.o(CL$$btod_d2e)
    _d2e_denorm_low                          0x080025f9   Thumb Code    70  btod.o(CL$$btod_d2e_denorm_low)
    _d2e_norm_op1                            0x0800263f   Thumb Code    96  btod.o(CL$$btod_d2e_norm_op1)
    __btod_div_common                        0x0800269f   Thumb Code   696  btod.o(CL$$btod_div_common)
    _e2d                                     0x080029d9   Thumb Code   122  btod.o(CL$$btod_e2d)
    _e2e                                     0x08002a5d   Thumb Code   220  btod.o(CL$$btod_e2e)
    _btod_ediv                               0x08002b39   Thumb Code    42  btod.o(CL$$btod_ediv)
    _btod_edivd                              0x08002b63   Thumb Code    42  btod.o(CL$$btod_edivd)
    _btod_emul                               0x08002b8d   Thumb Code    42  btod.o(CL$$btod_emul)
    _btod_emuld                              0x08002bb7   Thumb Code    42  btod.o(CL$$btod_emuld)
    __btod_mult_common                       0x08002be1   Thumb Code   580  btod.o(CL$$btod_mult_common)
    BKP_ReadBackupRegister                   0x08002e25   Thumb Code    24  stm32f10x_bkp.o(i.BKP_ReadBackupRegister)
    BKP_WriteBackupRegister                  0x08002e41   Thumb Code    22  stm32f10x_bkp.o(i.BKP_WriteBackupRegister)
    FLASH_ErasePage                          0x08002e5d   Thumb Code    72  stm32f10x_flash.o(i.FLASH_ErasePage)
    FLASH_GetBank1Status                     0x08002ea9   Thumb Code    48  stm32f10x_flash.o(i.FLASH_GetBank1Status)
    FLASH_Lock                               0x08002edd   Thumb Code    14  stm32f10x_flash.o(i.FLASH_Lock)
    FLASH_ProgramWord                        0x08002ef1   Thumb Code   102  stm32f10x_flash.o(i.FLASH_ProgramWord)
    FLASH_Unlock                             0x08002f5d   Thumb Code    12  stm32f10x_flash.o(i.FLASH_Unlock)
    FLASH_WaitForLastOperation               0x08002f75   Thumb Code    38  stm32f10x_flash.o(i.FLASH_WaitForLastOperation)
    GPIO_Init                                0x08002f9b   Thumb Code   278  stm32f10x_gpio.o(i.GPIO_Init)
    GPIO_ReadInputDataBit                    0x080030b1   Thumb Code    18  stm32f10x_gpio.o(i.GPIO_ReadInputDataBit)
    GPIO_ResetBits                           0x080030c3   Thumb Code     4  stm32f10x_gpio.o(i.GPIO_ResetBits)
    GPIO_SetBits                             0x080030c7   Thumb Code     4  stm32f10x_gpio.o(i.GPIO_SetBits)
    I2C_AcknowledgeConfig                    0x080030cb   Thumb Code    24  stm32f10x_i2c.o(i.I2C_AcknowledgeConfig)
    I2C_CheckEvent                           0x080030e3   Thumb Code    42  stm32f10x_i2c.o(i.I2C_CheckEvent)
    I2C_Cmd                                  0x0800310d   Thumb Code    24  stm32f10x_i2c.o(i.I2C_Cmd)
    I2C_DeInit                               0x08003125   Thumb Code    50  stm32f10x_i2c.o(i.I2C_DeInit)
    I2C_GenerateSTART                        0x0800315d   Thumb Code    24  stm32f10x_i2c.o(i.I2C_GenerateSTART)
    I2C_GenerateSTOP                         0x08003175   Thumb Code    24  stm32f10x_i2c.o(i.I2C_GenerateSTOP)
    I2C_GetFlagStatus                        0x0800318d   Thumb Code    58  stm32f10x_i2c.o(i.I2C_GetFlagStatus)
    I2C_Init                                 0x080031c9   Thumb Code   222  stm32f10x_i2c.o(i.I2C_Init)
    I2C_ReceiveData                          0x080032b5   Thumb Code     8  stm32f10x_i2c.o(i.I2C_ReceiveData)
    I2C_Send7bitAddress                      0x080032bd   Thumb Code    18  stm32f10x_i2c.o(i.I2C_Send7bitAddress)
    I2C_SendData                             0x080032cf   Thumb Code     4  stm32f10x_i2c.o(i.I2C_SendData)
    I2C_StructInit                           0x080032d3   Thumb Code    30  stm32f10x_i2c.o(i.I2C_StructInit)
    PWR_BackupAccessCmd                      0x080032f1   Thumb Code     6  stm32f10x_pwr.o(i.PWR_BackupAccessCmd)
    RCC_APB1PeriphClockCmd                   0x080032fd   Thumb Code    26  stm32f10x_rcc.o(i.RCC_APB1PeriphClockCmd)
    RCC_APB1PeriphResetCmd                   0x0800331d   Thumb Code    26  stm32f10x_rcc.o(i.RCC_APB1PeriphResetCmd)
    RCC_APB2PeriphClockCmd                   0x0800333d   Thumb Code    26  stm32f10x_rcc.o(i.RCC_APB2PeriphClockCmd)
    RCC_GetClocksFreq                        0x0800335d   Thumb Code   192  stm32f10x_rcc.o(i.RCC_GetClocksFreq)
    RCC_GetFlagStatus                        0x08003431   Thumb Code    56  stm32f10x_rcc.o(i.RCC_GetFlagStatus)
    RCC_LSEConfig                            0x0800346d   Thumb Code    46  stm32f10x_rcc.o(i.RCC_LSEConfig)
    RCC_LSICmd                               0x080034a1   Thumb Code     6  stm32f10x_rcc.o(i.RCC_LSICmd)
    RCC_RTCCLKCmd                            0x080034ad   Thumb Code     6  stm32f10x_rcc.o(i.RCC_RTCCLKCmd)
    RCC_RTCCLKConfig                         0x080034b9   Thumb Code    12  stm32f10x_rcc.o(i.RCC_RTCCLKConfig)
    RTC_EnterConfigMode                      0x080034c9   Thumb Code    14  stm32f10x_rtc.o(i.RTC_EnterConfigMode)
    RTC_ExitConfigMode                       0x080034dd   Thumb Code    16  stm32f10x_rtc.o(i.RTC_ExitConfigMode)
    RTC_GetCounter                           0x080034f1   Thumb Code    16  stm32f10x_rtc.o(i.RTC_GetCounter)
    RTC_SetCounter                           0x08003505   Thumb Code    24  stm32f10x_rtc.o(i.RTC_SetCounter)
    RTC_SetPrescaler                         0x08003521   Thumb Code    26  stm32f10x_rtc.o(i.RTC_SetPrescaler)
    RTC_WaitForLastTask                      0x08003541   Thumb Code    16  stm32f10x_rtc.o(i.RTC_WaitForLastTask)
    RTC_WaitForSynchro                       0x08003555   Thumb Code    30  stm32f10x_rtc.o(i.RTC_WaitForSynchro)
    SystemInit                               0x08003661   Thumb Code    78  system_stm32f10x.o(i.SystemInit)
    USART_Cmd                                0x080036c1   Thumb Code    24  stm32f10x_usart.o(i.USART_Cmd)
    USART_GetFlagStatus                      0x080036d9   Thumb Code    26  stm32f10x_usart.o(i.USART_GetFlagStatus)
    USART_Init                               0x080036f5   Thumb Code   210  stm32f10x_usart.o(i.USART_Init)
    USART_ReceiveData                        0x080037cd   Thumb Code    10  stm32f10x_usart.o(i.USART_ReceiveData)
    USART_SendData                           0x080037d7   Thumb Code     8  stm32f10x_usart.o(i.USART_SendData)
    USART_StructInit                         0x080037df   Thumb Code    24  stm32f10x_usart.o(i.USART_StructInit)
    __ARM_fpclassify                         0x080037f7   Thumb Code    40  fpclassify.o(i.__ARM_fpclassify)
    __mathlib_dbl_overflow                   0x0800381f   Thumb Code    14  dunder.o(i.__mathlib_dbl_overflow)
    __mathlib_dbl_underflow                  0x0800382d   Thumb Code    10  dunder.o(i.__mathlib_dbl_underflow)
    __mathlib_narrow                         0x0800383d   Thumb Code    16  narrow.o(i.__mathlib_narrow)
    __mathlib_tofloat                        0x0800384d   Thumb Code   184  narrow.o(i.__mathlib_tofloat)
    __support_ldexp                          0x08003909   Thumb Code    22  ldexp.o(i.__support_ldexp)
    _is_digit                                0x0800391f   Thumb Code    14  __printf_wp.o(i._is_digit)
    alarm_service_init                       0x08003a49   Thumb Code     8  alarm_service.o(i.alarm_service_init)
    alarm_service_is_active                  0x08003a55   Thumb Code     6  alarm_service.o(i.alarm_service_is_active)
    alarm_service_update                     0x08003a61   Thumb Code    66  alarm_service.o(i.alarm_service_update)
    app_main_init                            0x08003aa9   Thumb Code   168  app_main.o(i.app_main_init)
    app_main_loop                            0x08003b95   Thumb Code   440  app_main.o(i.app_main_loop)
    bsp_buzzer_init                          0x08003e1d   Thumb Code    56  bsp_buzzer.o(i.bsp_buzzer_init)
    bsp_buzzer_set                           0x08003e5d   Thumb Code    34  bsp_buzzer.o(i.bsp_buzzer_set)
    bsp_ds18b20_init                         0x08003e89   Thumb Code    40  bsp_ds18b20.o(i.bsp_ds18b20_init)
    bsp_ds18b20_read_c                       0x08003eb5   Thumb Code    34  bsp_ds18b20.o(i.bsp_ds18b20_read_c)
    bsp_eeprom_init                          0x08003ee1   Thumb Code   110  bsp_eeprom.o(i.bsp_eeprom_init)
    bsp_eeprom_read                          0x08003f5d   Thumb Code   268  bsp_eeprom.o(i.bsp_eeprom_read)
    bsp_eeprom_write                         0x08004075   Thumb Code   238  bsp_eeprom.o(i.bsp_eeprom_write)
    bsp_key_get_state                        0x08004171   Thumb Code    70  bsp_key.o(i.bsp_key_get_state)
    bsp_key_init                             0x080041bd   Thumb Code    38  bsp_key.o(i.bsp_key_init)
    bsp_oled_clear                           0x080041e9   Thumb Code    28  bsp_oled.o(i.bsp_oled_clear)
    bsp_oled_draw_text                       0x08004209   Thumb Code    58  bsp_oled.o(i.bsp_oled_draw_text)
    bsp_oled_init                            0x08004249   Thumb Code   312  bsp_oled.o(i.bsp_oled_init)
    bsp_oled_refresh                         0x08004391   Thumb Code   114  bsp_oled.o(i.bsp_oled_refresh)
    bsp_relay_init                           0x08004409   Thumb Code    56  bsp_relay.o(i.bsp_relay_init)
    bsp_relay_set                            0x08004449   Thumb Code    34  bsp_relay.o(i.bsp_relay_set)
    bsp_rtc_get_minutes_of_day               0x08004475   Thumb Code    38  bsp_rtc.o(i.bsp_rtc_get_minutes_of_day)
    bsp_rtc_init                             0x080044a1   Thumb Code    42  bsp_rtc.o(i.bsp_rtc_init)
    bsp_uart_init                            0x080044cd   Thumb Code   116  bsp_uart.o(i.bsp_uart_init)
    bsp_uart_read_line                       0x08004555   Thumb Code    68  bsp_uart.o(i.bsp_uart_read_line)
    bsp_uart_write                           0x080045a5   Thumb Code    56  bsp_uart.o(i.bsp_uart_write)
    debug_log_error                          0x08004685   Thumb Code    32  debug_log.o(i.debug_log_error)
    debug_log_info                           0x080046a9   Thumb Code    32  debug_log.o(i.debug_log_info)
    debug_log_init                           0x080046cd   Thumb Code     2  debug_log.o(i.debug_log_init)
    debug_log_warn                           0x08004721   Thumb Code    32  debug_log.o(i.debug_log_warn)
    frexp                                    0x08004825   Thumb Code    80  frexp.o(i.frexp)
    heater_ctrl_force_off                    0x0800552d   Thumb Code    28  heater_ctrl.o(i.heater_ctrl_force_off)
    heater_ctrl_get_state                    0x08005559   Thumb Code     6  heater_ctrl.o(i.heater_ctrl_get_state)
    heater_ctrl_init                         0x08005565   Thumb Code    46  heater_ctrl.o(i.heater_ctrl_init)
    heater_ctrl_set_output_percent           0x080055ad   Thumb Code    34  heater_ctrl.o(i.heater_ctrl_set_output_percent)
    heater_ctrl_update_1ms                   0x080055d9   Thumb Code   164  heater_ctrl.o(i.heater_ctrl_update_1ms)
    ldexp                                    0x080056e9   Thumb Code   116  ldexp.o(i.ldexp)
    log_service_clear                        0x080057e9   Thumb Code    12  log_service.o(i.log_service_clear)
    log_service_count                        0x080057fd   Thumb Code     6  log_service.o(i.log_service_count)
    log_service_get                          0x08005809   Thumb Code    66  log_service.o(i.log_service_get)
    log_service_init                         0x08005859   Thumb Code    16  log_service.o(i.log_service_init)
    log_service_push                         0x08005875   Thumb Code   102  log_service.o(i.log_service_push)
    main                                     0x080058ed   Thumb Code    12  main.o(i.main)
    param_store_get                          0x08005bc9   Thumb Code     4  param_store.o(i.param_store_get)
    param_store_get_mutable                  0x08005bd1   Thumb Code     4  param_store.o(i.param_store_get_mutable)
    param_store_init                         0x08005bd9   Thumb Code    40  param_store.o(i.param_store_init)
    param_store_load_defaults                0x08005c0d   Thumb Code    50  param_store.o(i.param_store_load_defaults)
    param_store_save                         0x08005c51   Thumb Code   100  param_store.o(i.param_store_save)
    param_store_tick_1s                      0x08005cc1   Thumb Code    48  param_store.o(i.param_store_tick_1s)
    pid_init                                 0x08005cfd   Thumb Code    40  pid_ctrl.o(i.pid_init)
    pid_step                                 0x08005d29   Thumb Code   274  pid_ctrl.o(i.pid_step)
    protocol_export_init                     0x080060dd   Thumb Code     8  protocol_export.o(i.protocol_export_init)
    protocol_export_process                  0x080060e5   Thumb Code   322  protocol_export.o(i.protocol_export_process)
    schedule_service_heating_allowed         0x080069b1   Thumb Code     6  schedule_service.o(i.schedule_service_heating_allowed)
    schedule_service_init                    0x080069bd   Thumb Code    24  schedule_service.o(i.schedule_service_init)
    schedule_service_set_config              0x080069dd   Thumb Code    56  schedule_service.o(i.schedule_service_set_config)
    schedule_service_update                  0x08006a19   Thumb Code    50  schedule_service.o(i.schedule_service_update)
    scheduler_init                           0x08006a55   Thumb Code    20  scheduler.o(i.scheduler_init)
    scheduler_now_ms                         0x08006a79   Thumb Code     6  scheduler.o(i.scheduler_now_ms)
    scheduler_poll                           0x08006a85   Thumb Code    76  scheduler.o(i.scheduler_poll)
    scheduler_tick_1ms                       0x08006ae1   Thumb Code    12  scheduler.o(i.scheduler_tick_1ms)
    temp_manager_get_snapshot                0x08006ca5   Thumb Code     4  temp_manager.o(i.temp_manager_get_snapshot)
    temp_manager_init                        0x08006cad   Thumb Code   106  temp_manager.o(i.temp_manager_init)
    temp_manager_update                      0x08006d31   Thumb Code   468  temp_manager.o(i.temp_manager_update)
    ui_service_init                          0x08007015   Thumb Code   200  ui_service.o(i.ui_service_init)
    ui_service_tick_100ms                    0x080070e1   Thumb Code    96  ui_service.o(i.ui_service_tick_100ms)
    ui_service_tick_200ms                    0x08007145   Thumb Code    70  ui_service.o(i.ui_service_tick_200ms)
    _get_lc_numeric                          0x08007201   Thumb Code    44  lc_numeric_c.o(locale$$code)
    _get_lc_ctype                            0x0800722d   Thumb Code    44  lc_ctype_c.o(locale$$code)
    __aeabi_d2f                              0x08007259   Thumb Code     0  d2f.o(x$fpl$d2f)
    _d2f                                     0x08007259   Thumb Code    98  d2f.o(x$fpl$d2f)
    __fpl_dcheck_NaN1                        0x080072bd   Thumb Code    10  dcheck1.o(x$fpl$dcheck1)
    __fpl_dcmp_Inf                           0x080072cd   Thumb Code    24  dcmpi.o(x$fpl$dcmpinf)
    __aeabi_cdcmpeq                          0x080072e5   Thumb Code     0  deqf.o(x$fpl$deqf)
    _dcmpeq                                  0x080072e5   Thumb Code   120  deqf.o(x$fpl$deqf)
    __aeabi_cdcmple                          0x0800735d   Thumb Code     0  dleqf.o(x$fpl$dleqf)
    _dcmple                                  0x0800735d   Thumb Code   120  dleqf.o(x$fpl$dleqf)
    __fpl_dcmple_InfNaN                      0x080073bf   Thumb Code     0  dleqf.o(x$fpl$dleqf)
    __fpl_dnaninf                            0x080073d5   Thumb Code   156  dnaninf.o(x$fpl$dnaninf)
    __fpl_dretinf                            0x08007471   Thumb Code    12  dretinf.o(x$fpl$dretinf)
    __aeabi_cdrcmple                         0x0800747d   Thumb Code     0  drleqf.o(x$fpl$drleqf)
    _drcmple                                 0x0800747d   Thumb Code   108  drleqf.o(x$fpl$drleqf)
    __aeabi_f2d                              0x080074e9   Thumb Code     0  f2d.o(x$fpl$f2d)
    _f2d                                     0x080074e9   Thumb Code    86  f2d.o(x$fpl$f2d)
    __aeabi_fadd                             0x08007541   Thumb Code     0  faddsub_clz.o(x$fpl$fadd)
    _fadd                                    0x08007541   Thumb Code   196  faddsub_clz.o(x$fpl$fadd)
    __fpl_fcmp_Inf                           0x08007605   Thumb Code    24  fcmpi.o(x$fpl$fcmpinf)
    __aeabi_fdiv                             0x0800761d   Thumb Code     0  fdiv.o(x$fpl$fdiv)
    _fdiv                                    0x0800761d   Thumb Code   384  fdiv.o(x$fpl$fdiv)
    __aeabi_cfcmpeq                          0x080077a1   Thumb Code     0  feqf.o(x$fpl$feqf)
    _fcmpeq                                  0x080077a1   Thumb Code   104  feqf.o(x$fpl$feqf)
    __aeabi_f2uiz                            0x08007809   Thumb Code     0  ffixu.o(x$fpl$ffixu)
    _ffixu                                   0x08007809   Thumb Code    62  ffixu.o(x$fpl$ffixu)
    __aeabi_i2f                              0x08007849   Thumb Code     0  fflt_clz.o(x$fpl$fflt)
    _fflt                                    0x08007849   Thumb Code    48  fflt_clz.o(x$fpl$fflt)
    __aeabi_ui2f                             0x08007879   Thumb Code     0  fflt_clz.o(x$fpl$ffltu)
    _ffltu                                   0x08007879   Thumb Code    38  fflt_clz.o(x$fpl$ffltu)
    __aeabi_cfcmple                          0x080078a1   Thumb Code     0  fleqf.o(x$fpl$fleqf)
    _fcmple                                  0x080078a1   Thumb Code   104  fleqf.o(x$fpl$fleqf)
    __fpl_fcmple_InfNaN                      0x080078f3   Thumb Code     0  fleqf.o(x$fpl$fleqf)
    __aeabi_fmul                             0x08007909   Thumb Code     0  fmul.o(x$fpl$fmul)
    _fmul                                    0x08007909   Thumb Code   258  fmul.o(x$fpl$fmul)
    __fpl_fnaninf                            0x08007a0b   Thumb Code   140  fnaninf.o(x$fpl$fnaninf)
    __fpl_fretinf                            0x08007a97   Thumb Code    10  fretinf.o(x$fpl$fretinf)
    __aeabi_cfrcmple                         0x08007aa1   Thumb Code     0  frleqf.o(x$fpl$frleqf)
    _frcmple                                 0x08007aa1   Thumb Code    98  frleqf.o(x$fpl$frleqf)
    __aeabi_fsub                             0x08007b05   Thumb Code     0  faddsub_clz.o(x$fpl$fsub)
    _fsub                                    0x08007b05   Thumb Code   234  faddsub_clz.o(x$fpl$fsub)
    __ieee_status                            0x08007bef   Thumb Code     6  istatus.o(x$fpl$ieeestatus)
    _printf_fp_dec                           0x08007bf5   Thumb Code     4  printf1.o(x$fpl$printf1)
    _printf_fp_hex                           0x08007bf9   Thumb Code     4  printf2.o(x$fpl$printf2)
    __fpl_return_NaN                         0x08007bfd   Thumb Code   100  retnan.o(x$fpl$retnan)
    __ARM_scalbn                             0x08007c61   Thumb Code    92  scalbn.o(x$fpl$scalbn)
    _scanf_real                              0x08007cbd   Thumb Code     4  scanf1.o(x$fpl$scanf1)
    _scanf_hex_real                          0x08007cc1   Thumb Code     4  scanf2.o(x$fpl$scanf2)
    _scanf_infnan                            0x08007cc5   Thumb Code     4  scanf2.o(x$fpl$scanf2)
    __fpl_cmpreturn                          0x08007cc9   Thumb Code    48  trapv.o(x$fpl$trapveneer)
    __I$use$fp                               0x08007cf8   Number         0  usenofp.o(x$fpl$usenofp)
    Region$$Table$$Base                      0x08007e88   Number         0  anon$$obj.o(Region$$Table)
    Region$$Table$$Limit                     0x08007ea8   Number         0  anon$$obj.o(Region$$Table)
    __aeabi_HUGE_VAL                         0x08007ea8   Data           0  fpconst.o(c$$dinf)
    __aeabi_HUGE_VALL                        0x08007ea8   Data           0  fpconst.o(c$$dinf)
    __aeabi_INFINITY                         0x08007ea8   Data           0  fpconst.o(c$$dinf)
    __dInf                                   0x08007ea8   Data           0  fpconst.o(c$$dinf)
    __huge_val                               0x08007ea8   Data           0  fpconst.o(c$$dinf)
    __dbl_max                                0x08007eb0   Data           0  fpconst.o(c$$dmax)
    __ctype                                  0x08007ee1   Data           0  lc_ctype_c.o(locale$$data)
    __libspace_start                         0x20004b68   Data          96  libspace.o(.bss)
    __temporary_stack_top$libspace           0x20004bc8   Data           0  libspace.o(.bss)



==============================================================================

Memory Map of the image

  Image Entry point : 0x08000235

  Load Region LR_1 (Base: 0x08000000, Size: 0x00008068, Max: 0xffffffff, ABSOLUTE)

    Execution Region ER_RO (Exec base: 0x08000000, Load base: 0x08000000, Size: 0x00007fe4, Max: 0xffffffff, ABSOLUTE)

    Exec Addr    Load Addr    Size         Type   Attr      Idx    E Section Name        Object

    0x08000000   0x08000000   0x000000ec   Data   RO         1235    RESET               startup_stm32f10x_md.o
    0x080000ec   0x080000ec   0x00000008   Code   RO         4305  * !!!main             c_w.l(__main.o)
    0x080000f4   0x080000f4   0x00000034   Code   RO         4741    !!!scatter          c_w.l(__scatter.o)
    0x08000128   0x08000128   0x0000001a   Code   RO         4743    !!handler_copy      c_w.l(__scatter_copy.o)
    0x08000142   0x08000142   0x00000002   PAD
    0x08000144   0x08000144   0x0000001c   Code   RO         4745    !!handler_zi        c_w.l(__scatter_zi.o)
    0x08000160   0x08000160   0x00000000   Code   RO         4284    .ARM.Collect$$_printf_percent$$00000000  c_w.l(_printf_percent.o)
    0x08000160   0x08000160   0x00000006   Code   RO         4391    .ARM.Collect$$_printf_percent$$00000001  c_w.l(_printf_n.o)
    0x08000166   0x08000166   0x00000006   Code   RO         4393    .ARM.Collect$$_printf_percent$$00000002  c_w.l(_printf_p.o)
    0x0800016c   0x0800016c   0x00000006   Code   RO         4283    .ARM.Collect$$_printf_percent$$00000003  c_w.l(_printf_f.o)
    0x08000172   0x08000172   0x00000006   Code   RO         4396    .ARM.Collect$$_printf_percent$$00000004  c_w.l(_printf_e.o)
    0x08000178   0x08000178   0x00000006   Code   RO         4397    .ARM.Collect$$_printf_percent$$00000005  c_w.l(_printf_g.o)
    0x0800017e   0x0800017e   0x00000006   Code   RO         4398    .ARM.Collect$$_printf_percent$$00000006  c_w.l(_printf_a.o)
    0x08000184   0x08000184   0x0000000a   Code   RO         4403    .ARM.Collect$$_printf_percent$$00000007  c_w.l(_printf_ll.o)
    0x0800018e   0x0800018e   0x00000006   Code   RO         4395    .ARM.Collect$$_printf_percent$$00000008  c_w.l(_printf_i.o)
    0x08000194   0x08000194   0x00000006   Code   RO         4281    .ARM.Collect$$_printf_percent$$00000009  c_w.l(_printf_d.o)
    0x0800019a   0x0800019a   0x00000006   Code   RO         4282    .ARM.Collect$$_printf_percent$$0000000A  c_w.l(_printf_u.o)
    0x080001a0   0x080001a0   0x00000006   Code   RO         4394    .ARM.Collect$$_printf_percent$$0000000B  c_w.l(_printf_o.o)
    0x080001a6   0x080001a6   0x00000006   Code   RO         4392    .ARM.Collect$$_printf_percent$$0000000C  c_w.l(_printf_x.o)
    0x080001ac   0x080001ac   0x00000006   Code   RO         4400    .ARM.Collect$$_printf_percent$$0000000D  c_w.l(_printf_lli.o)
    0x080001b2   0x080001b2   0x00000006   Code   RO         4401    .ARM.Collect$$_printf_percent$$0000000E  c_w.l(_printf_lld.o)
    0x080001b8   0x080001b8   0x00000006   Code   RO         4402    .ARM.Collect$$_printf_percent$$0000000F  c_w.l(_printf_llu.o)
    0x080001be   0x080001be   0x00000006   Code   RO         4407    .ARM.Collect$$_printf_percent$$00000010  c_w.l(_printf_llo.o)
    0x080001c4   0x080001c4   0x00000006   Code   RO         4408    .ARM.Collect$$_printf_percent$$00000011  c_w.l(_printf_llx.o)
    0x080001ca   0x080001ca   0x0000000a   Code   RO         4404    .ARM.Collect$$_printf_percent$$00000012  c_w.l(_printf_l.o)
    0x080001d4   0x080001d4   0x00000006   Code   RO         4390    .ARM.Collect$$_printf_percent$$00000013  c_w.l(_printf_c.o)
    0x080001da   0x080001da   0x00000006   Code   RO         4280    .ARM.Collect$$_printf_percent$$00000014  c_w.l(_printf_s.o)
    0x080001e0   0x080001e0   0x00000006   Code   RO         4405    .ARM.Collect$$_printf_percent$$00000015  c_w.l(_printf_lc.o)
    0x080001e6   0x080001e6   0x00000006   Code   RO         4406    .ARM.Collect$$_printf_percent$$00000016  c_w.l(_printf_ls.o)
    0x080001ec   0x080001ec   0x00000004   Code   RO         4399    .ARM.Collect$$_printf_percent$$00000017  c_w.l(_printf_percent_end.o)
    0x080001f0   0x080001f0   0x00000002   Code   RO         4546    .ARM.Collect$$libinit$$00000000  c_w.l(libinit.o)
    0x080001f2   0x080001f2   0x00000000   Code   RO         4548    .ARM.Collect$$libinit$$00000002  c_w.l(libinit2.o)
    0x080001f2   0x080001f2   0x00000000   Code   RO         4550    .ARM.Collect$$libinit$$00000004  c_w.l(libinit2.o)
    0x080001f2   0x080001f2   0x00000000   Code   RO         4553    .ARM.Collect$$libinit$$0000000A  c_w.l(libinit2.o)
    0x080001f2   0x080001f2   0x00000000   Code   RO         4555    .ARM.Collect$$libinit$$0000000C  c_w.l(libinit2.o)
    0x080001f2   0x080001f2   0x00000000   Code   RO         4557    .ARM.Collect$$libinit$$0000000E  c_w.l(libinit2.o)
    0x080001f2   0x080001f2   0x00000006   Code   RO         4558    .ARM.Collect$$libinit$$0000000F  c_w.l(libinit2.o)
    0x080001f8   0x080001f8   0x00000000   Code   RO         4560    .ARM.Collect$$libinit$$00000011  c_w.l(libinit2.o)
    0x080001f8   0x080001f8   0x0000000c   Code   RO         4561    .ARM.Collect$$libinit$$00000012  c_w.l(libinit2.o)
    0x08000204   0x08000204   0x00000000   Code   RO         4562    .ARM.Collect$$libinit$$00000013  c_w.l(libinit2.o)
    0x08000204   0x08000204   0x00000000   Code   RO         4564    .ARM.Collect$$libinit$$00000015  c_w.l(libinit2.o)
    0x08000204   0x08000204   0x0000000a   Code   RO         4565    .ARM.Collect$$libinit$$00000016  c_w.l(libinit2.o)
    0x0800020e   0x0800020e   0x00000000   Code   RO         4566    .ARM.Collect$$libinit$$00000017  c_w.l(libinit2.o)
    0x0800020e   0x0800020e   0x00000000   Code   RO         4568    .ARM.Collect$$libinit$$00000019  c_w.l(libinit2.o)
    0x0800020e   0x0800020e   0x00000000   Code   RO         4570    .ARM.Collect$$libinit$$0000001B  c_w.l(libinit2.o)
    0x0800020e   0x0800020e   0x00000000   Code   RO         4572    .ARM.Collect$$libinit$$0000001D  c_w.l(libinit2.o)
    0x0800020e   0x0800020e   0x00000000   Code   RO         4574    .ARM.Collect$$libinit$$0000001F  c_w.l(libinit2.o)
    0x0800020e   0x0800020e   0x00000000   Code   RO         4576    .ARM.Collect$$libinit$$00000021  c_w.l(libinit2.o)
    0x0800020e   0x0800020e   0x00000000   Code   RO         4578    .ARM.Collect$$libinit$$00000023  c_w.l(libinit2.o)
    0x0800020e   0x0800020e   0x00000000   Code   RO         4580    .ARM.Collect$$libinit$$00000025  c_w.l(libinit2.o)
    0x0800020e   0x0800020e   0x00000000   Code   RO         4584    .ARM.Collect$$libinit$$0000002C  c_w.l(libinit2.o)
    0x0800020e   0x0800020e   0x00000000   Code   RO         4586    .ARM.Collect$$libinit$$0000002E  c_w.l(libinit2.o)
    0x0800020e   0x0800020e   0x00000000   Code   RO         4588    .ARM.Collect$$libinit$$00000030  c_w.l(libinit2.o)
    0x0800020e   0x0800020e   0x00000000   Code   RO         4590    .ARM.Collect$$libinit$$00000032  c_w.l(libinit2.o)
    0x0800020e   0x0800020e   0x00000002   Code   RO         4591    .ARM.Collect$$libinit$$00000033  c_w.l(libinit2.o)
    0x08000210   0x08000210   0x00000002   Code   RO         4673    .ARM.Collect$$libshutdown$$00000000  c_w.l(libshutdown.o)
    0x08000212   0x08000212   0x00000000   Code   RO         4698    .ARM.Collect$$libshutdown$$00000002  c_w.l(libshutdown2.o)
    0x08000212   0x08000212   0x00000000   Code   RO         4700    .ARM.Collect$$libshutdown$$00000004  c_w.l(libshutdown2.o)
    0x08000212   0x08000212   0x00000000   Code   RO         4703    .ARM.Collect$$libshutdown$$00000007  c_w.l(libshutdown2.o)
    0x08000212   0x08000212   0x00000000   Code   RO         4706    .ARM.Collect$$libshutdown$$0000000A  c_w.l(libshutdown2.o)
    0x08000212   0x08000212   0x00000000   Code   RO         4708    .ARM.Collect$$libshutdown$$0000000C  c_w.l(libshutdown2.o)
    0x08000212   0x08000212   0x00000000   Code   RO         4711    .ARM.Collect$$libshutdown$$0000000F  c_w.l(libshutdown2.o)
    0x08000212   0x08000212   0x00000002   Code   RO         4712    .ARM.Collect$$libshutdown$$00000010  c_w.l(libshutdown2.o)
    0x08000214   0x08000214   0x00000000   Code   RO         4341    .ARM.Collect$$rtentry$$00000000  c_w.l(__rtentry.o)
    0x08000214   0x08000214   0x00000000   Code   RO         4435    .ARM.Collect$$rtentry$$00000002  c_w.l(__rtentry2.o)
    0x08000214   0x08000214   0x00000006   Code   RO         4447    .ARM.Collect$$rtentry$$00000004  c_w.l(__rtentry4.o)
    0x0800021a   0x0800021a   0x00000000   Code   RO         4437    .ARM.Collect$$rtentry$$00000009  c_w.l(__rtentry2.o)
    0x0800021a   0x0800021a   0x00000004   Code   RO         4438    .ARM.Collect$$rtentry$$0000000A  c_w.l(__rtentry2.o)
    0x0800021e   0x0800021e   0x00000000   Code   RO         4440    .ARM.Collect$$rtentry$$0000000C  c_w.l(__rtentry2.o)
    0x0800021e   0x0800021e   0x00000008   Code   RO         4441    .ARM.Collect$$rtentry$$0000000D  c_w.l(__rtentry2.o)
    0x08000226   0x08000226   0x00000002   Code   RO         4602    .ARM.Collect$$rtexit$$00000000  c_w.l(rtexit.o)
    0x08000228   0x08000228   0x00000000   Code   RO         4634    .ARM.Collect$$rtexit$$00000002  c_w.l(rtexit2.o)
    0x08000228   0x08000228   0x00000004   Code   RO         4635    .ARM.Collect$$rtexit$$00000003  c_w.l(rtexit2.o)
    0x0800022c   0x0800022c   0x00000006   Code   RO         4636    .ARM.Collect$$rtexit$$00000004  c_w.l(rtexit2.o)
    0x08000232   0x08000232   0x00000002   PAD
    0x08000234   0x08000234   0x00000040   Code   RO         1236  * .text               startup_stm32f10x_md.o
    0x08000274   0x08000274   0x00000034   Code   RO         4246    .text               c_w.l(vsnprintf.o)
    0x080002a8   0x080002a8   0x00000038   Code   RO         4248    .text               c_w.l(__2snprintf.o)
    0x080002e0   0x080002e0   0x0000004e   Code   RO         4254    .text               c_w.l(_printf_pad.o)
    0x0800032e   0x0800032e   0x00000052   Code   RO         4256    .text               c_w.l(_printf_str.o)
    0x08000380   0x08000380   0x00000078   Code   RO         4258    .text               c_w.l(_printf_dec.o)
    0x080003f8   0x080003f8   0x00000188   Code   RO         4277    .text               c_w.l(__printf_flags_ss_wp.o)
    0x08000580   0x08000580   0x0000003c   Code   RO         4285    .text               c_w.l(__0sscanf.o)
    0x080005bc   0x080005bc   0x0000014c   Code   RO         4287    .text               c_w.l(_scanf_int.o)
    0x08000708   0x08000708   0x00000058   Code   RO         4289    .text               c_w.l(memcmp.o)
    0x08000760   0x08000760   0x00000096   Code   RO         4291    .text               c_w.l(strncmp.o)
    0x080007f6   0x080007f6   0x0000008a   Code   RO         4293    .text               c_w.l(rt_memcpy_v6.o)
    0x08000880   0x08000880   0x00000064   Code   RO         4295    .text               c_w.l(rt_memcpy_w.o)
    0x080008e4   0x080008e4   0x00000010   Code   RO         4297    .text               c_w.l(aeabi_memset.o)
    0x080008f4   0x080008f4   0x00000056   Code   RO         4299    .text               c_w.l(strncpy.o)
    0x0800094a   0x0800094a   0x00000002   PAD
    0x0800094c   0x0800094c   0x00000080   Code   RO         4301    .text               c_w.l(strcmpv7m.o)
    0x080009cc   0x080009cc   0x00000006   Code   RO         4303    .text               c_w.l(heapauxi.o)
    0x080009d2   0x080009d2   0x00000024   Code   RO         4342    .text               c_w.l(_printf_truncate.o)
    0x080009f6   0x080009f6   0x000000b2   Code   RO         4344    .text               c_w.l(_printf_intcommon.o)
    0x08000aa8   0x08000aa8   0x00000028   Code   RO         4346    .text               c_w.l(_printf_charcount.o)
    0x08000ad0   0x08000ad0   0x0000041e   Code   RO         4348    .text               c_w.l(_printf_fp_dec.o)
    0x08000eee   0x08000eee   0x00000002   PAD
    0x08000ef0   0x08000ef0   0x00000030   Code   RO         4350    .text               c_w.l(_printf_char_common.o)
    0x08000f20   0x08000f20   0x0000000a   Code   RO         4352    .text               c_w.l(_sputc.o)
    0x08000f2a   0x08000f2a   0x00000010   Code   RO         4354    .text               c_w.l(_snputc.o)
    0x08000f3a   0x08000f3a   0x0000002c   Code   RO         4356    .text               c_w.l(_printf_char.o)
    0x08000f66   0x08000f66   0x00000002   PAD
    0x08000f68   0x08000f68   0x000000bc   Code   RO         4358    .text               c_w.l(_printf_wctomb.o)
    0x08001024   0x08001024   0x0000007c   Code   RO         4361    .text               c_w.l(_printf_longlong_dec.o)
    0x080010a0   0x080010a0   0x00000070   Code   RO         4367    .text               c_w.l(_printf_oct_int_ll.o)
    0x08001110   0x08001110   0x00000094   Code   RO         4387    .text               c_w.l(_printf_hex_int_ll_ptr.o)
    0x080011a4   0x080011a4   0x0000001c   Code   RO         4409    .text               c_w.l(_chval.o)
    0x080011c0   0x080011c0   0x000004f8   Code   RO         4411    .text               c_w.l(scanf_fp.o)
    0x080016b8   0x080016b8   0x0000002c   Code   RO         4413    .text               c_w.l(scanf_char.o)
    0x080016e4   0x080016e4   0x00000040   Code   RO         4415    .text               c_w.l(_sgetc.o)
    0x08001724   0x08001724   0x00000044   Code   RO         4417    .text               c_w.l(rt_memclr.o)
    0x08001768   0x08001768   0x00000008   Code   RO         4452    .text               c_w.l(rt_locale_intlibspace.o)
    0x08001770   0x08001770   0x00000008   Code   RO         4457    .text               c_w.l(rt_errno_addr_intlibspace.o)
    0x08001778   0x08001778   0x0000008a   Code   RO         4459    .text               c_w.l(lludiv10.o)
    0x08001802   0x08001802   0x00000012   Code   RO         4461    .text               c_w.l(isspace.o)
    0x08001814   0x08001814   0x000002fc   Code   RO         4463    .text               c_w.l(_printf_fp_hex.o)
    0x08001b10   0x08001b10   0x00000080   Code   RO         4466    .text               c_w.l(_printf_fp_infnan.o)
    0x08001b90   0x08001b90   0x0000002c   Code   RO         4470    .text               c_w.l(_printf_wchar.o)
    0x08001bbc   0x08001bbc   0x00000374   Code   RO         4472    .text               c_w.l(_scanf.o)
    0x08001f30   0x08001f30   0x000000e4   Code   RO         4474    .text               c_w.l(bigflt0.o)
    0x08002014   0x08002014   0x00000040   Code   RO         4499    .text               c_w.l(_wcrtomb.o)
    0x08002054   0x08002054   0x0000004e   Code   RO         4504    .text               c_w.l(rt_memclr_w.o)
    0x080020a2   0x080020a2   0x00000002   PAD
    0x080020a4   0x080020a4   0x00000008   Code   RO         4526    .text               c_w.l(libspace.o)
    0x080020ac   0x080020ac   0x0000004a   Code   RO         4529    .text               c_w.l(sys_stackheap_outer.o)
    0x080020f6   0x080020f6   0x00000002   PAD
    0x080020f8   0x080020f8   0x00000010   Code   RO         4531    .text               c_w.l(rt_ctype_table.o)
    0x08002108   0x08002108   0x00000016   Code   RO         4533    .text               c_w.l(_rserrno.o)
    0x0800211e   0x0800211e   0x00000002   PAD
    0x08002120   0x08002120   0x00000320   Code   RO         4535    .text               c_w.l(scanf_hexfp.o)
    0x08002440   0x08002440   0x00000134   Code   RO         4537    .text               c_w.l(scanf_infnan.o)
    0x08002574   0x08002574   0x00000012   Code   RO         4539    .text               c_w.l(exit.o)
    0x08002586   0x08002586   0x00000026   Code   RO         4604    .text               c_w.l(llshl.o)
    0x080025ac   0x080025ac   0x0000000c   Code   RO         4663    .text               c_w.l(sys_exit.o)
    0x080025b8   0x080025b8   0x00000002   Code   RO         4688    .text               c_w.l(use_no_semi.o)
    0x080025ba   0x080025ba   0x00000000   Code   RO         4690    .text               c_w.l(indicate_semi.o)
    0x080025ba   0x080025ba   0x0000003e   Code   RO         4477    CL$$btod_d2e        c_w.l(btod.o)
    0x080025f8   0x080025f8   0x00000046   Code   RO         4479    CL$$btod_d2e_denorm_low  c_w.l(btod.o)
    0x0800263e   0x0800263e   0x00000060   Code   RO         4478    CL$$btod_d2e_norm_op1  c_w.l(btod.o)
    0x0800269e   0x0800269e   0x00000338   Code   RO         4487    CL$$btod_div_common  c_w.l(btod.o)
    0x080029d6   0x080029d6   0x00000002   PAD
    0x080029d8   0x080029d8   0x00000084   Code   RO         4485    CL$$btod_e2d        c_w.l(btod.o)
    0x08002a5c   0x08002a5c   0x000000dc   Code   RO         4484    CL$$btod_e2e        c_w.l(btod.o)
    0x08002b38   0x08002b38   0x0000002a   Code   RO         4481    CL$$btod_ediv       c_w.l(btod.o)
    0x08002b62   0x08002b62   0x0000002a   Code   RO         4483    CL$$btod_edivd      c_w.l(btod.o)
    0x08002b8c   0x08002b8c   0x0000002a   Code   RO         4480    CL$$btod_emul       c_w.l(btod.o)
    0x08002bb6   0x08002bb6   0x0000002a   Code   RO         4482    CL$$btod_emuld      c_w.l(btod.o)
    0x08002be0   0x08002be0   0x00000244   Code   RO         4486    CL$$btod_mult_common  c_w.l(btod.o)
    0x08002e24   0x08002e24   0x0000001c   Code   RO         1509    i.BKP_ReadBackupRegister  stm32f10x_bkp.o
    0x08002e40   0x08002e40   0x0000001c   Code   RO         1513    i.BKP_WriteBackupRegister  stm32f10x_bkp.o
    0x08002e5c   0x08002e5c   0x0000004c   Code   RO         2121    i.FLASH_ErasePage   stm32f10x_flash.o
    0x08002ea8   0x08002ea8   0x00000034   Code   RO         2122    i.FLASH_GetBank1Status  stm32f10x_flash.o
    0x08002edc   0x08002edc   0x00000014   Code   RO         2131    i.FLASH_Lock        stm32f10x_flash.o
    0x08002ef0   0x08002ef0   0x0000006c   Code   RO         2136    i.FLASH_ProgramWord  stm32f10x_flash.o
    0x08002f5c   0x08002f5c   0x00000018   Code   RO         2139    i.FLASH_Unlock      stm32f10x_flash.o
    0x08002f74   0x08002f74   0x00000026   Code   RO         2143    i.FLASH_WaitForLastOperation  stm32f10x_flash.o
    0x08002f9a   0x08002f9a   0x00000116   Code   RO         2419    i.GPIO_Init         stm32f10x_gpio.o
    0x080030b0   0x080030b0   0x00000012   Code   RO         2423    i.GPIO_ReadInputDataBit  stm32f10x_gpio.o
    0x080030c2   0x080030c2   0x00000004   Code   RO         2426    i.GPIO_ResetBits    stm32f10x_gpio.o
    0x080030c6   0x080030c6   0x00000004   Code   RO         2427    i.GPIO_SetBits      stm32f10x_gpio.o
    0x080030ca   0x080030ca   0x00000018   Code   RO         2528    i.I2C_AcknowledgeConfig  stm32f10x_i2c.o
    0x080030e2   0x080030e2   0x0000002a   Code   RO         2530    i.I2C_CheckEvent    stm32f10x_i2c.o
    0x0800310c   0x0800310c   0x00000018   Code   RO         2533    i.I2C_Cmd           stm32f10x_i2c.o
    0x08003124   0x08003124   0x00000038   Code   RO         2536    i.I2C_DeInit        stm32f10x_i2c.o
    0x0800315c   0x0800315c   0x00000018   Code   RO         2540    i.I2C_GenerateSTART  stm32f10x_i2c.o
    0x08003174   0x08003174   0x00000018   Code   RO         2541    i.I2C_GenerateSTOP  stm32f10x_i2c.o
    0x0800318c   0x0800318c   0x0000003a   Code   RO         2542    i.I2C_GetFlagStatus  stm32f10x_i2c.o
    0x080031c6   0x080031c6   0x00000002   PAD
    0x080031c8   0x080031c8   0x000000ec   Code   RO         2547    i.I2C_Init          stm32f10x_i2c.o
    0x080032b4   0x080032b4   0x00000008   Code   RO         2552    i.I2C_ReceiveData   stm32f10x_i2c.o
    0x080032bc   0x080032bc   0x00000012   Code   RO         2554    i.I2C_Send7bitAddress  stm32f10x_i2c.o
    0x080032ce   0x080032ce   0x00000004   Code   RO         2555    i.I2C_SendData      stm32f10x_i2c.o
    0x080032d2   0x080032d2   0x0000001e   Code   RO         2558    i.I2C_StructInit    stm32f10x_i2c.o
    0x080032f0   0x080032f0   0x0000000c   Code   RO         2776    i.PWR_BackupAccessCmd  stm32f10x_pwr.o
    0x080032fc   0x080032fc   0x00000020   Code   RO         2838    i.RCC_APB1PeriphClockCmd  stm32f10x_rcc.o
    0x0800331c   0x0800331c   0x00000020   Code   RO         2839    i.RCC_APB1PeriphResetCmd  stm32f10x_rcc.o
    0x0800333c   0x0800333c   0x00000020   Code   RO         2840    i.RCC_APB2PeriphClockCmd  stm32f10x_rcc.o
    0x0800335c   0x0800335c   0x000000d4   Code   RO         2848    i.RCC_GetClocksFreq  stm32f10x_rcc.o
    0x08003430   0x08003430   0x0000003c   Code   RO         2849    i.RCC_GetFlagStatus  stm32f10x_rcc.o
    0x0800346c   0x0800346c   0x00000034   Code   RO         2856    i.RCC_LSEConfig     stm32f10x_rcc.o
    0x080034a0   0x080034a0   0x0000000c   Code   RO         2857    i.RCC_LSICmd        stm32f10x_rcc.o
    0x080034ac   0x080034ac   0x0000000c   Code   RO         2863    i.RCC_RTCCLKCmd     stm32f10x_rcc.o
    0x080034b8   0x080034b8   0x00000010   Code   RO         2864    i.RCC_RTCCLKConfig  stm32f10x_rcc.o
    0x080034c8   0x080034c8   0x00000014   Code   RO         3038    i.RTC_EnterConfigMode  stm32f10x_rtc.o
    0x080034dc   0x080034dc   0x00000014   Code   RO         3039    i.RTC_ExitConfigMode  stm32f10x_rtc.o
    0x080034f0   0x080034f0   0x00000014   Code   RO         3040    i.RTC_GetCounter    stm32f10x_rtc.o
    0x08003504   0x08003504   0x0000001c   Code   RO         3046    i.RTC_SetCounter    stm32f10x_rtc.o
    0x08003520   0x08003520   0x00000020   Code   RO         3047    i.RTC_SetPrescaler  stm32f10x_rtc.o
    0x08003540   0x08003540   0x00000014   Code   RO         3048    i.RTC_WaitForLastTask  stm32f10x_rtc.o
    0x08003554   0x08003554   0x00000024   Code   RO         3049    i.RTC_WaitForSynchro  stm32f10x_rtc.o
    0x08003578   0x08003578   0x00000008   Code   RO         1199    i.SetSysClock       system_stm32f10x.o
    0x08003580   0x08003580   0x000000e0   Code   RO         1200    i.SetSysClockTo72   system_stm32f10x.o
    0x08003660   0x08003660   0x00000060   Code   RO         1202    i.SystemInit        system_stm32f10x.o
    0x080036c0   0x080036c0   0x00000018   Code   RO         4011    i.USART_Cmd         stm32f10x_usart.o
    0x080036d8   0x080036d8   0x0000001a   Code   RO         4014    i.USART_GetFlagStatus  stm32f10x_usart.o
    0x080036f2   0x080036f2   0x00000002   PAD
    0x080036f4   0x080036f4   0x000000d8   Code   RO         4018    i.USART_Init        stm32f10x_usart.o
    0x080037cc   0x080037cc   0x0000000a   Code   RO         4025    i.USART_ReceiveData  stm32f10x_usart.o
    0x080037d6   0x080037d6   0x00000008   Code   RO         4028    i.USART_SendData    stm32f10x_usart.o
    0x080037de   0x080037de   0x00000018   Code   RO         4034    i.USART_StructInit  stm32f10x_usart.o
    0x080037f6   0x080037f6   0x00000028   Code   RO         4518    i.__ARM_fpclassify  m_ws.l(fpclassify.o)
    0x0800381e   0x0800381e   0x0000000e   Code   RO         4650    i.__mathlib_dbl_overflow  m_ws.l(dunder.o)
    0x0800382c   0x0800382c   0x00000010   Code   RO         4652    i.__mathlib_dbl_underflow  m_ws.l(dunder.o)
    0x0800383c   0x0800383c   0x00000010   Code   RO         4520    i.__mathlib_narrow  m_ws.l(narrow.o)
    0x0800384c   0x0800384c   0x000000bc   Code   RO         4521    i.__mathlib_tofloat  m_ws.l(narrow.o)
    0x08003908   0x08003908   0x00000016   Code   RO         4622    i.__support_ldexp   m_ws.l(ldexp.o)
    0x0800391e   0x0800391e   0x0000000e   Code   RO         4270    i._is_digit         c_w.l(__printf_wp.o)
    0x0800392c   0x0800392c   0x0000011c   Code   RO         1075    i.adjust_param      ui_service.o
    0x08003a48   0x08003a48   0x0000000c   Code   RO          450    i.alarm_service_init  alarm_service.o
    0x08003a54   0x08003a54   0x0000000c   Code   RO          451    i.alarm_service_is_active  alarm_service.o
    0x08003a60   0x08003a60   0x00000048   Code   RO          452    i.alarm_service_update  alarm_service.o
    0x08003aa8   0x08003aa8   0x000000ec   Code   RO          479    i.app_main_init     app_main.o
    0x08003b94   0x08003b94   0x00000218   Code   RO          480    i.app_main_loop     app_main.o
    0x08003dac   0x08003dac   0x00000030   Code   RO          481    i.apply_pid_params  app_main.o
    0x08003ddc   0x08003ddc   0x00000040   Code   RO          482    i.apply_schedule_params  app_main.o
    0x08003e1c   0x08003e1c   0x00000040   Code   RO          374    i.bsp_buzzer_init   bsp_buzzer.o
    0x08003e5c   0x08003e5c   0x0000002c   Code   RO          375    i.bsp_buzzer_set    bsp_buzzer.o
    0x08003e88   0x08003e88   0x0000002c   Code   RO            1    i.bsp_ds18b20_init  bsp_ds18b20.o
    0x08003eb4   0x08003eb4   0x0000002c   Code   RO            4    i.bsp_ds18b20_read_c  bsp_ds18b20.o
    0x08003ee0   0x08003ee0   0x0000007c   Code   RO          402    i.bsp_eeprom_init   bsp_eeprom.o
    0x08003f5c   0x08003f5c   0x00000118   Code   RO          404    i.bsp_eeprom_read   bsp_eeprom.o
    0x08004074   0x08004074   0x000000fc   Code   RO          405    i.bsp_eeprom_write  bsp_eeprom.o
    0x08004170   0x08004170   0x0000004c   Code   RO          277    i.bsp_key_get_state  bsp_key.o
    0x080041bc   0x080041bc   0x0000002c   Code   RO          278    i.bsp_key_init      bsp_key.o
    0x080041e8   0x080041e8   0x00000020   Code   RO          306    i.bsp_oled_clear    bsp_oled.o
    0x08004208   0x08004208   0x00000040   Code   RO          307    i.bsp_oled_draw_text  bsp_oled.o
    0x08004248   0x08004248   0x00000148   Code   RO          308    i.bsp_oled_init     bsp_oled.o
    0x08004390   0x08004390   0x00000078   Code   RO          310    i.bsp_oled_refresh  bsp_oled.o
    0x08004408   0x08004408   0x00000040   Code   RO          161    i.bsp_relay_init    bsp_relay.o
    0x08004448   0x08004448   0x0000002c   Code   RO          162    i.bsp_relay_set     bsp_relay.o
    0x08004474   0x08004474   0x0000002c   Code   RO          189    i.bsp_rtc_get_minutes_of_day  bsp_rtc.o
    0x080044a0   0x080044a0   0x0000002a   Code   RO          190    i.bsp_rtc_init      bsp_rtc.o
    0x080044ca   0x080044ca   0x00000002   PAD
    0x080044cc   0x080044cc   0x00000088   Code   RO          239    i.bsp_uart_init     bsp_uart.o
    0x08004554   0x08004554   0x00000050   Code   RO          240    i.bsp_uart_read_line  bsp_uart.o
    0x080045a4   0x080045a4   0x00000040   Code   RO          241    i.bsp_uart_write    bsp_uart.o
    0x080045e4   0x080045e4   0x00000028   Code   RO          809    i.clamp             pid_ctrl.o
    0x0800460c   0x0800460c   0x00000028   Code   RO         1076    i.clampf            ui_service.o
    0x08004634   0x08004634   0x0000002a   Code   RO          687    i.crc32_calc        param_store.o
    0x0800465e   0x0800465e   0x00000002   PAD
    0x08004660   0x08004660   0x00000024   Code   RO          688    i.crc32_update      param_store.o
    0x08004684   0x08004684   0x00000024   Code   RO          556    i.debug_log_error   debug_log.o
    0x080046a8   0x080046a8   0x00000024   Code   RO          557    i.debug_log_info    debug_log.o
    0x080046cc   0x080046cc   0x00000002   Code   RO          558    i.debug_log_init    debug_log.o
    0x080046ce   0x080046ce   0x00000002   PAD
    0x080046d0   0x080046d0   0x00000050   Code   RO          559    i.debug_log_v       debug_log.o
    0x08004720   0x08004720   0x00000024   Code   RO          560    i.debug_log_warn    debug_log.o
    0x08004744   0x08004744   0x0000006c   Code   RO          406    i.eeprom_wait_ready  bsp_eeprom.o
    0x080047b0   0x080047b0   0x0000002e   Code   RO          689    i.erase_page_if_written  param_store.o
    0x080047de   0x080047de   0x00000002   PAD
    0x080047e0   0x080047e0   0x00000044   Code   RO         1077    i.format_hhmm       ui_service.o
    0x08004824   0x08004824   0x00000058   Code   RO         4599    i.frexp             m_ws.l(frexp.o)
    0x0800487c   0x0800487c   0x000002b0   Code   RO          311    i.glyph_5x7         bsp_oled.o
    0x08004b2c   0x08004b2c   0x00000044   Code   RO          832    i.handle_conf_alarm  protocol_export.o
    0x08004b70   0x08004b70   0x0000004c   Code   RO          833    i.handle_conf_log_period  protocol_export.o
    0x08004bbc   0x08004bbc   0x0000007c   Code   RO          834    i.handle_conf_pid   protocol_export.o
    0x08004c38   0x08004c38   0x00000054   Code   RO          835    i.handle_conf_schedule  protocol_export.o
    0x08004c8c   0x08004c8c   0x00000140   Code   RO          836    i.handle_log_export  protocol_export.o
    0x08004dcc   0x08004dcc   0x00000090   Code   RO          837    i.handle_read_param  protocol_export.o
    0x08004e5c   0x08004e5c   0x000000c0   Code   RO          838    i.handle_read_temp  protocol_export.o
    0x08004f1c   0x08004f1c   0x00000044   Code   RO          839    i.handle_set_alarm  protocol_export.o
    0x08004f60   0x08004f60   0x000000c8   Code   RO          840    i.handle_set_alarm_values  protocol_export.o
    0x08005028   0x08005028   0x0000004c   Code   RO          841    i.handle_set_log_period  protocol_export.o
    0x08005074   0x08005074   0x00000080   Code   RO          842    i.handle_set_log_period_values  protocol_export.o
    0x080050f4   0x080050f4   0x00000074   Code   RO          843    i.handle_set_pid    protocol_export.o
    0x08005168   0x08005168   0x00000160   Code   RO          844    i.handle_set_pid_values  protocol_export.o
    0x080052c8   0x080052c8   0x0000005c   Code   RO          845    i.handle_set_schedule  protocol_export.o
    0x08005324   0x08005324   0x000000e0   Code   RO          846    i.handle_set_schedule_values  protocol_export.o
    0x08005404   0x08005404   0x00000128   Code   RO          847    i.handle_set_temp   protocol_export.o
    0x0800552c   0x0800552c   0x0000002c   Code   RO          598    i.heater_ctrl_force_off  heater_ctrl.o
    0x08005558   0x08005558   0x0000000c   Code   RO          599    i.heater_ctrl_get_state  heater_ctrl.o
    0x08005564   0x08005564   0x00000048   Code   RO          600    i.heater_ctrl_init  heater_ctrl.o
    0x080055ac   0x080055ac   0x0000002c   Code   RO          601    i.heater_ctrl_set_output_percent  heater_ctrl.o
    0x080055d8   0x080055d8   0x000000c0   Code   RO          602    i.heater_ctrl_update_1ms  heater_ctrl.o
    0x08005698   0x08005698   0x00000028   Code   RO          407    i.i2c_wait_event    bsp_eeprom.o
    0x080056c0   0x080056c0   0x00000028   Code   RO          408    i.i2c_wait_flag_clear  bsp_eeprom.o
    0x080056e8   0x080056e8   0x00000074   Code   RO         4623    i.ldexp             m_ws.l(ldexp.o)
    0x0800575c   0x0800575c   0x0000008c   Code   RO          690    i.load_from_nv      param_store.o
    0x080057e8   0x080057e8   0x00000014   Code   RO          636    i.log_service_clear  log_service.o
    0x080057fc   0x080057fc   0x0000000c   Code   RO          637    i.log_service_count  log_service.o
    0x08005808   0x08005808   0x00000050   Code   RO          638    i.log_service_get   log_service.o
    0x08005858   0x08005858   0x0000001c   Code   RO          639    i.log_service_init  log_service.o
    0x08005874   0x08005874   0x00000078   Code   RO          640    i.log_service_push  log_service.o
    0x080058ec   0x080058ec   0x0000000c   Code   RO          675    i.main              main.o
    0x080058f8   0x080058f8   0x00000042   Code   RO         1023    i.median3           temp_manager.o
    0x0800593a   0x0800593a   0x00000002   PAD
    0x0800593c   0x0800593c   0x00000058   Code   RO         1078    i.mode_text         ui_service.o
    0x08005994   0x08005994   0x0000005c   Code   RO          483    i.mode_to_str       app_main.o
    0x080059f0   0x080059f0   0x0000000e   Code   RO          312    i.oled_cmd          bsp_oled.o
    0x080059fe   0x080059fe   0x00000012   Code   RO          313    i.oled_data         bsp_oled.o
    0x08005a10   0x08005a10   0x00000088   Code   RO          314    i.oled_i2c_write    bsp_oled.o
    0x08005a98   0x08005a98   0x00000028   Code   RO          315    i.oled_wait_event   bsp_oled.o
    0x08005ac0   0x08005ac0   0x00000016   Code   RO         1079    i.page_editable     ui_service.o
    0x08005ad6   0x08005ad6   0x00000002   PAD
    0x08005ad8   0x08005ad8   0x0000001c   Code   RO         1080    i.page_next         ui_service.o
    0x08005af4   0x08005af4   0x00000020   Code   RO         1081    i.page_prev         ui_service.o
    0x08005b14   0x08005b14   0x00000060   Code   RO         1082    i.page_text         ui_service.o
    0x08005b74   0x08005b74   0x0000000e   Code   RO          691    i.param_record_crc  param_store.o
    0x08005b82   0x08005b82   0x00000002   PAD
    0x08005b84   0x08005b84   0x00000044   Code   RO          692    i.param_record_valid  param_store.o
    0x08005bc8   0x08005bc8   0x00000008   Code   RO          694    i.param_store_get   param_store.o
    0x08005bd0   0x08005bd0   0x00000008   Code   RO          695    i.param_store_get_mutable  param_store.o
    0x08005bd8   0x08005bd8   0x00000034   Code   RO          696    i.param_store_init  param_store.o
    0x08005c0c   0x08005c0c   0x00000044   Code   RO          698    i.param_store_load_defaults  param_store.o
    0x08005c50   0x08005c50   0x00000070   Code   RO          699    i.param_store_save  param_store.o
    0x08005cc0   0x08005cc0   0x0000003c   Code   RO          700    i.param_store_tick_1s  param_store.o
    0x08005cfc   0x08005cfc   0x0000002c   Code   RO          810    i.pid_init          pid_ctrl.o
    0x08005d28   0x08005d28   0x00000112   Code   RO          811    i.pid_step          pid_ctrl.o
    0x08005e3a   0x08005e3a   0x00000002   PAD
    0x08005e3c   0x08005e3c   0x00000140   Code   RO         1083    i.poll_keys_to_events  ui_service.o
    0x08005f7c   0x08005f7c   0x00000110   Code   RO         1084    i.process_key_event  ui_service.o
    0x0800608c   0x0800608c   0x00000050   Code   RO          701    i.program_record_to_flash  param_store.o
    0x080060dc   0x080060dc   0x00000008   Code   RO          848    i.protocol_export_init  protocol_export.o
    0x080060e4   0x080060e4   0x00000248   Code   RO          849    i.protocol_export_process  protocol_export.o
    0x0800632c   0x0800632c   0x00000034   Code   RO         1085    i.queue_pop         ui_service.o
    0x08006360   0x08006360   0x00000038   Code   RO         1086    i.queue_push        ui_service.o
    0x08006398   0x08006398   0x00000012   Code   RO          702    i.read_record_from_eeprom  param_store.o
    0x080063aa   0x080063aa   0x00000002   PAD
    0x080063ac   0x080063ac   0x00000024   Code   RO          703    i.read_record_from_fallback  param_store.o
    0x080063d0   0x080063d0   0x00000018   Code   RO          704    i.read_record_from_flash  param_store.o
    0x080063e8   0x080063e8   0x000003ac   Code   RO         1087    i.render_page       ui_service.o
    0x08006794   0x08006794   0x00000048   Code   RO          193    i.rtc_init_counter_if_needed  bsp_rtc.o
    0x080067dc   0x080067dc   0x00000054   Code   RO          194    i.rtc_select_clock  bsp_rtc.o
    0x08006830   0x08006830   0x000000e0   Code   RO          705    i.save_to_nv        param_store.o
    0x08006910   0x08006910   0x0000004a   Code   RO          948    i.schedule_is_active  schedule_service.o
    0x0800695a   0x0800695a   0x00000054   Code   RO         1088    i.schedule_next_boundary  ui_service.o
    0x080069ae   0x080069ae   0x00000002   PAD
    0x080069b0   0x080069b0   0x0000000c   Code   RO          950    i.schedule_service_heating_allowed  schedule_service.o
    0x080069bc   0x080069bc   0x00000020   Code   RO          951    i.schedule_service_init  schedule_service.o
    0x080069dc   0x080069dc   0x0000003c   Code   RO          952    i.schedule_service_set_config  schedule_service.o
    0x08006a18   0x08006a18   0x0000003c   Code   RO          953    i.schedule_service_update  schedule_service.o
    0x08006a54   0x08006a54   0x00000024   Code   RO          991    i.scheduler_init    scheduler.o
    0x08006a78   0x08006a78   0x0000000c   Code   RO          992    i.scheduler_now_ms  scheduler.o
    0x08006a84   0x08006a84   0x0000005c   Code   RO          993    i.scheduler_poll    scheduler.o
    0x08006ae0   0x08006ae0   0x00000010   Code   RO          994    i.scheduler_tick_1ms  scheduler.o
    0x08006af0   0x08006af0   0x00000028   Code   RO          850    i.send_err          protocol_export.o
    0x08006b18   0x08006b18   0x00000024   Code   RO          851    i.send_ok           protocol_export.o
    0x08006b3c   0x08006b3c   0x0000003c   Code   RO         1024    i.sensor_filtered_value  temp_manager.o
    0x08006b78   0x08006b78   0x00000032   Code   RO         1025    i.sensor_push_sample  temp_manager.o
    0x08006baa   0x08006baa   0x00000002   PAD
    0x08006bac   0x08006bac   0x00000040   Code   RO         1026    i.step_is_reasonable  temp_manager.o
    0x08006bec   0x08006bec   0x00000090   Code   RO          484    i.sync_runtime_params_if_changed  app_main.o
    0x08006c7c   0x08006c7c   0x00000028   Code   RO         1027    i.temp_in_range     temp_manager.o
    0x08006ca4   0x08006ca4   0x00000008   Code   RO         1028    i.temp_manager_get_snapshot  temp_manager.o
    0x08006cac   0x08006cac   0x00000084   Code   RO         1029    i.temp_manager_init  temp_manager.o
    0x08006d30   0x08006d30   0x00000278   Code   RO         1030    i.temp_manager_update  temp_manager.o
    0x08006fa8   0x08006fa8   0x0000006c   Code   RO          242    i.uart_poll_rx      bsp_uart.o
    0x08007014   0x08007014   0x000000cc   Code   RO         1091    i.ui_service_init   ui_service.o
    0x080070e0   0x080070e0   0x00000064   Code   RO         1094    i.ui_service_tick_100ms  ui_service.o
    0x08007144   0x08007144   0x0000004c   Code   RO         1095    i.ui_service_tick_200ms  ui_service.o
    0x08007190   0x08007190   0x00000024   Code   RO          195    i.wait_rtc_flag     bsp_rtc.o
    0x080071b4   0x080071b4   0x00000012   Code   RO          706    i.write_record_to_eeprom  param_store.o
    0x080071c6   0x080071c6   0x00000002   PAD
    0x080071c8   0x080071c8   0x00000038   Code   RO          707    i.write_record_to_fallback  param_store.o
    0x08007200   0x08007200   0x0000002c   Code   RO         4502    locale$$code        c_w.l(lc_numeric_c.o)
    0x0800722c   0x0800722c   0x0000002c   Code   RO         4607    locale$$code        c_w.l(lc_ctype_c.o)
    0x08007258   0x08007258   0x00000062   Code   RO         4592    x$fpl$d2f           fz_ws.l(d2f.o)
    0x080072ba   0x080072ba   0x00000002   PAD
    0x080072bc   0x080072bc   0x00000010   Code   RO         4644    x$fpl$dcheck1       fz_ws.l(dcheck1.o)
    0x080072cc   0x080072cc   0x00000018   Code   RO         4611    x$fpl$dcmpinf       fz_ws.l(dcmpi.o)
    0x080072e4   0x080072e4   0x00000078   Code   RO         4594    x$fpl$deqf          fz_ws.l(deqf.o)
    0x0800735c   0x0800735c   0x00000078   Code   RO         4613    x$fpl$dleqf         fz_ws.l(dleqf.o)
    0x080073d4   0x080073d4   0x0000009c   Code   RO         4615    x$fpl$dnaninf       fz_ws.l(dnaninf.o)
    0x08007470   0x08007470   0x0000000c   Code   RO         4419    x$fpl$dretinf       fz_ws.l(dretinf.o)
    0x0800747c   0x0800747c   0x0000006c   Code   RO         4596    x$fpl$drleqf        fz_ws.l(drleqf.o)
    0x080074e8   0x080074e8   0x00000056   Code   RO         4307    x$fpl$f2d           fz_ws.l(f2d.o)
    0x0800753e   0x0800753e   0x00000002   PAD
    0x08007540   0x08007540   0x000000c4   Code   RO         4309    x$fpl$fadd          fz_ws.l(faddsub_clz.o)
    0x08007604   0x08007604   0x00000018   Code   RO         4421    x$fpl$fcmpinf       fz_ws.l(fcmpi.o)
    0x0800761c   0x0800761c   0x00000184   Code   RO         4316    x$fpl$fdiv          fz_ws.l(fdiv.o)
    0x080077a0   0x080077a0   0x00000068   Code   RO         4319    x$fpl$feqf          fz_ws.l(feqf.o)
    0x08007808   0x08007808   0x0000003e   Code   RO         4321    x$fpl$ffixu         fz_ws.l(ffixu.o)
    0x08007846   0x08007846   0x00000002   PAD
    0x08007848   0x08007848   0x00000030   Code   RO         4326    x$fpl$fflt          fz_ws.l(fflt_clz.o)
    0x08007878   0x08007878   0x00000026   Code   RO         4325    x$fpl$ffltu         fz_ws.l(fflt_clz.o)
    0x0800789e   0x0800789e   0x00000002   PAD
    0x080078a0   0x080078a0   0x00000068   Code   RO         4331    x$fpl$fleqf         fz_ws.l(fleqf.o)
    0x08007908   0x08007908   0x00000102   Code   RO         4333    x$fpl$fmul          fz_ws.l(fmul.o)
    0x08007a0a   0x08007a0a   0x0000008c   Code   RO         4423    x$fpl$fnaninf       fz_ws.l(fnaninf.o)
    0x08007a96   0x08007a96   0x0000000a   Code   RO         4425    x$fpl$fretinf       fz_ws.l(fretinf.o)
    0x08007aa0   0x08007aa0   0x00000062   Code   RO         4335    x$fpl$frleqf        fz_ws.l(frleqf.o)
    0x08007b02   0x08007b02   0x00000002   PAD
    0x08007b04   0x08007b04   0x000000ea   Code   RO         4311    x$fpl$fsub          fz_ws.l(faddsub_clz.o)
    0x08007bee   0x08007bee   0x00000006   Code   RO         4510    x$fpl$ieeestatus    fz_ws.l(istatus.o)
    0x08007bf4   0x08007bf4   0x00000004   Code   RO         4337    x$fpl$printf1       fz_ws.l(printf1.o)
    0x08007bf8   0x08007bf8   0x00000004   Code   RO         4427    x$fpl$printf2       fz_ws.l(printf2.o)
    0x08007bfc   0x08007bfc   0x00000064   Code   RO         4686    x$fpl$retnan        fz_ws.l(retnan.o)
    0x08007c60   0x08007c60   0x0000005c   Code   RO         4619    x$fpl$scalbn        fz_ws.l(scalbn.o)
    0x08007cbc   0x08007cbc   0x00000004   Code   RO         4339    x$fpl$scanf1        fz_ws.l(scanf1.o)
    0x08007cc0   0x08007cc0   0x00000008   Code   RO         4512    x$fpl$scanf2        fz_ws.l(scanf2.o)
    0x08007cc8   0x08007cc8   0x00000030   Code   RO         4713    x$fpl$trapveneer    fz_ws.l(trapv.o)
    0x08007cf8   0x08007cf8   0x00000000   Code   RO         4433    x$fpl$usenofp       fz_ws.l(usenofp.o)
    0x08007cf8   0x08007cf8   0x00000032   Data   RO          317    .constdata          bsp_oled.o
    0x08007d2a   0x08007d2a   0x00000011   Data   RO         4278    .constdata          c_w.l(__printf_flags_ss_wp.o)
    0x08007d3b   0x08007d3b   0x00000001   PAD
    0x08007d3c   0x08007d3c   0x00000008   Data   RO         4359    .constdata          c_w.l(_printf_wctomb.o)
    0x08007d44   0x08007d44   0x00000028   Data   RO         4388    .constdata          c_w.l(_printf_hex_int_ll_ptr.o)
    0x08007d6c   0x08007d6c   0x00000026   Data   RO         4464    .constdata          c_w.l(_printf_fp_hex.o)
    0x08007d92   0x08007d92   0x00000002   PAD
    0x08007d94   0x08007d94   0x00000094   Data   RO         4475    .constdata          c_w.l(bigflt0.o)
    0x08007e28   0x08007e28   0x0000005d   Data   RO          852    .conststring        protocol_export.o
    0x08007e85   0x08007e85   0x00000003   PAD
    0x08007e88   0x08007e88   0x00000020   Data   RO         4739    Region$$Table       anon$$obj.o
    0x08007ea8   0x08007ea8   0x00000008   Data   RO         4506    c$$dinf             fz_ws.l(fpconst.o)
    0x08007eb0   0x08007eb0   0x00000008   Data   RO         4509    c$$dmax             fz_ws.l(fpconst.o)
    0x08007eb8   0x08007eb8   0x0000001c   Data   RO         4501    locale$$data        c_w.l(lc_numeric_c.o)
    0x08007ed4   0x08007ed4   0x00000110   Data   RO         4606    locale$$data        c_w.l(lc_ctype_c.o)


    Execution Region ER_RW (Exec base: 0x20000000, Load base: 0x08007fe4, Size: 0x00000084, Max: 0xffffffff, ABSOLUTE)

    Exec Addr    Load Addr    Size         Type   Attr      Idx    E Section Name        Object

    0x20000000   0x08007fe4   0x0000000f   Data   RW           19    .data               bsp_ds18b20.o
    0x2000000f   0x08007ff3   0x00000001   Data   RW          163    .data               bsp_relay.o
    0x20000010   0x08007ff4   0x00000005   Data   RW          244    .data               bsp_uart.o
    0x20000015   0x08007ff9   0x00000001   Data   RW          376    .data               bsp_buzzer.o
    0x20000016   0x08007ffa   0x00000001   Data   RW          453    .data               alarm_service.o
    0x20000017   0x08007ffb   0x00000001   PAD
    0x20000018   0x08007ffc   0x00000010   Data   RW          486    .data               app_main.o
    0x20000028   0x0800800c   0x00000018   Data   RW          603    .data               heater_ctrl.o
    0x20000040   0x08008024   0x0000000c   Data   RW          642    .data               log_service.o
    0x2000004c   0x08008030   0x00000008   Data   RW          709    .data               param_store.o
    0x20000054   0x08008038   0x00000008   Data   RW          954    .data               schedule_service.o
    0x2000005c   0x08008040   0x00000010   Data   RW          995    .data               scheduler.o
    0x2000006c   0x08008050   0x00000003   Data   RW         1032    .data               temp_manager.o
    0x2000006f   0x08008053   0x00000014   Data   RW         2868    .data               stm32f10x_rcc.o


    Execution Region ER_ZI (Exec base: 0x20000084, Load base: 0x08008068, Size: 0x00005144, Max: 0xffffffff, ABSOLUTE)

    Exec Addr    Load Addr    Size         Type   Attr      Idx    E Section Name        Object

    0x20000084        -       0x00000080   Zero   RW          243    .bss                bsp_uart.o
    0x20000104        -       0x00000058   Zero   RW          316    .bss                bsp_oled.o
    0x2000015c        -       0x00000050   Zero   RW          485    .bss                app_main.o
    0x200001ac        -       0x00004800   Zero   RW          641    .bss                log_service.o
    0x200049ac        -       0x00000024   Zero   RW          708    .bss                param_store.o
    0x200049d0        -       0x0000008c   Zero   RW         1031    .bss                temp_manager.o
    0x20004a5c        -       0x0000010c   Zero   RW         1096    .bss                ui_service.o
    0x20004b68        -       0x00000060   Zero   RW         4527    .bss                c_w.l(libspace.o)
    0x20004bc8        -       0x00000200   Zero   RW         1234    HEAP                startup_stm32f10x_md.o
    0x20004dc8        -       0x00000400   Zero   RW         1233    STACK               startup_stm32f10x_md.o


==============================================================================

Image component sizes


      Code (inc. data)   RO Data    RW Data    ZI Data      Debug   Object Name

        96         16          0          1          0       1814   alarm_service.o
      1120        236          0         16         80       8476   app_main.o
       108         18          0          1          0       1191   bsp_buzzer.o
        88         14          0         15          0     247068   bsp_ds18b20.o
       844         64          0          0          0       5099   bsp_eeprom.o
       120         12          0          0          0       1511   bsp_key.o
      1440         78         50          0         88       7065   bsp_oled.o
       108         18          0          1          0       1185   bsp_relay.o
       278         10          0          0          0       3240   bsp_rtc.o
       388         56          0          5        128       3394   bsp_uart.o
       190         34          0          0          0       3417   debug_log.o
       364         86          0         24          0       3029   heater_ctrl.o
       260         58          0         12      18432       3524   log_service.o
        12          0          0          0          0        423   main.o
      1110         96          0          8         36      12356   param_store.o
       358          4          0          0          0       2698   pid_ctrl.o
      3228       1420         93          0          0      12141   protocol_export.o
       238         28          0          8          0       3375   schedule_service.o
       156         42          0         16          0       2490   scheduler.o
        64         26        236          0       1536       1000   startup_stm32f10x_md.o
        56         10          0          0          0       2675   stm32f10x_bkp.o
       318         32          0          0          0       5714   stm32f10x_flash.o
       304          0          0          0          0       4312   stm32f10x_gpio.o
       548         20          0          0          0      10198   stm32f10x_i2c.o
        12          6          0          0          0        606   stm32f10x_pwr.o
       460         64          0         20          0       8883   stm32f10x_rcc.o
       176         34          0          0          0       4195   stm32f10x_rtc.o
       308          6          0          0          0       5947   stm32f10x_usart.o
       328         28          0          0          0       2629   system_stm32f10x.o
      1052        206          0          3        140       5918   temp_manager.o
      2762        482          0          0        268      11726   ui_service.o

    ----------------------------------------------------------------------
     16922       3204        414        132      20708     387299   Object Totals
         0          0         32          0          0          0   (incl. Generated)
        28          0          3          2          0          0   (incl. Padding)

    ----------------------------------------------------------------------

      Code (inc. data)   RO Data    RW Data    ZI Data      Debug   Library Member Name

        60          8          0          0          0         84   __0sscanf.o
        56          6          0          0          0         88   __2snprintf.o
         8          0          0          0          0         68   __main.o
       392          4         17          0          0         92   __printf_flags_ss_wp.o
        14          0          0          0          0         68   __printf_wp.o
         0          0          0          0          0          0   __rtentry.o
        12          0          0          0          0          0   __rtentry2.o
         6          0          0          0          0          0   __rtentry4.o
        52          8          0          0          0          0   __scatter.o
        26          0          0          0          0          0   __scatter_copy.o
        28          0          0          0          0          0   __scatter_zi.o
        28          0          0          0          0         68   _chval.o
         6          0          0          0          0          0   _printf_a.o
         6          0          0          0          0          0   _printf_c.o
        44          0          0          0          0        108   _printf_char.o
        48          6          0          0          0         96   _printf_char_common.o
        40          0          0          0          0         68   _printf_charcount.o
         6          0          0          0          0          0   _printf_d.o
       120         16          0          0          0         92   _printf_dec.o
         6          0          0          0          0          0   _printf_e.o
         6          0          0          0          0          0   _printf_f.o
      1054          0          0          0          0        216   _printf_fp_dec.o
       764          8         38          0          0        100   _printf_fp_hex.o
       128         16          0          0          0         84   _printf_fp_infnan.o
         6          0          0          0          0          0   _printf_g.o
       148          4         40          0          0        160   _printf_hex_int_ll_ptr.o
         6          0          0          0          0          0   _printf_i.o
       178          0          0          0          0         88   _printf_intcommon.o
        10          0          0          0          0          0   _printf_l.o
         6          0          0          0          0          0   _printf_lc.o
        10          0          0          0          0          0   _printf_ll.o
         6          0          0          0          0          0   _printf_lld.o
         6          0          0          0          0          0   _printf_lli.o
         6          0          0          0          0          0   _printf_llo.o
         6          0          0          0          0          0   _printf_llu.o
         6          0          0          0          0          0   _printf_llx.o
       124         16          0          0          0         92   _printf_longlong_dec.o
         6          0          0          0          0          0   _printf_ls.o
         6          0          0          0          0          0   _printf_n.o
         6          0          0          0          0          0   _printf_o.o
       112         10          0          0          0        124   _printf_oct_int_ll.o
         6          0          0          0          0          0   _printf_p.o
        78          0          0          0          0        108   _printf_pad.o
         0          0          0          0          0          0   _printf_percent.o
         4          0          0          0          0          0   _printf_percent_end.o
         6          0          0          0          0          0   _printf_s.o
        82          0          0          0          0         80   _printf_str.o
        36          0          0          0          0         84   _printf_truncate.o
         6          0          0          0          0          0   _printf_u.o
        44          0          0          0          0        108   _printf_wchar.o
       188          6          8          0          0         92   _printf_wctomb.o
         6          0          0          0          0          0   _printf_x.o
        22          0          0          0          0        100   _rserrno.o
       884          6          0          0          0        100   _scanf.o
       332          0          0          0          0         96   _scanf_int.o
        64          0          0          0          0         84   _sgetc.o
        16          0          0          0          0         68   _snputc.o
        10          0          0          0          0         68   _sputc.o
        64          0          0          0          0         92   _wcrtomb.o
        16          0          0          0          0         68   aeabi_memset.o
       228          4        148          0          0         96   bigflt0.o
      2152        136          0          0          0        960   btod.o
        18          0          0          0          0         80   exit.o
         6          0          0          0          0        152   heapauxi.o
         0          0          0          0          0          0   indicate_semi.o
        18          0          0          0          0         76   isspace.o
        44         10        272          0          0         76   lc_ctype_c.o
        44         10         28          0          0         76   lc_numeric_c.o
         2          0          0          0          0          0   libinit.o
        30          0          0          0          0          0   libinit2.o
         2          0          0          0          0          0   libshutdown.o
         2          0          0          0          0          0   libshutdown2.o
         8          4          0          0         96         68   libspace.o
        38          0          0          0          0         68   llshl.o
       138          0          0          0          0         80   lludiv10.o
        88          0          0          0          0         76   memcmp.o
        16          4          0          0          0         76   rt_ctype_table.o
         8          4          0          0          0         68   rt_errno_addr_intlibspace.o
         8          4          0          0          0         68   rt_locale_intlibspace.o
        68          0          0          0          0         68   rt_memclr.o
        78          0          0          0          0         80   rt_memclr_w.o
       138          0          0          0          0         68   rt_memcpy_v6.o
       100          0          0          0          0         80   rt_memcpy_w.o
         2          0          0          0          0          0   rtexit.o
        10          0          0          0          0          0   rtexit2.o
        44          8          0          0          0         84   scanf_char.o
      1272         16          0          0          0        168   scanf_fp.o
       800         14          0          0          0        100   scanf_hexfp.o
       308         16          0          0          0        100   scanf_infnan.o
       128          0          0          0          0         68   strcmpv7m.o
       150          0          0          0          0         80   strncmp.o
        86          0          0          0          0         76   strncpy.o
        12          4          0          0          0         68   sys_exit.o
        74          0          0          0          0         80   sys_stackheap_outer.o
         2          0          0          0          0         68   use_no_semi.o
        52          4          0          0          0         80   vsnprintf.o
        98          4          0          0          0         92   d2f.o
        16          4          0          0          0         68   dcheck1.o
        24          0          0          0          0         68   dcmpi.o
       120          4          0          0          0         92   deqf.o
       120          4          0          0          0         92   dleqf.o
       156          4          0          0          0         92   dnaninf.o
        12          0          0          0          0         68   dretinf.o
       108          0          0          0          0         80   drleqf.o
        86          4          0          0          0         84   f2d.o
       430          8          0          0          0        168   faddsub_clz.o
        24          0          0          0          0         68   fcmpi.o
       388         76          0          0          0         96   fdiv.o
       104          4          0          0          0         84   feqf.o
        62          4          0          0          0         84   ffixu.o
        86          0          0          0          0        136   fflt_clz.o
       104          4          0          0          0         84   fleqf.o
       258          4          0          0          0         84   fmul.o
       140          4          0          0          0         84   fnaninf.o
         0          0         16          0          0          0   fpconst.o
        10          0          0          0          0         68   fretinf.o
        98          0          0          0          0         68   frleqf.o
         6          0          0          0          0         68   istatus.o
         4          0          0          0          0         68   printf1.o
         4          0          0          0          0         68   printf2.o
       100          0          0          0          0         68   retnan.o
        92          0          0          0          0         68   scalbn.o
         4          0          0          0          0         68   scanf1.o
         8          0          0          0          0         84   scanf2.o
        48          0          0          0          0         68   trapv.o
         0          0          0          0          0          0   usenofp.o
        30          6          0          0          0        136   dunder.o
        40          0          0          0          0         68   fpclassify.o
        88          8          0          0          0         76   frexp.o
       138          0          0          0          0        160   ldexp.o
       204          4          0          0          0        168   narrow.o

    ----------------------------------------------------------------------
     14834        500        570          0         96       9060   Library Totals
        28          2          3          0          0          0   (incl. Padding)

    ----------------------------------------------------------------------

      Code (inc. data)   RO Data    RW Data    ZI Data      Debug   Library Name

     11596        352        551          0         96       6132   c_w.l
      2710        128         16          0          0       2320   fz_ws.l
       500         18          0          0          0        608   m_ws.l

    ----------------------------------------------------------------------
     14834        500        570          0         96       9060   Library Totals

    ----------------------------------------------------------------------

==============================================================================


      Code (inc. data)   RO Data    RW Data    ZI Data      Debug   

     31756       3704        984        132      20804     381743   Grand Totals
     31756       3704        984        132      20804     381743   ELF Image Totals
     31756       3704        984        132          0          0   ROM Totals

==============================================================================

    Total RO  Size (Code + RO Data)                32740 (  31.97kB)
    Total RW  Size (RW Data + ZI Data)             20936 (  20.45kB)
    Total ROM Size (Code + RO Data + RW Data)      32872 (  32.10kB)

==============================================================================

