Component: ARM Compiler 5.06 update 6 (build 750) Tool: armlink [4d35ed]

==============================================================================

Section Cross References

    bsp_ds18b20.o(i.DMA1_Channel1_IRQHandler) refers to stm32f10x_dma.o(i.DMA_GetITStatus) for DMA_GetITStatus
    bsp_ds18b20.o(i.DMA1_Channel1_IRQHandler) refers to stm32f10x_dma.o(i.DMA_ClearITPendingBit) for DMA_ClearITPendingBit
    bsp_ds18b20.o(i.DMA1_Channel1_IRQHandler) refers to stm32f10x_dma.o(i.DMA_Cmd) for DMA_Cmd
    bsp_ds18b20.o(i.DMA1_Channel1_IRQHandler) refers to bsp_ds18b20.o(i.ds18b20_diag_inc) for ds18b20_diag_inc
    bsp_ds18b20.o(i.DMA1_Channel1_IRQHandler) refers to bsp_ds18b20.o(.data) for g_presence_fall_seen
    bsp_ds18b20.o(i.DMA1_Channel1_IRQHandler) refers to bsp_ds18b20.o(.bss) for g_diag
    bsp_ds18b20.o(i.DMA1_Channel4_IRQHandler) refers to stm32f10x_dma.o(i.DMA_GetITStatus) for DMA_GetITStatus
    bsp_ds18b20.o(i.DMA1_Channel4_IRQHandler) refers to stm32f10x_dma.o(i.DMA_ClearITPendingBit) for DMA_ClearITPendingBit
    bsp_ds18b20.o(i.DMA1_Channel4_IRQHandler) refers to stm32f10x_dma.o(i.DMA_Cmd) for DMA_Cmd
    bsp_ds18b20.o(i.DMA1_Channel4_IRQHandler) refers to bsp_ds18b20.o(i.ds18b20_diag_inc) for ds18b20_diag_inc
    bsp_ds18b20.o(i.DMA1_Channel4_IRQHandler) refers to bsp_ds18b20.o(.data) for g_presence_fall_seen
    bsp_ds18b20.o(i.DMA1_Channel4_IRQHandler) refers to bsp_ds18b20.o(.bss) for g_diag
    bsp_ds18b20.o(i.DMA1_Channel5_IRQHandler) refers to stm32f10x_dma.o(i.DMA_GetITStatus) for DMA_GetITStatus
    bsp_ds18b20.o(i.DMA1_Channel5_IRQHandler) refers to stm32f10x_dma.o(i.DMA_ClearITPendingBit) for DMA_ClearITPendingBit
    bsp_ds18b20.o(i.DMA1_Channel5_IRQHandler) refers to stm32f10x_dma.o(i.DMA_Cmd) for DMA_Cmd
    bsp_ds18b20.o(i.DMA1_Channel5_IRQHandler) refers to bsp_ds18b20.o(i.ds18b20_diag_inc) for ds18b20_diag_inc
    bsp_ds18b20.o(i.DMA1_Channel5_IRQHandler) refers to bsp_ds18b20.o(.data) for g_presence_fall_seen
    bsp_ds18b20.o(i.DMA1_Channel5_IRQHandler) refers to bsp_ds18b20.o(.bss) for g_diag
    bsp_ds18b20.o(i.TIM4_IRQHandler) refers to stm32f10x_tim.o(i.TIM_GetITStatus) for TIM_GetITStatus
    bsp_ds18b20.o(i.TIM4_IRQHandler) refers to stm32f10x_tim.o(i.TIM_ClearITPendingBit) for TIM_ClearITPendingBit
    bsp_ds18b20.o(i.TIM4_IRQHandler) refers to bsp_ds18b20.o(i.ds18b20_cc4_stop) for ds18b20_cc4_stop
    bsp_ds18b20.o(i.TIM4_IRQHandler) refers to bsp_ds18b20.o(i.ow_release) for ow_release
    bsp_ds18b20.o(i.TIM4_IRQHandler) refers to bsp_ds18b20.o(i.ds18b20_cc4_schedule) for ds18b20_cc4_schedule
    bsp_ds18b20.o(i.TIM4_IRQHandler) refers to bsp_ds18b20.o(i.ds18b20_ic_enable) for ds18b20_ic_enable
    bsp_ds18b20.o(i.TIM4_IRQHandler) refers to bsp_ds18b20.o(i.ow_read_pin) for ow_read_pin
    bsp_ds18b20.o(i.TIM4_IRQHandler) refers to bsp_ds18b20.o(.data) for g_presence_fall_seen
    bsp_ds18b20.o(i.bsp_ds18b20_get_diag) refers to rt_memcpy_w.o(.text) for __aeabi_memcpy4
    bsp_ds18b20.o(i.bsp_ds18b20_get_diag) refers to bsp_ds18b20.o(.bss) for g_diag
    bsp_ds18b20.o(i.bsp_ds18b20_get_diag) refers to bsp_ds18b20.o(.data) for g_presence_mode
    bsp_ds18b20.o(i.bsp_ds18b20_get_presence_mode) refers to bsp_ds18b20.o(.data) for g_presence_mode
    bsp_ds18b20.o(i.bsp_ds18b20_init) refers to stm32f10x_rcc.o(i.RCC_APB2PeriphClockCmd) for RCC_APB2PeriphClockCmd
    bsp_ds18b20.o(i.bsp_ds18b20_init) refers to stm32f10x_rcc.o(i.RCC_APB1PeriphClockCmd) for RCC_APB1PeriphClockCmd
    bsp_ds18b20.o(i.bsp_ds18b20_init) refers to stm32f10x_rcc.o(i.RCC_AHBPeriphClockCmd) for RCC_AHBPeriphClockCmd
    bsp_ds18b20.o(i.bsp_ds18b20_init) refers to stm32f10x_gpio.o(i.GPIO_Init) for GPIO_Init
    bsp_ds18b20.o(i.bsp_ds18b20_init) refers to stm32f10x_tim.o(i.TIM_TimeBaseStructInit) for TIM_TimeBaseStructInit
    bsp_ds18b20.o(i.bsp_ds18b20_init) refers to stm32f10x_tim.o(i.TIM_TimeBaseInit) for TIM_TimeBaseInit
    bsp_ds18b20.o(i.bsp_ds18b20_init) refers to stm32f10x_tim.o(i.TIM_Cmd) for TIM_Cmd
    bsp_ds18b20.o(i.bsp_ds18b20_init) refers to stm32f10x_tim.o(i.TIM_ICStructInit) for TIM_ICStructInit
    bsp_ds18b20.o(i.bsp_ds18b20_init) refers to stm32f10x_tim.o(i.TIM_ICInit) for TIM_ICInit
    bsp_ds18b20.o(i.bsp_ds18b20_init) refers to stm32f10x_dma.o(i.DMA_StructInit) for DMA_StructInit
    bsp_ds18b20.o(i.bsp_ds18b20_init) refers to stm32f10x_dma.o(i.DMA_Init) for DMA_Init
    bsp_ds18b20.o(i.bsp_ds18b20_init) refers to stm32f10x_dma.o(i.DMA_ITConfig) for DMA_ITConfig
    bsp_ds18b20.o(i.bsp_ds18b20_init) refers to stm32f10x_tim.o(i.TIM_DMACmd) for TIM_DMACmd
    bsp_ds18b20.o(i.bsp_ds18b20_init) refers to stm32f10x_tim.o(i.TIM_ITConfig) for TIM_ITConfig
    bsp_ds18b20.o(i.bsp_ds18b20_init) refers to misc.o(i.NVIC_Init) for NVIC_Init
    bsp_ds18b20.o(i.bsp_ds18b20_init) refers to bsp_ds18b20.o(i.bsp_ds18b20_reset_diag) for bsp_ds18b20_reset_diag
    bsp_ds18b20.o(i.bsp_ds18b20_init) refers to system_stm32f10x.o(.data) for SystemCoreClock
[...]
    EXTI0_IRQHandler                         0x0800316d   Thumb Code    12  bsp_key.o(i.EXTI0_IRQHandler)
    EXTI1_IRQHandler                         0x08003179   Thumb Code    12  bsp_key.o(i.EXTI1_IRQHandler)
    EXTI2_IRQHandler                         0x08003185   Thumb Code    12  bsp_key.o(i.EXTI2_IRQHandler)
    EXTI3_IRQHandler                         0x08003191   Thumb Code    12  bsp_key.o(i.EXTI3_IRQHandler)
    EXTI_ClearITPendingBit                   0x0800319d   Thumb Code     6  stm32f10x_exti.o(i.EXTI_ClearITPendingBit)
    EXTI_GetITStatus                         0x080031a9   Thumb Code    34  stm32f10x_exti.o(i.EXTI_GetITStatus)
    EXTI_Init                                0x080031d1   Thumb Code   142  stm32f10x_exti.o(i.EXTI_Init)
    EXTI_StructInit                          0x08003265   Thumb Code    16  stm32f10x_exti.o(i.EXTI_StructInit)
    FLASH_ErasePage                          0x08003275   Thumb Code    72  stm32f10x_flash.o(i.FLASH_ErasePage)
    FLASH_GetBank1Status                     0x080032c1   Thumb Code    48  stm32f10x_flash.o(i.FLASH_GetBank1Status)
    FLASH_Lock                               0x080032f5   Thumb Code    14  stm32f10x_flash.o(i.FLASH_Lock)
    FLASH_ProgramWord                        0x08003309   Thumb Code   102  stm32f10x_flash.o(i.FLASH_ProgramWord)
    FLASH_Unlock                             0x08003375   Thumb Code    12  stm32f10x_flash.o(i.FLASH_Unlock)
    FLASH_WaitForLastOperation               0x0800338d   Thumb Code    38  stm32f10x_flash.o(i.FLASH_WaitForLastOperation)
    GPIO_EXTILineConfig                      0x080033b5   Thumb Code    60  stm32f10x_gpio.o(i.GPIO_EXTILineConfig)
    GPIO_Init                                0x080033f5   Thumb Code   278  stm32f10x_gpio.o(i.GPIO_Init)
    GPIO_ReadInputDataBit                    0x0800350b   Thumb Code    18  stm32f10x_gpio.o(i.GPIO_ReadInputDataBit)
    GPIO_ResetBits                           0x0800351d   Thumb Code     4  stm32f10x_gpio.o(i.GPIO_ResetBits)
    GPIO_SetBits                             0x08003521   Thumb Code     4  stm32f10x_gpio.o(i.GPIO_SetBits)
    I2C1_ER_IRQHandler                       0x08003525   Thumb Code    90  bsp_eeprom.o(i.I2C1_ER_IRQHandler)
    I2C1_EV_IRQHandler                       0x08003595   Thumb Code    12  bsp_eeprom.o(i.I2C1_EV_IRQHandler)
    I2C2_ER_IRQHandler                       0x080035a5   Thumb Code    90  bsp_oled.o(i.I2C2_ER_IRQHandler)
    I2C2_EV_IRQHandler                       0x08003615   Thumb Code    12  bsp_oled.o(i.I2C2_EV_IRQHandler)
    I2C_AcknowledgeConfig                    0x08003625   Thumb Code    24  stm32f10x_i2c.o(i.I2C_AcknowledgeConfig)
    I2C_CheckEvent                           0x0800363d   Thumb Code    42  stm32f10x_i2c.o(i.I2C_CheckEvent)
    I2C_ClearITPendingBit                    0x08003667   Thumb Code    12  stm32f10x_i2c.o(i.I2C_ClearITPendingBit)
    I2C_Cmd                                  0x08003673   Thumb Code    24  stm32f10x_i2c.o(i.I2C_Cmd)
    I2C_DMACmd                               0x0800368b   Thumb Code    24  stm32f10x_i2c.o(i.I2C_DMACmd)
    I2C_DeInit                               0x080036a5   Thumb Code    50  stm32f10x_i2c.o(i.I2C_DeInit)
    I2C_GenerateSTART                        0x080036dd   Thumb Code    24  stm32f10x_i2c.o(i.I2C_GenerateSTART)
    I2C_GenerateSTOP                         0x080036f5   Thumb Code    24  stm32f10x_i2c.o(i.I2C_GenerateSTOP)
    I2C_GetFlagStatus                        0x0800370d   Thumb Code    58  stm32f10x_i2c.o(i.I2C_GetFlagStatus)
    I2C_GetITStatus                          0x08003747   Thumb Code    38  stm32f10x_i2c.o(i.I2C_GetITStatus)
    I2C_ITConfig                             0x0800376d   Thumb Code    18  stm32f10x_i2c.o(i.I2C_ITConfig)
    I2C_Init                                 0x08003781   Thumb Code   222  stm32f10x_i2c.o(i.I2C_Init)
    I2C_ReceiveData                          0x0800386d   Thumb Code     8  stm32f10x_i2c.o(i.I2C_ReceiveData)
    I2C_Send7bitAddress                      0x08003875   Thumb Code    18  stm32f10x_i2c.o(i.I2C_Send7bitAddress)
    I2C_SendData                             0x08003887   Thumb Code     4  stm32f10x_i2c.o(i.I2C_SendData)
    I2C_StructInit                           0x0800388b   Thumb Code    30  stm32f10x_i2c.o(i.I2C_StructInit)
    NVIC_Init                                0x080038a9   Thumb Code   100  misc.o(i.NVIC_Init)
    PWR_BackupAccessCmd                      0x08003919   Thumb Code     6  stm32f10x_pwr.o(i.PWR_BackupAccessCmd)
    RCC_AHBPeriphClockCmd                    0x08003925   Thumb Code    26  stm32f10x_rcc.o(i.RCC_AHBPeriphClockCmd)
    RCC_APB1PeriphClockCmd                   0x08003945   Thumb Code    26  stm32f10x_rcc.o(i.RCC_APB1PeriphClockCmd)
    RCC_APB1PeriphResetCmd                   0x08003965   Thumb Code    26  stm32f10x_rcc.o(i.RCC_APB1PeriphResetCmd)
    RCC_APB2PeriphClockCmd                   0x08003985   Thumb Code    26  stm32f10x_rcc.o(i.RCC_APB2PeriphClockCmd)
    RCC_GetClocksFreq                        0x080039a5   Thumb Code   192  stm32f10x_rcc.o(i.RCC_GetClocksFreq)
    RCC_GetFlagStatus                        0x08003a79   Thumb Code    56  stm32f10x_rcc.o(i.RCC_GetFlagStatus)
    RCC_LSEConfig                            0x08003ab5   Thumb Code    46  stm32f10x_rcc.o(i.RCC_LSEConfig)
    RCC_LSICmd                               0x08003ae9   Thumb Code     6  stm32f10x_rcc.o(i.RCC_LSICmd)
    RCC_RTCCLKCmd                            0x08003af5   Thumb Code     6  stm32f10x_rcc.o(i.RCC_RTCCLKCmd)
    RCC_RTCCLKConfig                         0x08003b01   Thumb Code    12  stm32f10x_rcc.o(i.RCC_RTCCLKConfig)
    RTC_EnterConfigMode                      0x08003b11   Thumb Code    14  stm32f10x_rtc.o(i.RTC_EnterConfigMode)
    RTC_ExitConfigMode                       0x08003b25   Thumb Code    16  stm32f10x_rtc.o(i.RTC_ExitConfigMode)
    RTC_GetCounter                           0x08003b39   Thumb Code    16  stm32f10x_rtc.o(i.RTC_GetCounter)
    RTC_SetCounter                           0x08003b4d   Thumb Code    24  stm32f10x_rtc.o(i.RTC_SetCounter)
    RTC_SetPrescaler                         0x08003b69   Thumb Code    26  stm32f10x_rtc.o(i.RTC_SetPrescaler)
    RTC_WaitForLastTask                      0x08003b89   Thumb Code    16  stm32f10x_rtc.o(i.RTC_WaitForLastTask)
    RTC_WaitForSynchro                       0x08003b9d   Thumb Code    30  stm32f10x_rtc.o(i.RTC_WaitForSynchro)
    SysTick_Handler                          0x08003ca9   Thumb Code     8  scheduler.o(i.SysTick_Handler)
    SystemInit                               0x08003cb1   Thumb Code    78  system_stm32f10x.o(i.SystemInit)
    TIM4_IRQHandler                          0x08003f51   Thumb Code   402  bsp_ds18b20.o(i.TIM4_IRQHandler)
    TIM_ClearITPendingBit                    0x080040f1   Thumb Code     6  stm32f10x_tim.o(i.TIM_ClearITPendingBit)
    TIM_Cmd                                  0x080040f7   Thumb Code    24  stm32f10x_tim.o(i.TIM_Cmd)
    TIM_DMACmd                               0x0800410f   Thumb Code    18  stm32f10x_tim.o(i.TIM_DMACmd)
    TIM_GetCounter                           0x08004121   Thumb Code     6  stm32f10x_tim.o(i.TIM_GetCounter)
    TIM_GetITStatus                          0x08004127   Thumb Code    34  stm32f10x_tim.o(i.TIM_GetITStatus)
    TIM_ICInit                               0x08004149   Thumb Code   150  stm32f10x_tim.o(i.TIM_ICInit)
    TIM_ICStructInit                         0x080041f5   Thumb Code    18  stm32f10x_tim.o(i.TIM_ICStructInit)
    TIM_ITConfig                             0x08004207   Thumb Code    18  stm32f10x_tim.o(i.TIM_ITConfig)
    TIM_SetCompare4                          0x08004219   Thumb Code     6  stm32f10x_tim.o(i.TIM_SetCompare4)
    TIM_SetIC1Prescaler                      0x0800421f   Thumb Code    18  stm32f10x_tim.o(i.TIM_SetIC1Prescaler)
    TIM_SetIC2Prescaler                      0x08004231   Thumb Code    26  stm32f10x_tim.o(i.TIM_SetIC2Prescaler)
    TIM_SetIC3Prescaler                      0x0800424b   Thumb Code    18  stm32f10x_tim.o(i.TIM_SetIC3Prescaler)
    TIM_SetIC4Prescaler                      0x0800425d   Thumb Code    26  stm32f10x_tim.o(i.TIM_SetIC4Prescaler)
    TIM_TimeBaseInit                         0x08004279   Thumb Code   122  stm32f10x_tim.o(i.TIM_TimeBaseInit)
    TIM_TimeBaseStructInit                   0x0800431d   Thumb Code    18  stm32f10x_tim.o(i.TIM_TimeBaseStructInit)
    USART1_IRQHandler                        0x08004331   Thumb Code    94  bsp_uart.o(i.USART1_IRQHandler)
    USART_Cmd                                0x080043a1   Thumb Code    24  stm32f10x_usart.o(i.USART_Cmd)
    USART_GetITStatus                        0x080043b9   Thumb Code    84  stm32f10x_usart.o(i.USART_GetITStatus)
    USART_ITConfig                           0x0800440d   Thumb Code    74  stm32f10x_usart.o(i.USART_ITConfig)
    USART_Init                               0x08004459   Thumb Code   210  stm32f10x_usart.o(i.USART_Init)
    USART_ReceiveData                        0x08004531   Thumb Code    10  stm32f10x_usart.o(i.USART_ReceiveData)
    USART_SendData                           0x0800453b   Thumb Code     8  stm32f10x_usart.o(i.USART_SendData)
    USART_StructInit                         0x08004543   Thumb Code    24  stm32f10x_usart.o(i.USART_StructInit)
    __ARM_fpclassify                         0x0800455b   Thumb Code    40  fpclassify.o(i.__ARM_fpclassify)
    __mathlib_dbl_overflow                   0x08004583   Thumb Code    14  dunder.o(i.__mathlib_dbl_overflow)
    __mathlib_dbl_underflow                  0x08004591   Thumb Code    10  dunder.o(i.__mathlib_dbl_underflow)
    __mathlib_narrow                         0x080045a1   Thumb Code    16  narrow.o(i.__mathlib_narrow)
    __mathlib_tofloat                        0x080045b1   Thumb Code   184  narrow.o(i.__mathlib_tofloat)
    __support_ldexp                          0x0800466d   Thumb Code    22  ldexp.o(i.__support_ldexp)
    _is_digit                                0x08004683   Thumb Code    14  __printf_wp.o(i._is_digit)
    alarm_service_init                       0x080047ad   Thumb Code     8  alarm_service.o(i.alarm_service_init)
    alarm_service_is_active                  0x080047b9   Thumb Code     6  alarm_service.o(i.alarm_service_is_active)
    alarm_service_update                     0x080047c5   Thumb Code    66  alarm_service.o(i.alarm_service_update)
    app_main_init                            0x0800480d   Thumb Code   176  app_main.o(i.app_main_init)
    app_main_loop                            0x08004905   Thumb Code   470  app_main.o(i.app_main_loop)
    bsp_buzzer_init                          0x08004bb1   Thumb Code    56  bsp_buzzer.o(i.bsp_buzzer_init)
    bsp_buzzer_set                           0x08004bf1   Thumb Code    34  bsp_buzzer.o(i.bsp_buzzer_set)
    bsp_ds18b20_init                         0x08004c1d   Thumb Code   542  bsp_ds18b20.o(i.bsp_ds18b20_init)
    bsp_ds18b20_read_c                       0x08004e5d   Thumb Code    34  bsp_ds18b20.o(i.bsp_ds18b20_read_c)
    bsp_ds18b20_reset_diag                   0x08004e89   Thumb Code    66  bsp_ds18b20.o(i.bsp_ds18b20_reset_diag)
    bsp_eeprom_init                          0x08004ed5   Thumb Code   236  bsp_eeprom.o(i.bsp_eeprom_init)
    bsp_eeprom_process                       0x08004ff5   Thumb Code   124  bsp_eeprom.o(i.bsp_eeprom_process)
    bsp_eeprom_read                          0x08005091   Thumb Code   278  bsp_eeprom.o(i.bsp_eeprom_read)
    bsp_eeprom_write                         0x080051b9   Thumb Code   116  bsp_eeprom.o(i.bsp_eeprom_write)
    bsp_key_get_state                        0x08005231   Thumb Code    16  bsp_key.o(i.bsp_key_get_state)
    bsp_key_init                             0x08005245   Thumb Code   222  bsp_key.o(i.bsp_key_init)
    bsp_oled_clear                           0x08005329   Thumb Code    28  bsp_oled.o(i.bsp_oled_clear)
    bsp_oled_draw_text                       0x08005349   Thumb Code    58  bsp_oled.o(i.bsp_oled_draw_text)
    bsp_oled_init                            0x08005389   Thumb Code   366  bsp_oled.o(i.bsp_oled_init)
    bsp_oled_process                         0x08005509   Thumb Code    90  bsp_oled.o(i.bsp_oled_process)
    bsp_oled_refresh                         0x08005571   Thumb Code    20  bsp_oled.o(i.bsp_oled_refresh)
    bsp_relay_init                           0x0800558d   Thumb Code    56  bsp_relay.o(i.bsp_relay_init)
    bsp_relay_set                            0x080055cd   Thumb Code    34  bsp_relay.o(i.bsp_relay_set)
    bsp_rtc_get_minutes_of_day               0x080055f9   Thumb Code    38  bsp_rtc.o(i.bsp_rtc_get_minutes_of_day)
    bsp_rtc_init                             0x08005625   Thumb Code    42  bsp_rtc.o(i.bsp_rtc_init)
    bsp_uart_init                            0x08005651   Thumb Code   166  bsp_uart.o(i.bsp_uart_init)
    bsp_uart_read_line                       0x08005715   Thumb Code    64  bsp_uart.o(i.bsp_uart_read_line)
    bsp_uart_write                           0x08005761   Thumb Code    92  bsp_uart.o(i.bsp_uart_write)
    debug_log_error                          0x08005871   Thumb Code    32  debug_log.o(i.debug_log_error)
    debug_log_info                           0x08005895   Thumb Code    32  debug_log.o(i.debug_log_info)
    debug_log_init                           0x080058b9   Thumb Code     2  debug_log.o(i.debug_log_init)
    debug_log_warn                           0x0800590d   Thumb Code    32  debug_log.o(i.debug_log_warn)
    frexp                                    0x08005c55   Thumb Code    80  frexp.o(i.frexp)
    heater_ctrl_force_off                    0x0800695d   Thumb Code    28  heater_ctrl.o(i.heater_ctrl_force_off)
    heater_ctrl_get_state                    0x08006989   Thumb Code     6  heater_ctrl.o(i.heater_ctrl_get_state)
    heater_ctrl_init                         0x08006995   Thumb Code    46  heater_ctrl.o(i.heater_ctrl_init)
    heater_ctrl_set_output_percent           0x080069dd   Thumb Code    34  heater_ctrl.o(i.heater_ctrl_set_output_percent)
    heater_ctrl_update_1ms                   0x08006a09   Thumb Code   164  heater_ctrl.o(i.heater_ctrl_update_1ms)
    ldexp                                    0x08006bfb   Thumb Code   116  ldexp.o(i.ldexp)
    log_service_clear                        0x08006cfd   Thumb Code    12  log_service.o(i.log_service_clear)
    log_service_count                        0x08006d11   Thumb Code     6  log_service.o(i.log_service_count)
    log_service_get                          0x08006d1d   Thumb Code    66  log_service.o(i.log_service_get)
    log_service_init                         0x08006d6d   Thumb Code    16  log_service.o(i.log_service_init)
    log_service_push                         0x08006d89   Thumb Code   102  log_service.o(i.log_service_push)
    main                                     0x08006e01   Thumb Code    12  main.o(i.main)
    param_store_get                          0x0800726d   Thumb Code     4  param_store.o(i.param_store_get)
    param_store_get_mutable                  0x08007275   Thumb Code     4  param_store.o(i.param_store_get_mutable)
    param_store_init                         0x0800727d   Thumb Code    40  param_store.o(i.param_store_init)
    param_store_load_defaults                0x080072b1   Thumb Code    50  param_store.o(i.param_store_load_defaults)
    param_store_save                         0x080072f5   Thumb Code   100  param_store.o(i.param_store_save)
    param_store_tick_1s                      0x08007365   Thumb Code    48  param_store.o(i.param_store_tick_1s)
    pid_init                                 0x080073a1   Thumb Code    40  pid_ctrl.o(i.pid_init)
    pid_step                                 0x080073cd   Thumb Code   274  pid_ctrl.o(i.pid_step)
    protocol_export_init                     0x08007781   Thumb Code     8  protocol_export.o(i.protocol_export_init)
    protocol_export_process                  0x08007789   Thumb Code   322  protocol_export.o(i.protocol_export_process)
    schedule_service_heating_allowed         0x08008061   Thumb Code     6  schedule_service.o(i.schedule_service_heating_allowed)
    schedule_service_init                    0x0800806d   Thumb Code    24  schedule_service.o(i.schedule_service_init)
    schedule_service_set_config              0x0800808d   Thumb Code    56  schedule_service.o(i.schedule_service_set_config)
    schedule_service_update                  0x080080c9   Thumb Code    50  schedule_service.o(i.schedule_service_update)
    scheduler_init                           0x08008105   Thumb Code   102  scheduler.o(i.scheduler_init)
    scheduler_now_ms                         0x08008189   Thumb Code     6  scheduler.o(i.scheduler_now_ms)
    scheduler_poll                           0x08008195   Thumb Code    76  scheduler.o(i.scheduler_poll)
    scheduler_tick_1ms                       0x080081f1   Thumb Code    12  scheduler.o(i.scheduler_tick_1ms)
    temp_manager_get_snapshot                0x080083b5   Thumb Code     4  temp_manager.o(i.temp_manager_get_snapshot)
    temp_manager_init                        0x080083bd   Thumb Code   106  temp_manager.o(i.temp_manager_init)
    temp_manager_update                      0x08008441   Thumb Code   468  temp_manager.o(i.temp_manager_update)
    ui_service_init                          0x08008709   Thumb Code   200  ui_service.o(i.ui_service_init)
    ui_service_tick_100ms                    0x080087d5   Thumb Code    96  ui_service.o(i.ui_service_tick_100ms)
    ui_service_tick_200ms                    0x08008839   Thumb Code    70  ui_service.o(i.ui_service_tick_200ms)
    _get_lc_numeric                          0x080088f5   Thumb Code    44  lc_numeric_c.o(locale$$code)
    _get_lc_ctype                            0x08008921   Thumb Code    44  lc_ctype_c.o(locale$$code)
    __aeabi_d2f                              0x0800894d   Thumb Code     0  d2f.o(x$fpl$d2f)
    _d2f                                     0x0800894d   Thumb Code    98  d2f.o(x$fpl$d2f)
    __fpl_dcheck_NaN1                        0x080089b1   Thumb Code    10  dcheck1.o(x$fpl$dcheck1)
    __fpl_dcmp_Inf                           0x080089c1   Thumb Code    24  dcmpi.o(x$fpl$dcmpinf)
    __aeabi_cdcmpeq                          0x080089d9   Thumb Code     0  deqf.o(x$fpl$deqf)
    _dcmpeq                                  0x080089d9   Thumb Code   120  deqf.o(x$fpl$deqf)
    __aeabi_cdcmple                          0x08008a51   Thumb Code     0  dleqf.o(x$fpl$dleqf)
    _dcmple                                  0x08008a51   Thumb Code   120  dleqf.o(x$fpl$dleqf)
    __fpl_dcmple_InfNaN                      0x08008ab3   Thumb Code     0  dleqf.o(x$fpl$dleqf)
    __fpl_dnaninf                            0x08008ac9   Thumb Code   156  dnaninf.o(x$fpl$dnaninf)
    __fpl_dretinf                            0x08008b65   Thumb Code    12  dretinf.o(x$fpl$dretinf)
    __aeabi_cdrcmple                         0x08008b71   Thumb Code     0  drleqf.o(x$fpl$drleqf)
    _drcmple                                 0x08008b71   Thumb Code   108  drleqf.o(x$fpl$drleqf)
    __aeabi_f2d                              0x08008bdd   Thumb Code     0  f2d.o(x$fpl$f2d)
    _f2d                                     0x08008bdd   Thumb Code    86  f2d.o(x$fpl$f2d)
    __aeabi_fadd                             0x08008c35   Thumb Code     0  faddsub_clz.o(x$fpl$fadd)
    _fadd                                    0x08008c35   Thumb Code   196  faddsub_clz.o(x$fpl$fadd)
    __fpl_fcmp_Inf                           0x08008cf9   Thumb Code    24  fcmpi.o(x$fpl$fcmpinf)
    __aeabi_fdiv                             0x08008d11   Thumb Code     0  fdiv.o(x$fpl$fdiv)
    _fdiv                                    0x08008d11   Thumb Code   384  fdiv.o(x$fpl$fdiv)
    __aeabi_cfcmpeq                          0x08008e95   Thumb Code     0  feqf.o(x$fpl$feqf)
    _fcmpeq                                  0x08008e95   Thumb Code   104  feqf.o(x$fpl$feqf)
    __aeabi_f2uiz                            0x08008efd   Thumb Code     0  ffixu.o(x$fpl$ffixu)
    _ffixu                                   0x08008efd   Thumb Code    62  ffixu.o(x$fpl$ffixu)
    __aeabi_i2f                              0x08008f3d   Thumb Code     0  fflt_clz.o(x$fpl$fflt)
    _fflt                                    0x08008f3d   Thumb Code    48  fflt_clz.o(x$fpl$fflt)
    __aeabi_ui2f                             0x08008f6d   Thumb Code     0  fflt_clz.o(x$fpl$ffltu)
    _ffltu                                   0x08008f6d   Thumb Code    38  fflt_clz.o(x$fpl$ffltu)
    __aeabi_cfcmple                          0x08008f95   Thumb Code     0  fleqf.o(x$fpl$fleqf)
    _fcmple                                  0x08008f95   Thumb Code   104  fleqf.o(x$fpl$fleqf)
    __fpl_fcmple_InfNaN                      0x08008fe7   Thumb Code     0  fleqf.o(x$fpl$fleqf)
    __aeabi_fmul                             0x08008ffd   Thumb Code     0  fmul.o(x$fpl$fmul)
    _fmul                                    0x08008ffd   Thumb Code   258  fmul.o(x$fpl$fmul)
    __fpl_fnaninf                            0x080090ff   Thumb Code   140  fnaninf.o(x$fpl$fnaninf)
    __fpl_fretinf                            0x0800918b   Thumb Code    10  fretinf.o(x$fpl$fretinf)
    __aeabi_cfrcmple                         0x08009195   Thumb Code     0  frleqf.o(x$fpl$frleqf)
    _frcmple                                 0x08009195   Thumb Code    98  frleqf.o(x$fpl$frleqf)
    __aeabi_fsub                             0x080091f9   Thumb Code     0  faddsub_clz.o(x$fpl$fsub)
    _fsub                                    0x080091f9   Thumb Code   234  faddsub_clz.o(x$fpl$fsub)
    __ieee_status                            0x080092e3   Thumb Code     6  istatus.o(x$fpl$ieeestatus)
    _printf_fp_dec                           0x080092e9   Thumb Code     4  printf1.o(x$fpl$printf1)
    _printf_fp_hex                           0x080092ed   Thumb Code     4  printf2.o(x$fpl$printf2)
    __fpl_return_NaN                         0x080092f1   Thumb Code   100  retnan.o(x$fpl$retnan)
    __ARM_scalbn                             0x08009355   Thumb Code    92  scalbn.o(x$fpl$scalbn)
    _scanf_real                              0x080093b1   Thumb Code     4  scanf1.o(x$fpl$scanf1)
    _scanf_hex_real                          0x080093b5   Thumb Code     4  scanf2.o(x$fpl$scanf2)
    _scanf_infnan                            0x080093b9   Thumb Code     4  scanf2.o(x$fpl$scanf2)
    __fpl_cmpreturn                          0x080093bd   Thumb Code    48  trapv.o(x$fpl$trapveneer)
    __I$use$fp                               0x080093ec   Number         0  usenofp.o(x$fpl$usenofp)
    Region$$Table$$Base                      0x08009590   Number         0  anon$$obj.o(Region$$Table)
    Region$$Table$$Limit                     0x080095b0   Number         0  anon$$obj.o(Region$$Table)
    __aeabi_HUGE_VAL                         0x080095b0   Data           0  fpconst.o(c$$dinf)
    __aeabi_HUGE_VALL                        0x080095b0   Data           0  fpconst.o(c$$dinf)
    __aeabi_INFINITY                         0x080095b0   Data           0  fpconst.o(c$$dinf)
    __dInf                                   0x080095b0   Data           0  fpconst.o(c$$dinf)
    __huge_val                               0x080095b0   Data           0  fpconst.o(c$$dinf)
    __dbl_max                                0x080095b8   Data           0  fpconst.o(c$$dmax)
    __ctype                                  0x080095e9   Data           0  lc_ctype_c.o(locale$$data)
    SystemCoreClock                          0x200000d4   Data           4  system_stm32f10x.o(.data)
    AHBPrescTable                            0x200000d8   Data          16  system_stm32f10x.o(.data)
    __libspace_start                         0x20004fa8   Data          96  libspace.o(.bss)
    __temporary_stack_top$libspace           0x20005008   Data           0  libspace.o(.bss)



==============================================================================

Memory Map of the image

  Image Entry point : 0x08000235

  Load Region LR_1 (Base: 0x08000000, Size: 0x000097e8, Max: 0xffffffff, ABSOLUTE)

    Execution Region ER_RO (Exec base: 0x08000000, Load base: 0x08000000, Size: 0x000096ec, Max: 0xffffffff, ABSOLUTE)

    Exec Addr    Load Addr    Size         Type   Attr      Idx    E Section Name        Object

    0x08000000   0x08000000   0x000000ec   Data   RO         1507    RESET               startup_stm32f10x_md.o
    0x080000ec   0x080000ec   0x00000008   Code   RO         4568  * !!!main             c_w.l(__main.o)
    0x080000f4   0x080000f4   0x00000034   Code   RO         5004    !!!scatter          c_w.l(__scatter.o)
    0x08000128   0x08000128   0x0000001a   Code   RO         5006    !!handler_copy      c_w.l(__scatter_copy.o)
    0x08000142   0x08000142   0x00000002   PAD
    0x08000144   0x08000144   0x0000001c   Code   RO         5008    !!handler_zi        c_w.l(__scatter_zi.o)
    0x08000160   0x08000160   0x00000000   Code   RO         4547    .ARM.Collect$$_printf_percent$$00000000  c_w.l(_printf_percent.o)
    0x08000160   0x08000160   0x00000006   Code   RO         4654    .ARM.Collect$$_printf_percent$$00000001  c_w.l(_printf_n.o)
    0x08000166   0x08000166   0x00000006   Code   RO         4656    .ARM.Collect$$_printf_percent$$00000002  c_w.l(_printf_p.o)
    0x0800016c   0x0800016c   0x00000006   Code   RO         4546    .ARM.Collect$$_printf_percent$$00000003  c_w.l(_printf_f.o)
    0x08000172   0x08000172   0x00000006   Code   RO         4659    .ARM.Collect$$_printf_percent$$00000004  c_w.l(_printf_e.o)
    0x08000178   0x08000178   0x00000006   Code   RO         4660    .ARM.Collect$$_printf_percent$$00000005  c_w.l(_printf_g.o)
    0x0800017e   0x0800017e   0x00000006   Code   RO         4661    .ARM.Collect$$_printf_percent$$00000006  c_w.l(_printf_a.o)
    0x08000184   0x08000184   0x0000000a   Code   RO         4666    .ARM.Collect$$_printf_percent$$00000007  c_w.l(_printf_ll.o)
    0x0800018e   0x0800018e   0x00000006   Code   RO         4658    .ARM.Collect$$_printf_percent$$00000008  c_w.l(_printf_i.o)
    0x08000194   0x08000194   0x00000006   Code   RO         4544    .ARM.Collect$$_printf_percent$$00000009  c_w.l(_printf_d.o)
    0x0800019a   0x0800019a   0x00000006   Code   RO         4545    .ARM.Collect$$_printf_percent$$0000000A  c_w.l(_printf_u.o)
    0x080001a0   0x080001a0   0x00000006   Code   RO         4657    .ARM.Collect$$_printf_percent$$0000000B  c_w.l(_printf_o.o)
    0x080001a6   0x080001a6   0x00000006   Code   RO         4655    .ARM.Collect$$_printf_percent$$0000000C  c_w.l(_printf_x.o)
    0x080001ac   0x080001ac   0x00000006   Code   RO         4663    .ARM.Collect$$_printf_percent$$0000000D  c_w.l(_printf_lli.o)
    0x080001b2   0x080001b2   0x00000006   Code   RO         4664    .ARM.Collect$$_printf_percent$$0000000E  c_w.l(_printf_lld.o)
    0x080001b8   0x080001b8   0x00000006   Code   RO         4665    .ARM.Collect$$_printf_percent$$0000000F  c_w.l(_printf_llu.o)
    0x080001be   0x080001be   0x00000006   Code   RO         4670    .ARM.Collect$$_printf_percent$$00000010  c_w.l(_printf_llo.o)
    0x080001c4   0x080001c4   0x00000006   Code   RO         4671    .ARM.Collect$$_printf_percent$$00000011  c_w.l(_printf_llx.o)
    0x080001ca   0x080001ca   0x0000000a   Code   RO         4667    .ARM.Collect$$_printf_percent$$00000012  c_w.l(_printf_l.o)
    0x080001d4   0x080001d4   0x00000006   Code   RO         4653    .ARM.Collect$$_printf_percent$$00000013  c_w.l(_printf_c.o)
    0x080001da   0x080001da   0x00000006   Code   RO         4543    .ARM.Collect$$_printf_percent$$00000014  c_w.l(_printf_s.o)
    0x080001e0   0x080001e0   0x00000006   Code   RO         4668    .ARM.Collect$$_printf_percent$$00000015  c_w.l(_printf_lc.o)
    0x080001e6   0x080001e6   0x00000006   Code   RO         4669    .ARM.Collect$$_printf_percent$$00000016  c_w.l(_printf_ls.o)
    0x080001ec   0x080001ec   0x00000004   Code   RO         4662    .ARM.Collect$$_printf_percent$$00000017  c_w.l(_printf_percent_end.o)
    0x080001f0   0x080001f0   0x00000002   Code   RO         4809    .ARM.Collect$$libinit$$00000000  c_w.l(libinit.o)
    0x080001f2   0x080001f2   0x00000000   Code   RO         4811    .ARM.Collect$$libinit$$00000002  c_w.l(libinit2.o)
    0x080001f2   0x080001f2   0x00000000   Code   RO         4813    .ARM.Collect$$libinit$$00000004  c_w.l(libinit2.o)
    0x080001f2   0x080001f2   0x00000000   Code   RO         4816    .ARM.Collect$$libinit$$0000000A  c_w.l(libinit2.o)
    0x080001f2   0x080001f2   0x00000000   Code   RO         4818    .ARM.Collect$$libinit$$0000000C  c_w.l(libinit2.o)
    0x080001f2   0x080001f2   0x00000000   Code   RO         4820    .ARM.Collect$$libinit$$0000000E  c_w.l(libinit2.o)
    0x080001f2   0x080001f2   0x00000006   Code   RO         4821    .ARM.Collect$$libinit$$0000000F  c_w.l(libinit2.o)
    0x080001f8   0x080001f8   0x00000000   Code   RO         4823    .ARM.Collect$$libinit$$00000011  c_w.l(libinit2.o)
    0x080001f8   0x080001f8   0x0000000c   Code   RO         4824    .ARM.Collect$$libinit$$00000012  c_w.l(libinit2.o)
    0x08000204   0x08000204   0x00000000   Code   RO         4825    .ARM.Collect$$libinit$$00000013  c_w.l(libinit2.o)
    0x08000204   0x08000204   0x00000000   Code   RO         4827    .ARM.Collect$$libinit$$00000015  c_w.l(libinit2.o)
    0x08000204   0x08000204   0x0000000a   Code   RO         4828    .ARM.Collect$$libinit$$00000016  c_w.l(libinit2.o)
    0x0800020e   0x0800020e   0x00000000   Code   RO         4829    .ARM.Collect$$libinit$$00000017  c_w.l(libinit2.o)
    0x0800020e   0x0800020e   0x00000000   Code   RO         4831    .ARM.Collect$$libinit$$00000019  c_w.l(libinit2.o)
    0x0800020e   0x0800020e   0x00000000   Code   RO         4833    .ARM.Collect$$libinit$$0000001B  c_w.l(libinit2.o)
    0x0800020e   0x0800020e   0x00000000   Code   RO         4835    .ARM.Collect$$libinit$$0000001D  c_w.l(libinit2.o)
    0x0800020e   0x0800020e   0x00000000   Code   RO         4837    .ARM.Collect$$libinit$$0000001F  c_w.l(libinit2.o)
    0x0800020e   0x0800020e   0x00000000   Code   RO         4839    .ARM.Collect$$libinit$$00000021  c_w.l(libinit2.o)
    0x0800020e   0x0800020e   0x00000000   Code   RO         4841    .ARM.Collect$$libinit$$00000023  c_w.l(libinit2.o)
    0x0800020e   0x0800020e   0x00000000   Code   RO         4843    .ARM.Collect$$libinit$$00000025  c_w.l(libinit2.o)
    0x0800020e   0x0800020e   0x00000000   Code   RO         4847    .ARM.Collect$$libinit$$0000002C  c_w.l(libinit2.o)
    0x0800020e   0x0800020e   0x00000000   Code   RO         4849    .ARM.Collect$$libinit$$0000002E  c_w.l(libinit2.o)
    0x0800020e   0x0800020e   0x00000000   Code   RO         4851    .ARM.Collect$$libinit$$00000030  c_w.l(libinit2.o)
    0x0800020e   0x0800020e   0x00000000   Code   RO         4853    .ARM.Collect$$libinit$$00000032  c_w.l(libinit2.o)
    0x0800020e   0x0800020e   0x00000002   Code   RO         4854    .ARM.Collect$$libinit$$00000033  c_w.l(libinit2.o)
    0x08000210   0x08000210   0x00000002   Code   RO         4936    .ARM.Collect$$libshutdown$$00000000  c_w.l(libshutdown.o)
    0x08000212   0x08000212   0x00000000   Code   RO         4961    .ARM.Collect$$libshutdown$$00000002  c_w.l(libshutdown2.o)
    0x08000212   0x08000212   0x00000000   Code   RO         4963    .ARM.Collect$$libshutdown$$00000004  c_w.l(libshutdown2.o)
    0x08000212   0x08000212   0x00000000   Code   RO         4966    .ARM.Collect$$libshutdown$$00000007  c_w.l(libshutdown2.o)
    0x08000212   0x08000212   0x00000000   Code   RO         4969    .ARM.Collect$$libshutdown$$0000000A  c_w.l(libshutdown2.o)
    0x08000212   0x08000212   0x00000000   Code   RO         4971    .ARM.Collect$$libshutdown$$0000000C  c_w.l(libshutdown2.o)
    0x08000212   0x08000212   0x00000000   Code   RO         4974    .ARM.Collect$$libshutdown$$0000000F  c_w.l(libshutdown2.o)
    0x08000212   0x08000212   0x00000002   Code   RO         4975    .ARM.Collect$$libshutdown$$00000010  c_w.l(libshutdown2.o)
    0x08000214   0x08000214   0x00000000   Code   RO         4604    .ARM.Collect$$rtentry$$00000000  c_w.l(__rtentry.o)
    0x08000214   0x08000214   0x00000000   Code   RO         4698    .ARM.Collect$$rtentry$$00000002  c_w.l(__rtentry2.o)
    0x08000214   0x08000214   0x00000006   Code   RO         4710    .ARM.Collect$$rtentry$$00000004  c_w.l(__rtentry4.o)
    0x0800021a   0x0800021a   0x00000000   Code   RO         4700    .ARM.Collect$$rtentry$$00000009  c_w.l(__rtentry2.o)
    0x0800021a   0x0800021a   0x00000004   Code   RO         4701    .ARM.Collect$$rtentry$$0000000A  c_w.l(__rtentry2.o)
    0x0800021e   0x0800021e   0x00000000   Code   RO         4703    .ARM.Collect$$rtentry$$0000000C  c_w.l(__rtentry2.o)
    0x0800021e   0x0800021e   0x00000008   Code   RO         4704    .ARM.Collect$$rtentry$$0000000D  c_w.l(__rtentry2.o)
    0x08000226   0x08000226   0x00000002   Code   RO         4865    .ARM.Collect$$rtexit$$00000000  c_w.l(rtexit.o)
    0x08000228   0x08000228   0x00000000   Code   RO         4897    .ARM.Collect$$rtexit$$00000002  c_w.l(rtexit2.o)
    0x08000228   0x08000228   0x00000004   Code   RO         4898    .ARM.Collect$$rtexit$$00000003  c_w.l(rtexit2.o)
    0x0800022c   0x0800022c   0x00000006   Code   RO         4899    .ARM.Collect$$rtexit$$00000004  c_w.l(rtexit2.o)
    0x08000232   0x08000232   0x00000002   PAD
    0x08000234   0x08000234   0x00000040   Code   RO         1508  * .text               startup_stm32f10x_md.o
    0x08000274   0x08000274   0x00000034   Code   RO         4509    .text               c_w.l(vsnprintf.o)
    0x080002a8   0x080002a8   0x00000038   Code   RO         4511    .text               c_w.l(__2snprintf.o)
    0x080002e0   0x080002e0   0x0000004e   Code   RO         4517    .text               c_w.l(_printf_pad.o)
    0x0800032e   0x0800032e   0x00000052   Code   RO         4519    .text               c_w.l(_printf_str.o)
    0x08000380   0x08000380   0x00000078   Code   RO         4521    .text               c_w.l(_printf_dec.o)
    0x080003f8   0x080003f8   0x00000188   Code   RO         4540    .text               c_w.l(__printf_flags_ss_wp.o)
    0x08000580   0x08000580   0x0000003c   Code   RO         4548    .text               c_w.l(__0sscanf.o)
    0x080005bc   0x080005bc   0x0000014c   Code   RO         4550    .text               c_w.l(_scanf_int.o)
    0x08000708   0x08000708   0x00000058   Code   RO         4552    .text               c_w.l(memcmp.o)
    0x08000760   0x08000760   0x00000096   Code   RO         4554    .text               c_w.l(strncmp.o)
    0x080007f6   0x080007f6   0x0000008a   Code   RO         4556    .text               c_w.l(rt_memcpy_v6.o)
    0x08000880   0x08000880   0x00000064   Code   RO         4558    .text               c_w.l(rt_memcpy_w.o)
    0x080008e4   0x080008e4   0x00000010   Code   RO         4560    .text               c_w.l(aeabi_memset.o)
    0x080008f4   0x080008f4   0x00000056   Code   RO         4562    .text               c_w.l(strncpy.o)
    0x0800094a   0x0800094a   0x00000002   PAD
    0x0800094c   0x0800094c   0x00000080   Code   RO         4564    .text               c_w.l(strcmpv7m.o)
    0x080009cc   0x080009cc   0x00000006   Code   RO         4566    .text               c_w.l(heapauxi.o)
    0x080009d2   0x080009d2   0x00000024   Code   RO         4605    .text               c_w.l(_printf_truncate.o)
    0x080009f6   0x080009f6   0x000000b2   Code   RO         4607    .text               c_w.l(_printf_intcommon.o)
    0x08000aa8   0x08000aa8   0x00000028   Code   RO         4609    .text               c_w.l(_printf_charcount.o)
    0x08000ad0   0x08000ad0   0x0000041e   Code   RO         4611    .text               c_w.l(_printf_fp_dec.o)
    0x08000eee   0x08000eee   0x00000002   PAD
    0x08000ef0   0x08000ef0   0x00000030   Code   RO         4613    .text               c_w.l(_printf_char_common.o)
    0x08000f20   0x08000f20   0x0000000a   Code   RO         4615    .text               c_w.l(_sputc.o)
    0x08000f2a   0x08000f2a   0x00000010   Code   RO         4617    .text               c_w.l(_snputc.o)
    0x08000f3a   0x08000f3a   0x0000002c   Code   RO         4619    .text               c_w.l(_printf_char.o)
    0x08000f66   0x08000f66   0x00000002   PAD
    0x08000f68   0x08000f68   0x000000bc   Code   RO         4621    .text               c_w.l(_printf_wctomb.o)
    0x08001024   0x08001024   0x0000007c   Code   RO         4624    .text               c_w.l(_printf_longlong_dec.o)
    0x080010a0   0x080010a0   0x00000070   Code   RO         4630    .text               c_w.l(_printf_oct_int_ll.o)
    0x08001110   0x08001110   0x00000094   Code   RO         4650    .text               c_w.l(_printf_hex_int_ll_ptr.o)
    0x080011a4   0x080011a4   0x0000001c   Code   RO         4672    .text               c_w.l(_chval.o)
    0x080011c0   0x080011c0   0x000004f8   Code   RO         4674    .text               c_w.l(scanf_fp.o)
    0x080016b8   0x080016b8   0x0000002c   Code   RO         4676    .text               c_w.l(scanf_char.o)
    0x080016e4   0x080016e4   0x00000040   Code   RO         4678    .text               c_w.l(_sgetc.o)
    0x08001724   0x08001724   0x00000044   Code   RO         4680    .text               c_w.l(rt_memclr.o)
    0x08001768   0x08001768   0x00000008   Code   RO         4715    .text               c_w.l(rt_locale_intlibspace.o)
    0x08001770   0x08001770   0x00000008   Code   RO         4720    .text               c_w.l(rt_errno_addr_intlibspace.o)
    0x08001778   0x08001778   0x0000008a   Code   RO         4722    .text               c_w.l(lludiv10.o)
    0x08001802   0x08001802   0x00000012   Code   RO         4724    .text               c_w.l(isspace.o)
    0x08001814   0x08001814   0x000002fc   Code   RO         4726    .text               c_w.l(_printf_fp_hex.o)
    0x08001b10   0x08001b10   0x00000080   Code   RO         4729    .text               c_w.l(_printf_fp_infnan.o)
    0x08001b90   0x08001b90   0x0000002c   Code   RO         4733    .text               c_w.l(_printf_wchar.o)
    0x08001bbc   0x08001bbc   0x00000374   Code   RO         4735    .text               c_w.l(_scanf.o)
    0x08001f30   0x08001f30   0x000000e4   Code   RO         4737    .text               c_w.l(bigflt0.o)
    0x08002014   0x08002014   0x00000040   Code   RO         4762    .text               c_w.l(_wcrtomb.o)
    0x08002054   0x08002054   0x0000004e   Code   RO         4767    .text               c_w.l(rt_memclr_w.o)
    0x080020a2   0x080020a2   0x00000002   PAD
    0x080020a4   0x080020a4   0x00000008   Code   RO         4789    .text               c_w.l(libspace.o)
    0x080020ac   0x080020ac   0x0000004a   Code   RO         4792    .text               c_w.l(sys_stackheap_outer.o)
    0x080020f6   0x080020f6   0x00000002   PAD
    0x080020f8   0x080020f8   0x00000010   Code   RO         4794    .text               c_w.l(rt_ctype_table.o)
    0x08002108   0x08002108   0x00000016   Code   RO         4796    .text               c_w.l(_rserrno.o)
    0x0800211e   0x0800211e   0x00000002   PAD
    0x08002120   0x08002120   0x00000320   Code   RO         4798    .text               c_w.l(scanf_hexfp.o)
    0x08002440   0x08002440   0x00000134   Code   RO         4800    .text               c_w.l(scanf_infnan.o)
    0x08002574   0x08002574   0x00000012   Code   RO         4802    .text               c_w.l(exit.o)
    0x08002586   0x08002586   0x00000026   Code   RO         4867    .text               c_w.l(llshl.o)
    0x080025ac   0x080025ac   0x0000000c   Code   RO         4926    .text               c_w.l(sys_exit.o)
    0x080025b8   0x080025b8   0x00000002   Code   RO         4951    .text               c_w.l(use_no_semi.o)
    0x080025ba   0x080025ba   0x00000000   Code   RO         4953    .text               c_w.l(indicate_semi.o)
    0x080025ba   0x080025ba   0x0000003e   Code   RO         4740    CL$$btod_d2e        c_w.l(btod.o)
    0x080025f8   0x080025f8   0x00000046   Code   RO         4742    CL$$btod_d2e_denorm_low  c_w.l(btod.o)
    0x0800263e   0x0800263e   0x00000060   Code   RO         4741    CL$$btod_d2e_norm_op1  c_w.l(btod.o)
    0x0800269e   0x0800269e   0x00000338   Code   RO         4750    CL$$btod_div_common  c_w.l(btod.o)
    0x080029d6   0x080029d6   0x00000002   PAD
    0x080029d8   0x080029d8   0x00000084   Code   RO         4748    CL$$btod_e2d        c_w.l(btod.o)
    0x08002a5c   0x08002a5c   0x000000dc   Code   RO         4747    CL$$btod_e2e        c_w.l(btod.o)
    0x08002b38   0x08002b38   0x0000002a   Code   RO         4744    CL$$btod_ediv       c_w.l(btod.o)
    0x08002b62   0x08002b62   0x0000002a   Code   RO         4746    CL$$btod_edivd      c_w.l(btod.o)
    0x08002b8c   0x08002b8c   0x0000002a   Code   RO         4743    CL$$btod_emul       c_w.l(btod.o)
    0x08002bb6   0x08002bb6   0x0000002a   Code   RO         4745    CL$$btod_emuld      c_w.l(btod.o)
    0x08002be0   0x08002be0   0x00000244   Code   RO         4749    CL$$btod_mult_common  c_w.l(btod.o)
    0x08002e24   0x08002e24   0x0000001c   Code   RO         1781    i.BKP_ReadBackupRegister  stm32f10x_bkp.o
    0x08002e40   0x08002e40   0x0000001c   Code   RO         1785    i.BKP_WriteBackupRegister  stm32f10x_bkp.o
    0x08002e5c   0x08002e5c   0x00000024   Code   RO         2103    i.CRC_CalcBlockCRC  stm32f10x_crc.o
    0x08002e80   0x08002e80   0x0000000c   Code   RO         2107    i.CRC_ResetDR       stm32f10x_crc.o
    0x08002e8c   0x08002e8c   0x00000048   Code   RO            1    i.DMA1_Channel1_IRQHandler  bsp_ds18b20.o
    0x08002ed4   0x08002ed4   0x00000050   Code   RO            2    i.DMA1_Channel4_IRQHandler  bsp_ds18b20.o
    0x08002f24   0x08002f24   0x00000050   Code   RO            3    i.DMA1_Channel5_IRQHandler  bsp_ds18b20.o
    0x08002f74   0x08002f74   0x000000e8   Code   RO          591    i.DMA1_Channel6_IRQHandler  bsp_eeprom.o
    0x0800305c   0x0800305c   0x0000001c   Code   RO         2253    i.DMA_ClearFlag     stm32f10x_dma.o
    0x08003078   0x08003078   0x0000001c   Code   RO         2254    i.DMA_ClearITPendingBit  stm32f10x_dma.o
    0x08003094   0x08003094   0x00000018   Code   RO         2255    i.DMA_Cmd           stm32f10x_dma.o
    0x080030ac   0x080030ac   0x0000002c   Code   RO         2258    i.DMA_GetFlagStatus  stm32f10x_dma.o
    0x080030d8   0x080030d8   0x0000002c   Code   RO         2259    i.DMA_GetITStatus   stm32f10x_dma.o
    0x08003104   0x08003104   0x00000012   Code   RO         2260    i.DMA_ITConfig      stm32f10x_dma.o
    0x08003116   0x08003116   0x0000003c   Code   RO         2261    i.DMA_Init          stm32f10x_dma.o
    0x08003152   0x08003152   0x0000001a   Code   RO         2263    i.DMA_StructInit    stm32f10x_dma.o
    0x0800316c   0x0800316c   0x0000000c   Code   RO          394    i.EXTI0_IRQHandler  bsp_key.o
    0x08003178   0x08003178   0x0000000c   Code   RO          395    i.EXTI1_IRQHandler  bsp_key.o
    0x08003184   0x08003184   0x0000000c   Code   RO          396    i.EXTI2_IRQHandler  bsp_key.o
    0x08003190   0x08003190   0x0000000c   Code   RO          397    i.EXTI3_IRQHandler  bsp_key.o
    0x0800319c   0x0800319c   0x0000000c   Code   RO         2326    i.EXTI_ClearITPendingBit  stm32f10x_exti.o
    0x080031a8   0x080031a8   0x00000028   Code   RO         2330    i.EXTI_GetITStatus  stm32f10x_exti.o
    0x080031d0   0x080031d0   0x00000094   Code   RO         2331    i.EXTI_Init         stm32f10x_exti.o
    0x08003264   0x08003264   0x00000010   Code   RO         2332    i.EXTI_StructInit   stm32f10x_exti.o
    0x08003274   0x08003274   0x0000004c   Code   RO         2384    i.FLASH_ErasePage   stm32f10x_flash.o
    0x080032c0   0x080032c0   0x00000034   Code   RO         2385    i.FLASH_GetBank1Status  stm32f10x_flash.o
    0x080032f4   0x080032f4   0x00000014   Code   RO         2394    i.FLASH_Lock        stm32f10x_flash.o
    0x08003308   0x08003308   0x0000006c   Code   RO         2399    i.FLASH_ProgramWord  stm32f10x_flash.o
    0x08003374   0x08003374   0x00000018   Code   RO         2402    i.FLASH_Unlock      stm32f10x_flash.o
    0x0800338c   0x0800338c   0x00000026   Code   RO         2406    i.FLASH_WaitForLastOperation  stm32f10x_flash.o
    0x080033b2   0x080033b2   0x00000002   PAD
    0x080033b4   0x080033b4   0x00000040   Code   RO         2679    i.GPIO_EXTILineConfig  stm32f10x_gpio.o
    0x080033f4   0x080033f4   0x00000116   Code   RO         2682    i.GPIO_Init         stm32f10x_gpio.o
    0x0800350a   0x0800350a   0x00000012   Code   RO         2686    i.GPIO_ReadInputDataBit  stm32f10x_gpio.o
    0x0800351c   0x0800351c   0x00000004   Code   RO         2689    i.GPIO_ResetBits    stm32f10x_gpio.o
    0x08003520   0x08003520   0x00000004   Code   RO         2690    i.GPIO_SetBits      stm32f10x_gpio.o
    0x08003524   0x08003524   0x00000070   Code   RO          592    i.I2C1_ER_IRQHandler  bsp_eeprom.o
    0x08003594   0x08003594   0x00000010   Code   RO          593    i.I2C1_EV_IRQHandler  bsp_eeprom.o
    0x080035a4   0x080035a4   0x00000070   Code   RO          465    i.I2C2_ER_IRQHandler  bsp_oled.o
    0x08003614   0x08003614   0x00000010   Code   RO          466    i.I2C2_EV_IRQHandler  bsp_oled.o
    0x08003624   0x08003624   0x00000018   Code   RO         2791    i.I2C_AcknowledgeConfig  stm32f10x_i2c.o
    0x0800363c   0x0800363c   0x0000002a   Code   RO         2793    i.I2C_CheckEvent    stm32f10x_i2c.o
    0x08003666   0x08003666   0x0000000c   Code   RO         2795    i.I2C_ClearITPendingBit  stm32f10x_i2c.o
    0x08003672   0x08003672   0x00000018   Code   RO         2796    i.I2C_Cmd           stm32f10x_i2c.o
    0x0800368a   0x0800368a   0x00000018   Code   RO         2797    i.I2C_DMACmd        stm32f10x_i2c.o
    0x080036a2   0x080036a2   0x00000002   PAD
    0x080036a4   0x080036a4   0x00000038   Code   RO         2799    i.I2C_DeInit        stm32f10x_i2c.o
    0x080036dc   0x080036dc   0x00000018   Code   RO         2803    i.I2C_GenerateSTART  stm32f10x_i2c.o
    0x080036f4   0x080036f4   0x00000018   Code   RO         2804    i.I2C_GenerateSTOP  stm32f10x_i2c.o
    0x0800370c   0x0800370c   0x0000003a   Code   RO         2805    i.I2C_GetFlagStatus  stm32f10x_i2c.o
    0x08003746   0x08003746   0x00000026   Code   RO         2806    i.I2C_GetITStatus   stm32f10x_i2c.o
    0x0800376c   0x0800376c   0x00000012   Code   RO         2809    i.I2C_ITConfig      stm32f10x_i2c.o
    0x0800377e   0x0800377e   0x00000002   PAD
    0x08003780   0x08003780   0x000000ec   Code   RO         2810    i.I2C_Init          stm32f10x_i2c.o
    0x0800386c   0x0800386c   0x00000008   Code   RO         2815    i.I2C_ReceiveData   stm32f10x_i2c.o
    0x08003874   0x08003874   0x00000012   Code   RO         2817    i.I2C_Send7bitAddress  stm32f10x_i2c.o
    0x08003886   0x08003886   0x00000004   Code   RO         2818    i.I2C_SendData      stm32f10x_i2c.o
    0x0800388a   0x0800388a   0x0000001e   Code   RO         2821    i.I2C_StructInit    stm32f10x_i2c.o
    0x080038a8   0x080038a8   0x00000070   Code   RO         1513    i.NVIC_Init         misc.o
    0x08003918   0x08003918   0x0000000c   Code   RO         3039    i.PWR_BackupAccessCmd  stm32f10x_pwr.o
    0x08003924   0x08003924   0x00000020   Code   RO         3100    i.RCC_AHBPeriphClockCmd  stm32f10x_rcc.o
    0x08003944   0x08003944   0x00000020   Code   RO         3101    i.RCC_APB1PeriphClockCmd  stm32f10x_rcc.o
    0x08003964   0x08003964   0x00000020   Code   RO         3102    i.RCC_APB1PeriphResetCmd  stm32f10x_rcc.o
    0x08003984   0x08003984   0x00000020   Code   RO         3103    i.RCC_APB2PeriphClockCmd  stm32f10x_rcc.o
    0x080039a4   0x080039a4   0x000000d4   Code   RO         3111    i.RCC_GetClocksFreq  stm32f10x_rcc.o
    0x08003a78   0x08003a78   0x0000003c   Code   RO         3112    i.RCC_GetFlagStatus  stm32f10x_rcc.o
    0x08003ab4   0x08003ab4   0x00000034   Code   RO         3119    i.RCC_LSEConfig     stm32f10x_rcc.o
    0x08003ae8   0x08003ae8   0x0000000c   Code   RO         3120    i.RCC_LSICmd        stm32f10x_rcc.o
    0x08003af4   0x08003af4   0x0000000c   Code   RO         3126    i.RCC_RTCCLKCmd     stm32f10x_rcc.o
    0x08003b00   0x08003b00   0x00000010   Code   RO         3127    i.RCC_RTCCLKConfig  stm32f10x_rcc.o
    0x08003b10   0x08003b10   0x00000014   Code   RO         3301    i.RTC_EnterConfigMode  stm32f10x_rtc.o
    0x08003b24   0x08003b24   0x00000014   Code   RO         3302    i.RTC_ExitConfigMode  stm32f10x_rtc.o
    0x08003b38   0x08003b38   0x00000014   Code   RO         3303    i.RTC_GetCounter    stm32f10x_rtc.o
    0x08003b4c   0x08003b4c   0x0000001c   Code   RO         3309    i.RTC_SetCounter    stm32f10x_rtc.o
    0x08003b68   0x08003b68   0x00000020   Code   RO         3310    i.RTC_SetPrescaler  stm32f10x_rtc.o
    0x08003b88   0x08003b88   0x00000014   Code   RO         3311    i.RTC_WaitForLastTask  stm32f10x_rtc.o
    0x08003b9c   0x08003b9c   0x00000024   Code   RO         3312    i.RTC_WaitForSynchro  stm32f10x_rtc.o
    0x08003bc0   0x08003bc0   0x00000008   Code   RO         1471    i.SetSysClock       system_stm32f10x.o
    0x08003bc8   0x08003bc8   0x000000e0   Code   RO         1472    i.SetSysClockTo72   system_stm32f10x.o
    0x08003ca8   0x08003ca8   0x00000008   Code   RO         1253    i.SysTick_Handler   scheduler.o
    0x08003cb0   0x08003cb0   0x00000060   Code   RO         1474    i.SystemInit        system_stm32f10x.o
    0x08003d10   0x08003d10   0x00000080   Code   RO         3722    i.TI1_Config        stm32f10x_tim.o
    0x08003d90   0x08003d90   0x00000098   Code   RO         3723    i.TI2_Config        stm32f10x_tim.o
    0x08003e28   0x08003e28   0x00000090   Code   RO         3724    i.TI3_Config        stm32f10x_tim.o
    0x08003eb8   0x08003eb8   0x00000098   Code   RO         3725    i.TI4_Config        stm32f10x_tim.o
    0x08003f50   0x08003f50   0x000001a0   Code   RO            4    i.TIM4_IRQHandler   bsp_ds18b20.o
    0x080040f0   0x080040f0   0x00000006   Code   RO         3733    i.TIM_ClearITPendingBit  stm32f10x_tim.o
    0x080040f6   0x080040f6   0x00000018   Code   RO         3738    i.TIM_Cmd           stm32f10x_tim.o
    0x0800410e   0x0800410e   0x00000012   Code   RO         3741    i.TIM_DMACmd        stm32f10x_tim.o
    0x08004120   0x08004120   0x00000006   Code   RO         3757    i.TIM_GetCounter    stm32f10x_tim.o
    0x08004126   0x08004126   0x00000022   Code   RO         3759    i.TIM_GetITStatus   stm32f10x_tim.o
    0x08004148   0x08004148   0x000000ac   Code   RO         3761    i.TIM_ICInit        stm32f10x_tim.o
    0x080041f4   0x080041f4   0x00000012   Code   RO         3762    i.TIM_ICStructInit  stm32f10x_tim.o
    0x08004206   0x08004206   0x00000012   Code   RO         3763    i.TIM_ITConfig      stm32f10x_tim.o
    0x08004218   0x08004218   0x00000006   Code   RO         3802    i.TIM_SetCompare4   stm32f10x_tim.o
    0x0800421e   0x0800421e   0x00000012   Code   RO         3804    i.TIM_SetIC1Prescaler  stm32f10x_tim.o
    0x08004230   0x08004230   0x0000001a   Code   RO         3805    i.TIM_SetIC2Prescaler  stm32f10x_tim.o
    0x0800424a   0x0800424a   0x00000012   Code   RO         3806    i.TIM_SetIC3Prescaler  stm32f10x_tim.o
    0x0800425c   0x0800425c   0x0000001a   Code   RO         3807    i.TIM_SetIC4Prescaler  stm32f10x_tim.o
    0x08004276   0x08004276   0x00000002   PAD
    0x08004278   0x08004278   0x000000a4   Code   RO         3809    i.TIM_TimeBaseInit  stm32f10x_tim.o
    0x0800431c   0x0800431c   0x00000012   Code   RO         3810    i.TIM_TimeBaseStructInit  stm32f10x_tim.o
    0x0800432e   0x0800432e   0x00000002   PAD
    0x08004330   0x08004330   0x00000070   Code   RO          350    i.USART1_IRQHandler  bsp_uart.o
    0x080043a0   0x080043a0   0x00000018   Code   RO         4274    i.USART_Cmd         stm32f10x_usart.o
    0x080043b8   0x080043b8   0x00000054   Code   RO         4278    i.USART_GetITStatus  stm32f10x_usart.o
    0x0800440c   0x0800440c   0x0000004a   Code   RO         4280    i.USART_ITConfig    stm32f10x_usart.o
    0x08004456   0x08004456   0x00000002   PAD
    0x08004458   0x08004458   0x000000d8   Code   RO         4281    i.USART_Init        stm32f10x_usart.o
    0x08004530   0x08004530   0x0000000a   Code   RO         4288    i.USART_ReceiveData  stm32f10x_usart.o
    0x0800453a   0x0800453a   0x00000008   Code   RO         4291    i.USART_SendData    stm32f10x_usart.o
    0x08004542   0x08004542   0x00000018   Code   RO         4297    i.USART_StructInit  stm32f10x_usart.o
    0x0800455a   0x0800455a   0x00000028   Code   RO         4781    i.__ARM_fpclassify  m_ws.l(fpclassify.o)
    0x08004582   0x08004582   0x0000000e   Code   RO         4913    i.__mathlib_dbl_overflow  m_ws.l(dunder.o)
    0x08004590   0x08004590   0x00000010   Code   RO         4915    i.__mathlib_dbl_underflow  m_ws.l(dunder.o)
    0x080045a0   0x080045a0   0x00000010   Code   RO         4783    i.__mathlib_narrow  m_ws.l(narrow.o)
    0x080045b0   0x080045b0   0x000000bc   Code   RO         4784    i.__mathlib_tofloat  m_ws.l(narrow.o)
    0x0800466c   0x0800466c   0x00000016   Code   RO         4885    i.__support_ldexp   m_ws.l(ldexp.o)
    0x08004682   0x08004682   0x0000000e   Code   RO         4533    i._is_digit         c_w.l(__printf_wp.o)
    0x08004690   0x08004690   0x0000011c   Code   RO         1347    i.adjust_param      ui_service.o
    0x080047ac   0x080047ac   0x0000000c   Code   RO          704    i.alarm_service_init  alarm_service.o
    0x080047b8   0x080047b8   0x0000000c   Code   RO          705    i.alarm_service_is_active  alarm_service.o
    0x080047c4   0x080047c4   0x00000048   Code   RO          706    i.alarm_service_update  alarm_service.o
    0x0800480c   0x0800480c   0x000000f8   Code   RO          733    i.app_main_init     app_main.o
    0x08004904   0x08004904   0x0000023c   Code   RO          734    i.app_main_loop     app_main.o
    0x08004b40   0x08004b40   0x00000030   Code   RO          735    i.apply_pid_params  app_main.o
    0x08004b70   0x08004b70   0x00000040   Code   RO          736    i.apply_schedule_params  app_main.o
    0x08004bb0   0x08004bb0   0x00000040   Code   RO          563    i.bsp_buzzer_init   bsp_buzzer.o
    0x08004bf0   0x08004bf0   0x0000002c   Code   RO          564    i.bsp_buzzer_set    bsp_buzzer.o
    0x08004c1c   0x08004c1c   0x00000240   Code   RO            7    i.bsp_ds18b20_init  bsp_ds18b20.o
    0x08004e5c   0x08004e5c   0x0000002c   Code   RO           10    i.bsp_ds18b20_read_c  bsp_ds18b20.o
    0x08004e88   0x08004e88   0x0000004c   Code   RO           11    i.bsp_ds18b20_reset_diag  bsp_ds18b20.o
    0x08004ed4   0x08004ed4   0x00000120   Code   RO          595    i.bsp_eeprom_init   bsp_eeprom.o
    0x08004ff4   0x08004ff4   0x0000009c   Code   RO          598    i.bsp_eeprom_process  bsp_eeprom.o
    0x08005090   0x08005090   0x00000128   Code   RO          599    i.bsp_eeprom_read   bsp_eeprom.o
    0x080051b8   0x080051b8   0x00000078   Code   RO          600    i.bsp_eeprom_write  bsp_eeprom.o
    0x08005230   0x08005230   0x00000014   Code   RO          398    i.bsp_key_get_state  bsp_key.o
    0x08005244   0x08005244   0x000000e4   Code   RO          399    i.bsp_key_init      bsp_key.o
    0x08005328   0x08005328   0x00000020   Code   RO          467    i.bsp_oled_clear    bsp_oled.o
    0x08005348   0x08005348   0x00000040   Code   RO          468    i.bsp_oled_draw_text  bsp_oled.o
    0x08005388   0x08005388   0x00000180   Code   RO          469    i.bsp_oled_init     bsp_oled.o
    0x08005508   0x08005508   0x00000068   Code   RO          472    i.bsp_oled_process  bsp_oled.o
    0x08005570   0x08005570   0x0000001c   Code   RO          473    i.bsp_oled_refresh  bsp_oled.o
    0x0800558c   0x0800558c   0x00000040   Code   RO          268    i.bsp_relay_init    bsp_relay.o
    0x080055cc   0x080055cc   0x0000002c   Code   RO          269    i.bsp_relay_set     bsp_relay.o
    0x080055f8   0x080055f8   0x0000002c   Code   RO          300    i.bsp_rtc_get_minutes_of_day  bsp_rtc.o
    0x08005624   0x08005624   0x0000002a   Code   RO          301    i.bsp_rtc_init      bsp_rtc.o
    0x0800564e   0x0800564e   0x00000002   PAD
    0x08005650   0x08005650   0x000000c4   Code   RO          351    i.bsp_uart_init     bsp_uart.o
    0x08005714   0x08005714   0x0000004c   Code   RO          352    i.bsp_uart_read_line  bsp_uart.o
    0x08005760   0x08005760   0x00000070   Code   RO          353    i.bsp_uart_write    bsp_uart.o
    0x080057d0   0x080057d0   0x00000028   Code   RO         1071    i.clamp             pid_ctrl.o
    0x080057f8   0x080057f8   0x00000028   Code   RO         1348    i.clampf            ui_service.o
    0x08005820   0x08005820   0x0000002a   Code   RO          941    i.crc32_calc        param_store.o
    0x0800584a   0x0800584a   0x00000002   PAD
    0x0800584c   0x0800584c   0x00000024   Code   RO          942    i.crc32_update      param_store.o
    0x08005870   0x08005870   0x00000024   Code   RO          810    i.debug_log_error   debug_log.o
    0x08005894   0x08005894   0x00000024   Code   RO          811    i.debug_log_info    debug_log.o
    0x080058b8   0x080058b8   0x00000002   Code   RO          812    i.debug_log_init    debug_log.o
    0x080058ba   0x080058ba   0x00000002   PAD
    0x080058bc   0x080058bc   0x00000050   Code   RO          813    i.debug_log_v       debug_log.o
    0x0800590c   0x0800590c   0x00000024   Code   RO          814    i.debug_log_warn    debug_log.o
    0x08005930   0x08005930   0x00000030   Code   RO           13    i.ds18b20_cc4_schedule  bsp_ds18b20.o
    0x08005960   0x08005960   0x0000001c   Code   RO           14    i.ds18b20_cc4_stop  bsp_ds18b20.o
    0x0800597c   0x0800597c   0x0000000e   Code   RO           16    i.ds18b20_diag_inc  bsp_ds18b20.o
    0x0800598a   0x0800598a   0x00000002   PAD
    0x0800598c   0x0800598c   0x0000002c   Code   RO           21    i.ds18b20_ic_enable  bsp_ds18b20.o
    0x080059b8   0x080059b8   0x0000001e   Code   RO           22    i.ds18b20_ic_it_for_index  bsp_ds18b20.o
    0x080059d6   0x080059d6   0x00000002   PAD
    0x080059d8   0x080059d8   0x0000006c   Code   RO          602    i.eeprom_wait_ready  bsp_eeprom.o
    0x08005a44   0x08005a44   0x000000b0   Code   RO          603    i.eeprom_write_chunk  bsp_eeprom.o
    0x08005af4   0x08005af4   0x000000ec   Code   RO          604    i.eeprom_write_chunk_dma_start  bsp_eeprom.o
    0x08005be0   0x08005be0   0x0000002e   Code   RO          943    i.erase_page_if_written  param_store.o
    0x08005c0e   0x08005c0e   0x00000002   PAD
    0x08005c10   0x08005c10   0x00000044   Code   RO         1349    i.format_hhmm       ui_service.o
    0x08005c54   0x08005c54   0x00000058   Code   RO         4862    i.frexp             m_ws.l(frexp.o)
    0x08005cac   0x08005cac   0x000002b0   Code   RO          474    i.glyph_5x7         bsp_oled.o
    0x08005f5c   0x08005f5c   0x00000044   Code   RO         1094    i.handle_conf_alarm  protocol_export.o
    0x08005fa0   0x08005fa0   0x0000004c   Code   RO         1095    i.handle_conf_log_period  protocol_export.o
    0x08005fec   0x08005fec   0x0000007c   Code   RO         1096    i.handle_conf_pid   protocol_export.o
    0x08006068   0x08006068   0x00000054   Code   RO         1097    i.handle_conf_schedule  protocol_export.o
    0x080060bc   0x080060bc   0x00000140   Code   RO         1098    i.handle_log_export  protocol_export.o
    0x080061fc   0x080061fc   0x00000090   Code   RO         1099    i.handle_read_param  protocol_export.o
    0x0800628c   0x0800628c   0x000000c0   Code   RO         1100    i.handle_read_temp  protocol_export.o
    0x0800634c   0x0800634c   0x00000044   Code   RO         1101    i.handle_set_alarm  protocol_export.o
    0x08006390   0x08006390   0x000000c8   Code   RO         1102    i.handle_set_alarm_values  protocol_export.o
    0x08006458   0x08006458   0x0000004c   Code   RO         1103    i.handle_set_log_period  protocol_export.o
    0x080064a4   0x080064a4   0x00000080   Code   RO         1104    i.handle_set_log_period_values  protocol_export.o
    0x08006524   0x08006524   0x00000074   Code   RO         1105    i.handle_set_pid    protocol_export.o
    0x08006598   0x08006598   0x00000160   Code   RO         1106    i.handle_set_pid_values  protocol_export.o
    0x080066f8   0x080066f8   0x0000005c   Code   RO         1107    i.handle_set_schedule  protocol_export.o
    0x08006754   0x08006754   0x000000e0   Code   RO         1108    i.handle_set_schedule_values  protocol_export.o
    0x08006834   0x08006834   0x00000128   Code   RO         1109    i.handle_set_temp   protocol_export.o
    0x0800695c   0x0800695c   0x0000002c   Code   RO          852    i.heater_ctrl_force_off  heater_ctrl.o
    0x08006988   0x08006988   0x0000000c   Code   RO          853    i.heater_ctrl_get_state  heater_ctrl.o
    0x08006994   0x08006994   0x00000048   Code   RO          854    i.heater_ctrl_init  heater_ctrl.o
    0x080069dc   0x080069dc   0x0000002c   Code   RO          855    i.heater_ctrl_set_output_percent  heater_ctrl.o
    0x08006a08   0x08006a08   0x000000c0   Code   RO          856    i.heater_ctrl_update_1ms  heater_ctrl.o
    0x08006ac8   0x08006ac8   0x00000060   Code   RO          605    i.i2c_wait_event    bsp_eeprom.o
    0x08006b28   0x08006b28   0x00000060   Code   RO          606    i.i2c_wait_flag_clear  bsp_eeprom.o
    0x08006b88   0x08006b88   0x0000001c   Code   RO          401    i.key_exti_common   bsp_key.o
    0x08006ba4   0x08006ba4   0x00000030   Code   RO          402    i.key_refresh_state  bsp_key.o
    0x08006bd4   0x08006bd4   0x00000026   Code   RO          403    i.key_to_pin        bsp_key.o
    0x08006bfa   0x08006bfa   0x00000074   Code   RO         4886    i.ldexp             m_ws.l(ldexp.o)
    0x08006c6e   0x08006c6e   0x0000008c   Code   RO          944    i.load_from_nv      param_store.o
    0x08006cfa   0x08006cfa   0x00000002   PAD
    0x08006cfc   0x08006cfc   0x00000014   Code   RO          890    i.log_service_clear  log_service.o
    0x08006d10   0x08006d10   0x0000000c   Code   RO          891    i.log_service_count  log_service.o
    0x08006d1c   0x08006d1c   0x00000050   Code   RO          892    i.log_service_get   log_service.o
    0x08006d6c   0x08006d6c   0x0000001c   Code   RO          893    i.log_service_init  log_service.o
    0x08006d88   0x08006d88   0x00000078   Code   RO          894    i.log_service_push  log_service.o
    0x08006e00   0x08006e00   0x0000000c   Code   RO          929    i.main              main.o
    0x08006e0c   0x08006e0c   0x00000042   Code   RO         1295    i.median3           temp_manager.o
    0x08006e4e   0x08006e4e   0x00000002   PAD
    0x08006e50   0x08006e50   0x00000058   Code   RO         1350    i.mode_text         ui_service.o
    0x08006ea8   0x08006ea8   0x0000005c   Code   RO          737    i.mode_to_str       app_main.o
    0x08006f04   0x08006f04   0x000000c0   Code   RO          475    i.oled_build_frame  bsp_oled.o
    0x08006fc4   0x08006fc4   0x0000000e   Code   RO          476    i.oled_cmd          bsp_oled.o
    0x08006fd2   0x08006fd2   0x00000012   Code   RO          477    i.oled_data         bsp_oled.o
    0x08006fe4   0x08006fe4   0x00000088   Code   RO          478    i.oled_i2c_write    bsp_oled.o
    0x0800706c   0x0800706c   0x00000050   Code   RO          479    i.oled_wait_event   bsp_oled.o
    0x080070bc   0x080070bc   0x00000028   Code   RO           32    i.ow_read_pin       bsp_ds18b20.o
    0x080070e4   0x080070e4   0x00000030   Code   RO           33    i.ow_release        bsp_ds18b20.o
    0x08007114   0x08007114   0x00000016   Code   RO         1351    i.page_editable     ui_service.o
    0x0800712a   0x0800712a   0x00000002   PAD
    0x0800712c   0x0800712c   0x0000001c   Code   RO         1352    i.page_next         ui_service.o
    0x08007148   0x08007148   0x00000020   Code   RO         1353    i.page_prev         ui_service.o
    0x08007168   0x08007168   0x00000060   Code   RO         1354    i.page_text         ui_service.o
    0x080071c8   0x080071c8   0x00000030   Code   RO          945    i.param_record_crc_hw  param_store.o
    0x080071f8   0x080071f8   0x0000000e   Code   RO          946    i.param_record_crc_sw  param_store.o
    0x08007206   0x08007206   0x00000002   PAD
    0x08007208   0x08007208   0x00000064   Code   RO          947    i.param_record_valid  param_store.o
    0x0800726c   0x0800726c   0x00000008   Code   RO          949    i.param_store_get   param_store.o
    0x08007274   0x08007274   0x00000008   Code   RO          950    i.param_store_get_mutable  param_store.o
    0x0800727c   0x0800727c   0x00000034   Code   RO          951    i.param_store_init  param_store.o
    0x080072b0   0x080072b0   0x00000044   Code   RO          953    i.param_store_load_defaults  param_store.o
    0x080072f4   0x080072f4   0x00000070   Code   RO          954    i.param_store_save  param_store.o
    0x08007364   0x08007364   0x0000003c   Code   RO          955    i.param_store_tick_1s  param_store.o
    0x080073a0   0x080073a0   0x0000002c   Code   RO         1072    i.pid_init          pid_ctrl.o
    0x080073cc   0x080073cc   0x00000112   Code   RO         1073    i.pid_step          pid_ctrl.o
    0x080074de   0x080074de   0x00000002   PAD
    0x080074e0   0x080074e0   0x00000140   Code   RO         1355    i.poll_keys_to_events  ui_service.o
    0x08007620   0x08007620   0x00000110   Code   RO         1356    i.process_key_event  ui_service.o
    0x08007730   0x08007730   0x00000050   Code   RO          956    i.program_record_to_flash  param_store.o
    0x08007780   0x08007780   0x00000008   Code   RO         1110    i.protocol_export_init  protocol_export.o
    0x08007788   0x08007788   0x00000248   Code   RO         1111    i.protocol_export_process  protocol_export.o
    0x080079d0   0x080079d0   0x00000034   Code   RO         1357    i.queue_pop         ui_service.o
    0x08007a04   0x08007a04   0x00000038   Code   RO         1358    i.queue_push        ui_service.o
    0x08007a3c   0x08007a3c   0x00000012   Code   RO          957    i.read_record_from_eeprom  param_store.o
    0x08007a4e   0x08007a4e   0x00000002   PAD
    0x08007a50   0x08007a50   0x00000024   Code   RO          958    i.read_record_from_fallback  param_store.o
    0x08007a74   0x08007a74   0x00000018   Code   RO          959    i.read_record_from_flash  param_store.o
    0x08007a8c   0x08007a8c   0x000003ac   Code   RO         1359    i.render_page       ui_service.o
    0x08007e38   0x08007e38   0x00000048   Code   RO          304    i.rtc_init_counter_if_needed  bsp_rtc.o
    0x08007e80   0x08007e80   0x00000054   Code   RO          305    i.rtc_select_clock  bsp_rtc.o
    0x08007ed4   0x08007ed4   0x000000ec   Code   RO          960    i.save_to_nv        param_store.o
    0x08007fc0   0x08007fc0   0x0000004a   Code   RO         1210    i.schedule_is_active  schedule_service.o
    0x0800800a   0x0800800a   0x00000054   Code   RO         1360    i.schedule_next_boundary  ui_service.o
    0x0800805e   0x0800805e   0x00000002   PAD
    0x08008060   0x08008060   0x0000000c   Code   RO         1212    i.schedule_service_heating_allowed  schedule_service.o
    0x0800806c   0x0800806c   0x00000020   Code   RO         1213    i.schedule_service_init  schedule_service.o
    0x0800808c   0x0800808c   0x0000003c   Code   RO         1214    i.schedule_service_set_config  schedule_service.o
    0x080080c8   0x080080c8   0x0000003c   Code   RO         1215    i.schedule_service_update  schedule_service.o
    0x08008104   0x08008104   0x00000084   Code   RO         1254    i.scheduler_init    scheduler.o
    0x08008188   0x08008188   0x0000000c   Code   RO         1255    i.scheduler_now_ms  scheduler.o
    0x08008194   0x08008194   0x0000005c   Code   RO         1256    i.scheduler_poll    scheduler.o
    0x080081f0   0x080081f0   0x00000010   Code   RO         1257    i.scheduler_tick_1ms  scheduler.o
    0x08008200   0x08008200   0x00000028   Code   RO         1112    i.send_err          protocol_export.o
    0x08008228   0x08008228   0x00000024   Code   RO         1113    i.send_ok           protocol_export.o
    0x0800824c   0x0800824c   0x0000003c   Code   RO         1296    i.sensor_filtered_value  temp_manager.o
    0x08008288   0x08008288   0x00000032   Code   RO         1297    i.sensor_push_sample  temp_manager.o
    0x080082ba   0x080082ba   0x00000002   PAD
    0x080082bc   0x080082bc   0x00000040   Code   RO         1298    i.step_is_reasonable  temp_manager.o
    0x080082fc   0x080082fc   0x00000090   Code   RO          738    i.sync_runtime_params_if_changed  app_main.o
    0x0800838c   0x0800838c   0x00000028   Code   RO         1299    i.temp_in_range     temp_manager.o
    0x080083b4   0x080083b4   0x00000008   Code   RO         1300    i.temp_manager_get_snapshot  temp_manager.o
    0x080083bc   0x080083bc   0x00000084   Code   RO         1301    i.temp_manager_init  temp_manager.o
    0x08008440   0x08008440   0x00000278   Code   RO         1302    i.temp_manager_update  temp_manager.o
    0x080086b8   0x080086b8   0x00000050   Code   RO          354    i.uart_rx_char      bsp_uart.o
    0x08008708   0x08008708   0x000000cc   Code   RO         1363    i.ui_service_init   ui_service.o
    0x080087d4   0x080087d4   0x00000064   Code   RO         1366    i.ui_service_tick_100ms  ui_service.o
    0x08008838   0x08008838   0x0000004c   Code   RO         1367    i.ui_service_tick_200ms  ui_service.o
    0x08008884   0x08008884   0x00000024   Code   RO          306    i.wait_rtc_flag     bsp_rtc.o
    0x080088a8   0x080088a8   0x00000012   Code   RO          961    i.write_record_to_eeprom  param_store.o
    0x080088ba   0x080088ba   0x00000002   PAD
    0x080088bc   0x080088bc   0x00000038   Code   RO          962    i.write_record_to_fallback  param_store.o
    0x080088f4   0x080088f4   0x0000002c   Code   RO         4765    locale$$code        c_w.l(lc_numeric_c.o)
    0x08008920   0x08008920   0x0000002c   Code   RO         4870    locale$$code        c_w.l(lc_ctype_c.o)
    0x0800894c   0x0800894c   0x00000062   Code   RO         4855    x$fpl$d2f           fz_ws.l(d2f.o)
    0x080089ae   0x080089ae   0x00000002   PAD
    0x080089b0   0x080089b0   0x00000010   Code   RO         4907    x$fpl$dcheck1       fz_ws.l(dcheck1.o)
    0x080089c0   0x080089c0   0x00000018   Code   RO         4874    x$fpl$dcmpinf       fz_ws.l(dcmpi.o)
    0x080089d8   0x080089d8   0x00000078   Code   RO         4857    x$fpl$deqf          fz_ws.l(deqf.o)
    0x08008a50   0x08008a50   0x00000078   Code   RO         4876    x$fpl$dleqf         fz_ws.l(dleqf.o)
    0x08008ac8   0x08008ac8   0x0000009c   Code   RO         4878    x$fpl$dnaninf       fz_ws.l(dnaninf.o)
    0x08008b64   0x08008b64   0x0000000c   Code   RO         4682    x$fpl$dretinf       fz_ws.l(dretinf.o)
    0x08008b70   0x08008b70   0x0000006c   Code   RO         4859    x$fpl$drleqf        fz_ws.l(drleqf.o)
    0x08008bdc   0x08008bdc   0x00000056   Code   RO         4570    x$fpl$f2d           fz_ws.l(f2d.o)
    0x08008c32   0x08008c32   0x00000002   PAD
    0x08008c34   0x08008c34   0x000000c4   Code   RO         4572    x$fpl$fadd          fz_ws.l(faddsub_clz.o)
    0x08008cf8   0x08008cf8   0x00000018   Code   RO         4684    x$fpl$fcmpinf       fz_ws.l(fcmpi.o)
    0x08008d10   0x08008d10   0x00000184   Code   RO         4579    x$fpl$fdiv          fz_ws.l(fdiv.o)
    0x08008e94   0x08008e94   0x00000068   Code   RO         4582    x$fpl$feqf          fz_ws.l(feqf.o)
    0x08008efc   0x08008efc   0x0000003e   Code   RO         4584    x$fpl$ffixu         fz_ws.l(ffixu.o)
    0x08008f3a   0x08008f3a   0x00000002   PAD
    0x08008f3c   0x08008f3c   0x00000030   Code   RO         4589    x$fpl$fflt          fz_ws.l(fflt_clz.o)
    0x08008f6c   0x08008f6c   0x00000026   Code   RO         4588    x$fpl$ffltu         fz_ws.l(fflt_clz.o)
    0x08008f92   0x08008f92   0x00000002   PAD
    0x08008f94   0x08008f94   0x00000068   Code   RO         4594    x$fpl$fleqf         fz_ws.l(fleqf.o)
    0x08008ffc   0x08008ffc   0x00000102   Code   RO         4596    x$fpl$fmul          fz_ws.l(fmul.o)
    0x080090fe   0x080090fe   0x0000008c   Code   RO         4686    x$fpl$fnaninf       fz_ws.l(fnaninf.o)
    0x0800918a   0x0800918a   0x0000000a   Code   RO         4688    x$fpl$fretinf       fz_ws.l(fretinf.o)
    0x08009194   0x08009194   0x00000062   Code   RO         4598    x$fpl$frleqf        fz_ws.l(frleqf.o)
    0x080091f6   0x080091f6   0x00000002   PAD
    0x080091f8   0x080091f8   0x000000ea   Code   RO         4574    x$fpl$fsub          fz_ws.l(faddsub_clz.o)
    0x080092e2   0x080092e2   0x00000006   Code   RO         4773    x$fpl$ieeestatus    fz_ws.l(istatus.o)
    0x080092e8   0x080092e8   0x00000004   Code   RO         4600    x$fpl$printf1       fz_ws.l(printf1.o)
    0x080092ec   0x080092ec   0x00000004   Code   RO         4690    x$fpl$printf2       fz_ws.l(printf2.o)
    0x080092f0   0x080092f0   0x00000064   Code   RO         4949    x$fpl$retnan        fz_ws.l(retnan.o)
    0x08009354   0x08009354   0x0000005c   Code   RO         4882    x$fpl$scalbn        fz_ws.l(scalbn.o)
    0x080093b0   0x080093b0   0x00000004   Code   RO         4602    x$fpl$scanf1        fz_ws.l(scanf1.o)
    0x080093b4   0x080093b4   0x00000008   Code   RO         4775    x$fpl$scanf2        fz_ws.l(scanf2.o)
    0x080093bc   0x080093bc   0x00000030   Code   RO         4976    x$fpl$trapveneer    fz_ws.l(trapv.o)
    0x080093ec   0x080093ec   0x00000000   Code   RO         4696    x$fpl$usenofp       fz_ws.l(usenofp.o)
    0x080093ec   0x080093ec   0x00000012   Data   RO           38    .constdata          bsp_ds18b20.o
    0x080093fe   0x080093fe   0x00000032   Data   RO          481    .constdata          bsp_oled.o
    0x08009430   0x08009430   0x00000011   Data   RO         4541    .constdata          c_w.l(__printf_flags_ss_wp.o)
    0x08009441   0x08009441   0x00000003   PAD
    0x08009444   0x08009444   0x00000008   Data   RO         4622    .constdata          c_w.l(_printf_wctomb.o)
    0x0800944c   0x0800944c   0x00000028   Data   RO         4651    .constdata          c_w.l(_printf_hex_int_ll_ptr.o)
    0x08009474   0x08009474   0x00000026   Data   RO         4727    .constdata          c_w.l(_printf_fp_hex.o)
    0x0800949a   0x0800949a   0x00000002   PAD
    0x0800949c   0x0800949c   0x00000094   Data   RO         4738    .constdata          c_w.l(bigflt0.o)
    0x08009530   0x08009530   0x0000005d   Data   RO         1114    .conststring        protocol_export.o
    0x0800958d   0x0800958d   0x00000003   PAD
    0x08009590   0x08009590   0x00000020   Data   RO         5002    Region$$Table       anon$$obj.o
    0x080095b0   0x080095b0   0x00000008   Data   RO         4769    c$$dinf             fz_ws.l(fpconst.o)
    0x080095b8   0x080095b8   0x00000008   Data   RO         4772    c$$dmax             fz_ws.l(fpconst.o)
    0x080095c0   0x080095c0   0x0000001c   Data   RO         4764    locale$$data        c_w.l(lc_numeric_c.o)
    0x080095dc   0x080095dc   0x00000110   Data   RO         4869    locale$$data        c_w.l(lc_ctype_c.o)


    Execution Region ER_RW (Exec base: 0x20000000, Load base: 0x080096ec, Size: 0x000000fc, Max: 0xffffffff, ABSOLUTE)

    Exec Addr    Load Addr    Size         Type   Attr      Idx    E Section Name        Object

    0x20000000   0x080096ec   0x0000002b   Data   RW           39    .data               bsp_ds18b20.o
    0x2000002b   0x08009717   0x00000001   Data   RW          270    .data               bsp_relay.o
    0x2000002c   0x08009718   0x00000010   Data   RW          356    .data               bsp_uart.o
    0x2000003c   0x08009728   0x00000008   Data   RW          404    .data               bsp_key.o
    0x20000044   0x08009730   0x0000000a   Data   RW          482    .data               bsp_oled.o
    0x2000004e   0x0800973a   0x00000001   Data   RW          565    .data               bsp_buzzer.o
    0x2000004f   0x0800973b   0x00000001   PAD
    0x20000050   0x0800973c   0x00000020   Data   RW          610    .data               bsp_eeprom.o
    0x20000070   0x0800975c   0x00000001   Data   RW          707    .data               alarm_service.o
    0x20000071   0x0800975d   0x00000003   PAD
    0x20000074   0x08009760   0x00000014   Data   RW          740    .data               app_main.o
    0x20000088   0x08009774   0x00000018   Data   RW          857    .data               heater_ctrl.o
    0x200000a0   0x0800978c   0x0000000c   Data   RW          896    .data               log_service.o
    0x200000ac   0x08009798   0x0000000c   Data   RW          964    .data               param_store.o
    0x200000b8   0x080097a4   0x00000008   Data   RW         1216    .data               schedule_service.o
    0x200000c0   0x080097ac   0x00000010   Data   RW         1258    .data               scheduler.o
    0x200000d0   0x080097bc   0x00000003   Data   RW         1304    .data               temp_manager.o
    0x200000d3   0x080097bf   0x00000001   PAD
    0x200000d4   0x080097c0   0x00000014   Data   RW         1475    .data               system_stm32f10x.o
    0x200000e8   0x080097d4   0x00000014   Data   RW         3131    .data               stm32f10x_rcc.o


    Execution Region ER_ZI (Exec base: 0x200000fc, Load base: 0x080097e8, Size: 0x0000550c, Max: 0xffffffff, ABSOLUTE)

    Exec Addr    Load Addr    Size         Type   Attr      Idx    E Section Name        Object

    0x200000fc        -       0x00000048   Zero   RW           37    .bss                bsp_ds18b20.o
    0x20000144        -       0x00000180   Zero   RW          355    .bss                bsp_uart.o
    0x200002c4        -       0x00000258   Zero   RW          480    .bss                bsp_oled.o
    0x2000051c        -       0x00000080   Zero   RW          609    .bss                bsp_eeprom.o
    0x2000059c        -       0x00000050   Zero   RW          739    .bss                app_main.o
    0x200005ec        -       0x00004800   Zero   RW          895    .bss                log_service.o
    0x20004dec        -       0x00000024   Zero   RW          963    .bss                param_store.o
    0x20004e10        -       0x0000008c   Zero   RW         1303    .bss                temp_manager.o
    0x20004e9c        -       0x0000010c   Zero   RW         1368    .bss                ui_service.o
    0x20004fa8        -       0x00000060   Zero   RW         4790    .bss                c_w.l(libspace.o)
    0x20005008        -       0x00000200   Zero   RW         1506    HEAP                startup_stm32f10x_md.o
    0x20005208        -       0x00000400   Zero   RW         1505    STACK               startup_stm32f10x_md.o


==============================================================================

Image component sizes


      Code (inc. data)   RO Data    RW Data    ZI Data      Debug   Object Name

        96         16          0          1          0       1814   alarm_service.o
      1168        246          0         20         80       8588   app_main.o
       108         18          0          1          0       1191   bsp_buzzer.o
      1596        136         18         43         72     302559   bsp_ds18b20.o
      1932        242          0         32        128      10289   bsp_eeprom.o
       410         18          0          8          0       8047   bsp_key.o
      1868        138         50         10        600       9354   bsp_oled.o
       108         18          0          1          0       1185   bsp_relay.o
       278         10          0          0          0       3240   bsp_rtc.o
       576         94          0         16        384       4130   bsp_uart.o
       190         34          0          0          0       3417   debug_log.o
       364         86          0         24          0       3029   heater_ctrl.o
       260         58          0         12      18432       3524   log_service.o
        12          0          0          0          0        423   main.o
       112         12          0          0          0       1392   misc.o
      1202        100          0         12         36      13104   param_store.o
       358          4          0          0          0       2698   pid_ctrl.o
      3228       1420         93          0          0      12141   protocol_export.o
       238         28          0          8          0       3375   schedule_service.o
       260         56          0         16          0      18527   scheduler.o
        64         26        236          0       1536       1000   startup_stm32f10x_md.o
        56         10          0          0          0       2675   stm32f10x_bkp.o
        48          8          0          0          0       1921   stm32f10x_crc.o
       272         36          0          0          0       7191   stm32f10x_dma.o
       216         18          0          0          0       3290   stm32f10x_exti.o
       318         32          0          0          0       5714   stm32f10x_flash.o
       368          4          0          0          0       5026   stm32f10x_gpio.o
       640         20          0          0          0      12940   stm32f10x_i2c.o
        12          6          0          0          0        606   stm32f10x_pwr.o
       492         70          0         20          0       9547   stm32f10x_rcc.o
       176         34          0          0          0       4195   stm32f10x_rtc.o
      1148        150          0          0          0      14331   stm32f10x_tim.o
       440          6          0          0          0       7014   stm32f10x_usart.o
       328         28          0         20          0       2981   system_stm32f10x.o
      1052        206          0          3        140       5918   temp_manager.o
      2762        482          0          0        268      11726   ui_service.o

    ----------------------------------------------------------------------
     22798       3870        432        252      21676     508102   Object Totals
         0          0         32          0          0          0   (incl. Generated)
        42          0          3          5          0          0   (incl. Padding)

    ----------------------------------------------------------------------

      Code (inc. data)   RO Data    RW Data    ZI Data      Debug   Library Member Name

        60          8          0          0          0         84   __0sscanf.o
        56          6          0          0          0         88   __2snprintf.o
         8          0          0          0          0         68   __main.o
       392          4         17          0          0         92   __printf_flags_ss_wp.o
        14          0          0          0          0         68   __printf_wp.o
         0          0          0          0          0          0   __rtentry.o
        12          0          0          0          0          0   __rtentry2.o
         6          0          0          0          0          0   __rtentry4.o
        52          8          0          0          0          0   __scatter.o
        26          0          0          0          0          0   __scatter_copy.o
        28          0          0          0          0          0   __scatter_zi.o
        28          0          0          0          0         68   _chval.o
         6          0          0          0          0          0   _printf_a.o
         6          0          0          0          0          0   _printf_c.o
        44          0          0          0          0        108   _printf_char.o
        48          6          0          0          0         96   _printf_char_common.o
        40          0          0          0          0         68   _printf_charcount.o
         6          0          0          0          0          0   _printf_d.o
       120         16          0          0          0         92   _printf_dec.o
         6          0          0          0          0          0   _printf_e.o
         6          0          0          0          0          0   _printf_f.o
      1054          0          0          0          0        216   _printf_fp_dec.o
       764          8         38          0          0        100   _printf_fp_hex.o
       128         16          0          0          0         84   _printf_fp_infnan.o
         6          0          0          0          0          0   _printf_g.o
       148          4         40          0          0        160   _printf_hex_int_ll_ptr.o
         6          0          0          0          0          0   _printf_i.o
       178          0          0          0          0         88   _printf_intcommon.o
        10          0          0          0          0          0   _printf_l.o
         6          0          0          0          0          0   _printf_lc.o
        10          0          0          0          0          0   _printf_ll.o
         6          0          0          0          0          0   _printf_lld.o
         6          0          0          0          0          0   _printf_lli.o
         6          0          0          0          0          0   _printf_llo.o
         6          0          0          0          0          0   _printf_llu.o
         6          0          0          0          0          0   _printf_llx.o
       124         16          0          0          0         92   _printf_longlong_dec.o
         6          0          0          0          0          0   _printf_ls.o
         6          0          0          0          0          0   _printf_n.o
         6          0          0          0          0          0   _printf_o.o
       112         10          0          0          0        124   _printf_oct_int_ll.o
         6          0          0          0          0          0   _printf_p.o
        78          0          0          0          0        108   _printf_pad.o
         0          0          0          0          0          0   _printf_percent.o
         4          0          0          0          0          0   _printf_percent_end.o
         6          0          0          0          0          0   _printf_s.o
        82          0          0          0          0         80   _printf_str.o
        36          0          0          0          0         84   _printf_truncate.o
         6          0          0          0          0          0   _printf_u.o
        44          0          0          0          0        108   _printf_wchar.o
       188          6          8          0          0         92   _printf_wctomb.o
         6          0          0          0          0          0   _printf_x.o
        22          0          0          0          0        100   _rserrno.o
       884          6          0          0          0        100   _scanf.o
       332          0          0          0          0         96   _scanf_int.o
        64          0          0          0          0         84   _sgetc.o
        16          0          0          0          0         68   _snputc.o
        10          0          0          0          0         68   _sputc.o
        64          0          0          0          0         92   _wcrtomb.o
        16          0          0          0          0         68   aeabi_memset.o
       228          4        148          0          0         96   bigflt0.o
      2152        136          0          0          0        960   btod.o
        18          0          0          0          0         80   exit.o
         6          0          0          0          0        152   heapauxi.o
         0          0          0          0          0          0   indicate_semi.o
        18          0          0          0          0         76   isspace.o
        44         10        272          0          0         76   lc_ctype_c.o
        44         10         28          0          0         76   lc_numeric_c.o
         2          0          0          0          0          0   libinit.o
        30          0          0          0          0          0   libinit2.o
         2          0          0          0          0          0   libshutdown.o
         2          0          0          0          0          0   libshutdown2.o
         8          4          0          0         96         68   libspace.o
        38          0          0          0          0         68   llshl.o
       138          0          0          0          0         80   lludiv10.o
        88          0          0          0          0         76   memcmp.o
        16          4          0          0          0         76   rt_ctype_table.o
         8          4          0          0          0         68   rt_errno_addr_intlibspace.o
         8          4          0          0          0         68   rt_locale_intlibspace.o
        68          0          0          0          0         68   rt_memclr.o
        78          0          0          0          0         80   rt_memclr_w.o
       138          0          0          0          0         68   rt_memcpy_v6.o
       100          0          0          0          0         80   rt_memcpy_w.o
         2          0          0          0          0          0   rtexit.o
        10          0          0          0          0          0   rtexit2.o
        44          8          0          0          0         84   scanf_char.o
      1272         16          0          0          0        168   scanf_fp.o
       800         14          0          0          0        100   scanf_hexfp.o
       308         16          0          0          0        100   scanf_infnan.o
       128          0          0          0          0         68   strcmpv7m.o
       150          0          0          0          0         80   strncmp.o
        86          0          0          0          0         76   strncpy.o
        12          4          0          0          0         68   sys_exit.o
        74          0          0          0          0         80   sys_stackheap_outer.o
         2          0          0          0          0         68   use_no_semi.o
        52          4          0          0          0         80   vsnprintf.o
        98          4          0          0          0         92   d2f.o
        16          4          0          0          0         68   dcheck1.o
        24          0          0          0          0         68   dcmpi.o
       120          4          0          0          0         92   deqf.o
       120          4          0          0          0         92   dleqf.o
       156          4          0          0          0         92   dnaninf.o
        12          0          0          0          0         68   dretinf.o
       108          0          0          0          0         80   drleqf.o
        86          4          0          0          0         84   f2d.o
       430          8          0          0          0        168   faddsub_clz.o
        24          0          0          0          0         68   fcmpi.o
       388         76          0          0          0         96   fdiv.o
       104          4          0          0          0         84   feqf.o
        62          4          0          0          0         84   ffixu.o
        86          0          0          0          0        136   fflt_clz.o
       104          4          0          0          0         84   fleqf.o
       258          4          0          0          0         84   fmul.o
       140          4          0          0          0         84   fnaninf.o
         0          0         16          0          0          0   fpconst.o
        10          0          0          0          0         68   fretinf.o
        98          0          0          0          0         68   frleqf.o
         6          0          0          0          0         68   istatus.o
         4          0          0          0          0         68   printf1.o
         4          0          0          0          0         68   printf2.o
       100          0          0          0          0         68   retnan.o
        92          0          0          0          0         68   scalbn.o
         4          0          0          0          0         68   scanf1.o
         8          0          0          0          0         84   scanf2.o
        48          0          0          0          0         68   trapv.o
         0          0          0          0          0          0   usenofp.o
        30          6          0          0          0        136   dunder.o
        40          0          0          0          0         68   fpclassify.o
        88          8          0          0          0         76   frexp.o
       138          0          0          0          0        160   ldexp.o
       204          4          0          0          0        168   narrow.o

    ----------------------------------------------------------------------
     14834        500        572          0         96       9060   Library Totals
        28          2          5          0          0          0   (incl. Padding)

    ----------------------------------------------------------------------

      Code (inc. data)   RO Data    RW Data    ZI Data      Debug   Library Name

     11596        352        551          0         96       6132   c_w.l
      2710        128         16          0          0       2320   fz_ws.l
       500         18          0          0          0        608   m_ws.l

    ----------------------------------------------------------------------
     14834        500        572          0         96       9060   Library Totals

    ----------------------------------------------------------------------

==============================================================================


      Code (inc. data)   RO Data    RW Data    ZI Data      Debug   

     37632       4370       1004        252      21772     498750   Grand Totals
     37632       4370       1004        252      21772     498750   ELF Image Totals
     37632       4370       1004        252          0          0   ROM Totals

==============================================================================

    Total RO  Size (Code + RO Data)                38636 (  37.73kB)
    Total RW  Size (RW Data + ZI Data)             22024 (  21.51kB)
    Total ROM Size (Code + RO Data + RW Data)      38888 (  37.98kB)

==============================================================================

