Component: ARM Compiler 5.06 update 6 (build 750) Tool: armlink [4d35ed]

==============================================================================

Section Cross References

    bsp_ds18b20.o(i.bsp_ds18b20_get_diag) refers to rt_memcpy_w.o(.text) for __aeabi_memcpy4
    bsp_ds18b20.o(i.bsp_ds18b20_get_diag) refers to bsp_ds18b20.o(.bss) for .bss
    bsp_ds18b20.o(i.bsp_ds18b20_get_diag) refers to bsp_ds18b20.o(.data) for .data
    bsp_ds18b20.o(i.bsp_ds18b20_get_presence_mode) refers to bsp_ds18b20.o(.data) for .data
    bsp_ds18b20.o(i.bsp_ds18b20_init) refers to bsp_ds18b20.o(i.bsp_ds18b20_reset_diag) for bsp_ds18b20_reset_diag
    bsp_ds18b20.o(i.bsp_ds18b20_init) refers to bsp_ds18b20.o(.data) for .data
    bsp_ds18b20.o(i.bsp_ds18b20_mock_set_temp) refers to bsp_ds18b20.o(.data) for .data
    bsp_ds18b20.o(i.bsp_ds18b20_mock_set_valid) refers to bsp_ds18b20.o(.data) for .data
    bsp_ds18b20.o(i.bsp_ds18b20_read_c) refers to bsp_ds18b20.o(.data) for .data
    bsp_ds18b20.o(i.bsp_ds18b20_reset_diag) refers to bsp_ds18b20.o(.bss) for .bss
    bsp_ds18b20.o(i.bsp_ds18b20_reset_diag) refers to bsp_ds18b20.o(.data) for .data
    bsp_ds18b20.o(i.bsp_ds18b20_set_presence_mode) refers to bsp_ds18b20.o(.data) for .data
    bsp_ds18b20.o(i.bsp_ds18b20_set_presence_mode) refers to bsp_ds18b20.o(.bss) for .bss
    bsp_relay.o(i.bsp_relay_get) refers to bsp_relay.o(.data) for .data
    bsp_relay.o(i.bsp_relay_init) refers to stm32f10x_rcc.o(i.RCC_APB2PeriphClockCmd) for RCC_APB2PeriphClockCmd
    bsp_relay.o(i.bsp_relay_init) refers to stm32f10x_gpio.o(i.GPIO_Init) for GPIO_Init
    bsp_relay.o(i.bsp_relay_init) refers to stm32f10x_gpio.o(i.GPIO_ResetBits) for GPIO_ResetBits
    bsp_relay.o(i.bsp_relay_init) refers to bsp_relay.o(.data) for .data
    bsp_relay.o(i.bsp_relay_set) refers to stm32f10x_gpio.o(i.GPIO_SetBits) for GPIO_SetBits
    bsp_relay.o(i.bsp_relay_set) refers to stm32f10x_gpio.o(i.GPIO_ResetBits) for GPIO_ResetBits
    bsp_relay.o(i.bsp_relay_set) refers to bsp_relay.o(.data) for .data
    bsp_rtc.o(i.bsp_rtc_get_minutes_of_day) refers to stm32f10x_rtc.o(i.RTC_GetCounter) for RTC_GetCounter
    bsp_rtc.o(i.bsp_rtc_init) refers to stm32f10x_rcc.o(i.RCC_APB1PeriphClockCmd) for RCC_APB1PeriphClockCmd
    bsp_rtc.o(i.bsp_rtc_init) refers to stm32f10x_pwr.o(i.PWR_BackupAccessCmd) for PWR_BackupAccessCmd
    bsp_rtc.o(i.bsp_rtc_init) refers to stm32f10x_bkp.o(i.BKP_ReadBackupRegister) for BKP_ReadBackupRegister
    bsp_rtc.o(i.bsp_rtc_init) refers to stm32f10x_rcc.o(i.RCC_GetFlagStatus) for RCC_GetFlagStatus
    bsp_rtc.o(i.bsp_rtc_init) refers to stm32f10x_rcc.o(i.RCC_LSEConfig) for RCC_LSEConfig
    bsp_rtc.o(i.bsp_rtc_init) refers to bsp_rtc.o(i.wait_rtc_flag) for wait_rtc_flag
    bsp_rtc.o(i.bsp_rtc_init) refers to stm32f10x_rcc.o(i.RCC_LSICmd) for RCC_LSICmd
    bsp_rtc.o(i.bsp_rtc_init) refers to stm32f10x_rcc.o(i.RCC_RTCCLKConfig) for RCC_RTCCLKConfig
    bsp_rtc.o(i.bsp_rtc_init) refers to stm32f10x_rcc.o(i.RCC_RTCCLKCmd) for RCC_RTCCLKCmd
    bsp_rtc.o(i.bsp_rtc_init) refers to stm32f10x_rtc.o(i.RTC_WaitForSynchro) for RTC_WaitForSynchro
    bsp_rtc.o(i.bsp_rtc_init) refers to stm32f10x_rtc.o(i.RTC_WaitForLastTask) for RTC_WaitForLastTask
    bsp_rtc.o(i.bsp_rtc_init) refers to stm32f10x_rtc.o(i.RTC_SetPrescaler) for RTC_SetPrescaler
    bsp_rtc.o(i.bsp_rtc_init) refers to stm32f10x_rtc.o(i.RTC_SetCounter) for RTC_SetCounter
    bsp_rtc.o(i.bsp_rtc_init) refers to stm32f10x_bkp.o(i.BKP_WriteBackupRegister) for BKP_WriteBackupRegister
    bsp_rtc.o(i.wait_rtc_flag) refers to stm32f10x_rcc.o(i.RCC_GetFlagStatus) for RCC_GetFlagStatus
    bsp_uart.o(i.USART1_IRQHandler) refers to stm32f10x_usart.o(i.USART_GetITStatus) for USART_GetITStatus
    bsp_uart.o(i.USART1_IRQHandler) refers to stm32f10x_usart.o(i.USART_ReceiveData) for USART_ReceiveData
    bsp_uart.o(i.USART1_IRQHandler) refers to stm32f10x_usart.o(i.USART_SendData) for USART_SendData
    bsp_uart.o(i.USART1_IRQHandler) refers to stm32f10x_usart.o(i.USART_ITConfig) for USART_ITConfig
    bsp_uart.o(i.USART1_IRQHandler) refers to bsp_uart.o(.data) for .data
    bsp_uart.o(i.USART1_IRQHandler) refers to bsp_uart.o(.bss) for .bss
    bsp_uart.o(i.bsp_uart_init) refers to stm32f10x_rcc.o(i.RCC_APB2PeriphClockCmd) for RCC_APB2PeriphClockCmd
    bsp_uart.o(i.bsp_uart_init) refers to stm32f10x_gpio.o(i.GPIO_Init) for GPIO_Init
    bsp_uart.o(i.bsp_uart_init) refers to stm32f10x_usart.o(i.USART_StructInit) for USART_StructInit
    bsp_uart.o(i.bsp_uart_init) refers to stm32f10x_usart.o(i.USART_Init) for USART_Init
    bsp_uart.o(i.bsp_uart_init) refers to stm32f10x_usart.o(i.USART_Cmd) for USART_Cmd
    bsp_uart.o(i.bsp_uart_init) refers to stm32f10x_usart.o(i.USART_ITConfig) for USART_ITConfig
    bsp_uart.o(i.bsp_uart_init) refers to misc.o(i.NVIC_Init) for NVIC_Init
    bsp_uart.o(i.bsp_uart_init) refers to bsp_uart.o(.data) for .data
    bsp_uart.o(i.bsp_uart_init) refers to bsp_uart.o(.bss) for .bss
[...]
    __rt_memcpy                              0x0800083b   Thumb Code   138  rt_memcpy_v6.o(.text)
    _memcpy_lastbytes                        0x080008a1   Thumb Code     0  rt_memcpy_v6.o(.text)
    __aeabi_memcpy4                          0x080008c5   Thumb Code     0  rt_memcpy_w.o(.text)
    __aeabi_memcpy8                          0x080008c5   Thumb Code     0  rt_memcpy_w.o(.text)
    __rt_memcpy_w                            0x080008c5   Thumb Code   100  rt_memcpy_w.o(.text)
    _memcpy_lastbytes_aligned                0x0800090d   Thumb Code     0  rt_memcpy_w.o(.text)
    __aeabi_memset                           0x08000929   Thumb Code    16  aeabi_memset.o(.text)
    __aeabi_memclr4                          0x08000939   Thumb Code     0  rt_memclr_w.o(.text)
    __aeabi_memclr8                          0x08000939   Thumb Code     0  rt_memclr_w.o(.text)
    __rt_memclr_w                            0x08000939   Thumb Code    78  rt_memclr_w.o(.text)
    _memset_w                                0x0800093d   Thumb Code     0  rt_memclr_w.o(.text)
    strncpy                                  0x08000987   Thumb Code    86  strncpy.o(.text)
    strcmp                                   0x080009dd   Thumb Code   128  strcmpv7m.o(.text)
    __use_two_region_memory                  0x08000a5d   Thumb Code     2  heapauxi.o(.text)
    __rt_heap_escrow$2region                 0x08000a5f   Thumb Code     2  heapauxi.o(.text)
    __rt_heap_expand$2region                 0x08000a61   Thumb Code     2  heapauxi.o(.text)
    __rt_ctype_table                         0x08000a65   Thumb Code    16  rt_ctype_table.o(.text)
    __aeabi_errno_addr                       0x08000a75   Thumb Code     8  rt_errno_addr_intlibspace.o(.text)
    __errno$intlibspace                      0x08000a75   Thumb Code     0  rt_errno_addr_intlibspace.o(.text)
    __rt_errno_addr$intlibspace              0x08000a75   Thumb Code     0  rt_errno_addr_intlibspace.o(.text)
    _printf_truncate_signed                  0x08000a7d   Thumb Code    18  _printf_truncate.o(.text)
    _printf_truncate_unsigned                0x08000a8f   Thumb Code    18  _printf_truncate.o(.text)
    _printf_int_common                       0x08000aa1   Thumb Code   178  _printf_intcommon.o(.text)
    _printf_charcount                        0x08000b53   Thumb Code    40  _printf_charcount.o(.text)
    __lib_sel_fp_printf                      0x08000b7b   Thumb Code     2  _printf_fp_dec.o(.text)
    _printf_fp_dec_real                      0x08000d2d   Thumb Code   620  _printf_fp_dec.o(.text)
    _printf_char_common                      0x08000fa3   Thumb Code    32  _printf_char_common.o(.text)
    _sputc                                   0x08000fc9   Thumb Code    10  _sputc.o(.text)
    _snputc                                  0x08000fd3   Thumb Code    16  _snputc.o(.text)
    _printf_cs_common                        0x08000fe3   Thumb Code    20  _printf_char.o(.text)
    _printf_char                             0x08000ff7   Thumb Code    16  _printf_char.o(.text)
    _printf_string                           0x08001007   Thumb Code     8  _printf_char.o(.text)
    _printf_wctomb                           0x08001011   Thumb Code   182  _printf_wctomb.o(.text)
    _printf_longlong_dec                     0x080010cd   Thumb Code   108  _printf_longlong_dec.o(.text)
    _printf_longlong_oct                     0x08001149   Thumb Code    66  _printf_oct_int_ll.o(.text)
    _printf_int_oct                          0x0800118b   Thumb Code    24  _printf_oct_int_ll.o(.text)
    _printf_ll_oct                           0x080011a3   Thumb Code    12  _printf_oct_int_ll.o(.text)
    _printf_longlong_hex                     0x080011b9   Thumb Code    86  _printf_hex_int_ll_ptr.o(.text)
    _printf_int_hex                          0x0800120f   Thumb Code    28  _printf_hex_int_ll_ptr.o(.text)
    _printf_ll_hex                           0x0800122b   Thumb Code    12  _printf_hex_int_ll_ptr.o(.text)
    _printf_hex_ptr                          0x08001237   Thumb Code    18  _printf_hex_int_ll_ptr.o(.text)
    __vfscanf_char                           0x08001259   Thumb Code    24  scanf_char.o(.text)
    _sgetc                                   0x08001279   Thumb Code    30  _sgetc.o(.text)
    _sbackspace                              0x08001297   Thumb Code    34  _sgetc.o(.text)
    _strtoul                                 0x080012b9   Thumb Code   158  _strtoul.o(.text)
    __strtod_int                             0x08001395   Thumb Code    90  strtod.o(.text)
    __aeabi_memclr                           0x080013fd   Thumb Code     0  rt_memclr.o(.text)
    __rt_memclr                              0x080013fd   Thumb Code    68  rt_memclr.o(.text)
    _memset                                  0x08001401   Thumb Code     0  rt_memclr.o(.text)
    __user_libspace                          0x08001441   Thumb Code     8  libspace.o(.text)
    __user_perproc_libspace                  0x08001441   Thumb Code     0  libspace.o(.text)
    __user_perthread_libspace                0x08001441   Thumb Code     0  libspace.o(.text)
    __rt_locale                              0x08001449   Thumb Code     8  rt_locale_intlibspace.o(.text)
    _ll_udiv10                               0x08001451   Thumb Code   138  lludiv10.o(.text)
    isspace                                  0x080014db   Thumb Code    18  isspace.o(.text)
    _printf_fp_hex_real                      0x080014ed   Thumb Code   756  _printf_fp_hex.o(.text)
    _printf_fp_infnan                        0x080017e9   Thumb Code   112  _printf_fp_infnan.o(.text)
    _printf_lcs_common                       0x08001869   Thumb Code    20  _printf_wchar.o(.text)
    _printf_wchar                            0x0800187d   Thumb Code    16  _printf_wchar.o(.text)
    _printf_wstring                          0x0800188d   Thumb Code     8  _printf_wchar.o(.text)
    _chval                                   0x08001895   Thumb Code    28  _chval.o(.text)
    __vfscanf                                0x080018b1   Thumb Code   878  _scanf.o(.text)
    _btod_etento                             0x08001c25   Thumb Code   224  bigflt0.o(.text)
    _wcrtomb                                 0x08001d09   Thumb Code    64  _wcrtomb.o(.text)
    __user_setup_stackheap                   0x08001d49   Thumb Code    74  sys_stackheap_outer.o(.text)
    _scanf_really_real                       0x08001fe1   Thumb Code   684  scanf_fp.o(.text)
    exit                                     0x0800228d   Thumb Code    18  exit.o(.text)
    __read_errno                             0x0800229f   Thumb Code    10  _rserrno.o(.text)
    __set_errno                              0x080022a9   Thumb Code    12  _rserrno.o(.text)
    _scanf_really_hex_real                   0x080022b5   Thumb Code   786  scanf_hexfp.o(.text)
    _scanf_really_infnan                     0x080025d5   Thumb Code   292  scanf_infnan.o(.text)
    _sys_exit                                0x08002709   Thumb Code     8  sys_exit.o(.text)
    __aeabi_llsl                             0x08002715   Thumb Code     0  llshl.o(.text)
    _ll_shift_l                              0x08002715   Thumb Code    38  llshl.o(.text)
    __I$use$semihosting                      0x0800273b   Thumb Code     0  use_no_semi.o(.text)
    __use_no_semihosting_swi                 0x0800273b   Thumb Code     2  use_no_semi.o(.text)
    __semihosting_library_function           0x0800273d   Thumb Code     0  indicate_semi.o(.text)
    _btod_d2e                                0x0800273d   Thumb Code    62  btod.o(CL$$btod_d2e)
    _d2e_denorm_low                          0x0800277b   Thumb Code    70  btod.o(CL$$btod_d2e_denorm_low)
    _d2e_norm_op1                            0x080027c1   Thumb Code    96  btod.o(CL$$btod_d2e_norm_op1)
    __btod_div_common                        0x08002821   Thumb Code   696  btod.o(CL$$btod_div_common)
    _e2d                                     0x08002b59   Thumb Code   122  btod.o(CL$$btod_e2d)
    _e2e                                     0x08002bdd   Thumb Code   220  btod.o(CL$$btod_e2e)
    _btod_ediv                               0x08002cb9   Thumb Code    42  btod.o(CL$$btod_ediv)
    _btod_edivd                              0x08002ce3   Thumb Code    42  btod.o(CL$$btod_edivd)
    _btod_emul                               0x08002d0d   Thumb Code    42  btod.o(CL$$btod_emul)
    _btod_emuld                              0x08002d37   Thumb Code    42  btod.o(CL$$btod_emuld)
    __btod_mult_common                       0x08002d61   Thumb Code   580  btod.o(CL$$btod_mult_common)
    CRC_CalcBlockCRC                         0x08002fa5   Thumb Code    24  stm32f10x_crc.o(i.CRC_CalcBlockCRC)
    CRC_ResetDR                              0x08002fc1   Thumb Code     8  stm32f10x_crc.o(i.CRC_ResetDR)
    DMA1_Channel4_IRQHandler                 0x08002fcd   Thumb Code   168  bsp_eeprom.o(i.DMA1_Channel4_IRQHandler)
    DMA_ClearFlag                            0x08003085   Thumb Code    16  stm32f10x_dma.o(i.DMA_ClearFlag)
    DMA_Cmd                                  0x0800309d   Thumb Code    22  stm32f10x_dma.o(i.DMA_Cmd)
    DMA_GetFlagStatus                        0x080030b5   Thumb Code    24  stm32f10x_dma.o(i.DMA_GetFlagStatus)
    DMA_ITConfig                             0x080030d5   Thumb Code    16  stm32f10x_dma.o(i.DMA_ITConfig)
    DMA_Init                                 0x080030e5   Thumb Code    58  stm32f10x_dma.o(i.DMA_Init)
    FLASH_ErasePage                          0x08003121   Thumb Code    56  stm32f10x_flash.o(i.FLASH_ErasePage)
    FLASH_GetBank1Status                     0x0800315d   Thumb Code    34  stm32f10x_flash.o(i.FLASH_GetBank1Status)
    FLASH_Lock                               0x08003185   Thumb Code    12  stm32f10x_flash.o(i.FLASH_Lock)
    FLASH_ProgramWord                        0x08003195   Thumb Code    76  stm32f10x_flash.o(i.FLASH_ProgramWord)
    FLASH_Unlock                             0x080031e5   Thumb Code    12  stm32f10x_flash.o(i.FLASH_Unlock)
    FLASH_WaitForLastOperation               0x080031fd   Thumb Code    34  stm32f10x_flash.o(i.FLASH_WaitForLastOperation)
    GPIO_Init                                0x0800321f   Thumb Code   156  stm32f10x_gpio.o(i.GPIO_Init)
    GPIO_PinRemapConfig                      0x080032bd   Thumb Code    82  stm32f10x_gpio.o(i.GPIO_PinRemapConfig)
    GPIO_ReadInputDataBit                    0x08003315   Thumb Code    14  stm32f10x_gpio.o(i.GPIO_ReadInputDataBit)
    GPIO_ResetBits                           0x08003323   Thumb Code     4  stm32f10x_gpio.o(i.GPIO_ResetBits)
    GPIO_SetBits                             0x08003327   Thumb Code     4  stm32f10x_gpio.o(i.GPIO_SetBits)
    I2C2_ER_IRQHandler                       0x0800332d   Thumb Code    96  bsp_eeprom.o(i.I2C2_ER_IRQHandler)
    I2C2_EV_IRQHandler                       0x080033a1   Thumb Code    10  bsp_eeprom.o(i.I2C2_EV_IRQHandler)
    I2C_CheckEvent                           0x080033b1   Thumb Code    24  stm32f10x_i2c.o(i.I2C_CheckEvent)
    I2C_ClearITPendingBit                    0x080033c9   Thumb Code     6  stm32f10x_i2c.o(i.I2C_ClearITPendingBit)
    I2C_DMACmd                               0x080033cf   Thumb Code    20  stm32f10x_i2c.o(i.I2C_DMACmd)
    I2C_GenerateSTART                        0x080033e3   Thumb Code    20  stm32f10x_i2c.o(i.I2C_GenerateSTART)
    I2C_GenerateSTOP                         0x080033f7   Thumb Code    20  stm32f10x_i2c.o(i.I2C_GenerateSTOP)
    I2C_GetFlagStatus                        0x0800340b   Thumb Code    42  stm32f10x_i2c.o(i.I2C_GetFlagStatus)
    I2C_GetITStatus                          0x08003435   Thumb Code    36  stm32f10x_i2c.o(i.I2C_GetITStatus)
    I2C_Send7bitAddress                      0x08003459   Thumb Code    16  stm32f10x_i2c.o(i.I2C_Send7bitAddress)
    I2C_SendData                             0x08003469   Thumb Code     4  stm32f10x_i2c.o(i.I2C_SendData)
    RCC_AHBPeriphClockCmd                    0x0800346d   Thumb Code    18  stm32f10x_rcc.o(i.RCC_AHBPeriphClockCmd)
    RCC_APB2PeriphClockCmd                   0x08003485   Thumb Code    18  stm32f10x_rcc.o(i.RCC_APB2PeriphClockCmd)
    RTC_GetCounter                           0x0800349d   Thumb Code    16  stm32f10x_rtc.o(i.RTC_GetCounter)
    SPI_I2S_GetFlagStatus                    0x080034b1   Thumb Code    14  stm32f10x_spi.o(i.SPI_I2S_GetFlagStatus)
    SPI_I2S_ReceiveData                      0x080034bf   Thumb Code     4  stm32f10x_spi.o(i.SPI_I2S_ReceiveData)
    SPI_I2S_SendData                         0x080034c3   Thumb Code     4  stm32f10x_spi.o(i.SPI_I2S_SendData)
    SysTick_Handler                          0x08003571   Thumb Code     4  scheduler.o(i.SysTick_Handler)
    SystemInit                               0x08003575   Thumb Code    64  system_stm32f10x.o(i.SystemInit)
    USART1_IRQHandler                        0x080035c5   Thumb Code   136  bsp_uart.o(i.USART1_IRQHandler)
    USART_GetITStatus                        0x08003659   Thumb Code    62  stm32f10x_usart.o(i.USART_GetITStatus)
    USART_ITConfig                           0x08003697   Thumb Code    48  stm32f10x_usart.o(i.USART_ITConfig)
    USART_ReceiveData                        0x080036c7   Thumb Code     8  stm32f10x_usart.o(i.USART_ReceiveData)
    USART_SendData                           0x080036cf   Thumb Code     8  stm32f10x_usart.o(i.USART_SendData)
    __ARM_fpclassify                         0x080036d7   Thumb Code    40  fpclassify.o(i.__ARM_fpclassify)
    __mathlib_dbl_overflow                   0x080036ff   Thumb Code    14  dunder.o(i.__mathlib_dbl_overflow)
    __mathlib_dbl_underflow                  0x0800370d   Thumb Code    10  dunder.o(i.__mathlib_dbl_underflow)
    __mathlib_narrow                         0x0800371d   Thumb Code    16  narrow.o(i.__mathlib_narrow)
    __mathlib_tofloat                        0x0800372d   Thumb Code   184  narrow.o(i.__mathlib_tofloat)
    __support_ldexp                          0x080037e9   Thumb Code    22  ldexp.o(i.__support_ldexp)
    _is_digit                                0x080037ff   Thumb Code    14  __printf_wp.o(i._is_digit)
    alarm_service_is_active                  0x080038f1   Thumb Code     6  alarm_service.o(i.alarm_service_is_active)
    alarm_service_update                     0x080038fd   Thumb Code   150  alarm_service.o(i.alarm_service_update)
    app_main_init                            0x08003999   Thumb Code    48  app_main.o(i.app_main_init)
    app_main_loop                            0x08003a01   Thumb Code   400  app_main.o(i.app_main_loop)
    bsp_buzzer_set                           0x08003c41   Thumb Code    24  bsp_buzzer.o(i.bsp_buzzer_set)
    bsp_ds18b20_read_c                       0x08003c61   Thumb Code    30  bsp_ds18b20.o(i.bsp_ds18b20_read_c)
    bsp_eeprom_process                       0x08003c85   Thumb Code    94  bsp_eeprom.o(i.bsp_eeprom_process)
    bsp_key_get_state                        0x08003ced   Thumb Code    66  bsp_key.o(i.bsp_key_get_state)
    bsp_oled_clear                           0x08003d39   Thumb Code    58  bsp_oled.o(i.bsp_oled_clear)
    bsp_oled_draw_circle                     0x08003d7d   Thumb Code    28  bsp_oled.o(i.bsp_oled_draw_circle)
    bsp_oled_draw_line                       0x08003da1   Thumb Code    34  bsp_oled.o(i.bsp_oled_draw_line)
    bsp_oled_draw_rect                       0x08003dcd   Thumb Code    34  bsp_oled.o(i.bsp_oled_draw_rect)
    bsp_oled_draw_text                       0x08003df9   Thumb Code    38  bsp_oled.o(i.bsp_oled_draw_text)
    bsp_oled_draw_text_xy                    0x08003e25   Thumb Code    40  bsp_oled.o(i.bsp_oled_draw_text_xy)
    bsp_oled_fill_rect                       0x08003e59   Thumb Code    34  bsp_oled.o(i.bsp_oled_fill_rect)
    bsp_oled_fill_round_rect                 0x08003e85   Thumb Code    38  bsp_oled.o(i.bsp_oled_fill_round_rect)
    bsp_oled_init                            0x08003eb5   Thumb Code   228  bsp_oled.o(i.bsp_oled_init)
    bsp_oled_process                         0x08003fad   Thumb Code    48  bsp_oled.o(i.bsp_oled_process)
    bsp_oled_refresh                         0x08003fe1   Thumb Code    12  bsp_oled.o(i.bsp_oled_refresh)
    bsp_relay_set                            0x08003ff1   Thumb Code    24  bsp_relay.o(i.bsp_relay_set)
    bsp_rtc_get_minutes_of_day               0x08004011   Thumb Code    36  bsp_rtc.o(i.bsp_rtc_get_minutes_of_day)
    bsp_spiflash_read                        0x08004039   Thumb Code    92  bsp_spiflash.o(i.bsp_spiflash_read)
    bsp_spiflash_write                       0x08004099   Thumb Code   208  bsp_spiflash.o(i.bsp_spiflash_write)
    bsp_uart_read_line                       0x0800416d   Thumb Code    54  bsp_uart.o(i.bsp_uart_read_line)
    bsp_uart_write                           0x080041ad   Thumb Code    82  bsp_uart.o(i.bsp_uart_write)
    debug_log_error                          0x08004259   Thumb Code    22  debug_log.o(i.debug_log_error)
    debug_log_info                           0x08004275   Thumb Code    22  debug_log.o(i.debug_log_info)
    debug_log_init                           0x08004291   Thumb Code     2  debug_log.o(i.debug_log_init)
    debug_log_warn                           0x080042dd   Thumb Code    22  debug_log.o(i.debug_log_warn)
    frexp                                    0x08004561   Thumb Code    80  frexp.o(i.frexp)
    heater_ctrl_force_off                    0x08005019   Thumb Code    16  heater_ctrl.o(i.heater_ctrl_force_off)
    heater_ctrl_get_state                    0x0800502d   Thumb Code     6  heater_ctrl.o(i.heater_ctrl_get_state)
    heater_ctrl_set_output_percent           0x08005039   Thumb Code    24  heater_ctrl.o(i.heater_ctrl_set_output_percent)
    heater_ctrl_update_1ms                   0x08005059   Thumb Code    94  heater_ctrl.o(i.heater_ctrl_update_1ms)
    ldexp                                    0x08005799   Thumb Code   116  ldexp.o(i.ldexp)
    log_service_clear                        0x0800580d   Thumb Code    10  log_service.o(i.log_service_clear)
    log_service_count                        0x0800581d   Thumb Code     6  log_service.o(i.log_service_count)
    log_service_get                          0x08005829   Thumb Code    48  log_service.o(i.log_service_get)
    log_service_push                         0x08005861   Thumb Code    72  log_service.o(i.log_service_push)
    main                                     0x080058b1   Thumb Code    10  main.o(i.main)
    param_store_get                          0x08005a81   Thumb Code     4  param_store.o(i.param_store_get)
    param_store_get_mutable                  0x08005a89   Thumb Code     4  param_store.o(i.param_store_get_mutable)
    param_store_load_defaults                0x08005a91   Thumb Code    48  param_store.o(i.param_store_load_defaults)
    param_store_save                         0x08005ad1   Thumb Code    72  param_store.o(i.param_store_save)
    param_store_tick_1s                      0x08005b21   Thumb Code    32  param_store.o(i.param_store_tick_1s)
    pid_init                                 0x08005cb9   Thumb Code    36  pid_ctrl.o(i.pid_init)
    pid_step                                 0x08005ce1   Thumb Code   228  pid_ctrl.o(i.pid_step)
    protocol_export_process                  0x08005fdd   Thumb Code   584  protocol_export.o(i.protocol_export_process)
    schedule_service_heating_allowed         0x080076cd   Thumb Code     6  schedule_service.o(i.schedule_service_heating_allowed)
    schedule_service_set_config              0x080076d9   Thumb Code    48  schedule_service.o(i.schedule_service_set_config)
    schedule_service_update                  0x0800770d   Thumb Code    84  schedule_service.o(i.schedule_service_update)
    scheduler_init                           0x08007765   Thumb Code    58  scheduler.o(i.scheduler_init)
    scheduler_now_ms                         0x080077ad   Thumb Code     6  scheduler.o(i.scheduler_now_ms)
    scheduler_poll                           0x080077b9   Thumb Code    60  scheduler.o(i.scheduler_poll)
    scheduler_tick_1ms                       0x080077f9   Thumb Code    10  scheduler.o(i.scheduler_tick_1ms)
    strtod                                   0x08007985   Thumb Code    28  strtod.o(i.strtod)
    temp_manager_get_snapshot                0x08007a25   Thumb Code     4  temp_manager.o(i.temp_manager_get_snapshot)
    temp_manager_update                      0x08007a2d   Thumb Code   456  temp_manager.o(i.temp_manager_update)
    tg_draw_circle                           0x08007ccb   Thumb Code   176  tiny_graphics.o(i.tg_draw_circle)
    tg_draw_line                             0x08007d7b   Thumb Code   122  tiny_graphics.o(i.tg_draw_line)
    tg_draw_pixel                            0x08007df5   Thumb Code    16  tiny_graphics.o(i.tg_draw_pixel)
    tg_draw_rect                             0x08007e05   Thumb Code    94  tiny_graphics.o(i.tg_draw_rect)
    tg_draw_text                             0x08007e63   Thumb Code   204  tiny_graphics.o(i.tg_draw_text)
    tg_fill_rect                             0x08007f2f   Thumb Code    94  tiny_graphics.o(i.tg_fill_rect)
    tg_fill_round_rect                       0x08007f8d   Thumb Code   188  tiny_graphics.o(i.tg_fill_round_rect)
    ui_service_tick_100ms                    0x08008075   Thumb Code   128  ui_service.o(i.ui_service_tick_100ms)
    ui_service_tick_200ms                    0x080080f9   Thumb Code    78  ui_service.o(i.ui_service_tick_200ms)
    _get_lc_ctype                            0x080081ad   Thumb Code    44  lc_ctype_c.o(locale$$code)
    _get_lc_numeric                          0x080081d9   Thumb Code    44  lc_numeric_c.o(locale$$code)
    __aeabi_d2f                              0x08008205   Thumb Code     0  d2f.o(x$fpl$d2f)
    _d2f                                     0x08008205   Thumb Code    98  d2f.o(x$fpl$d2f)
    __fpl_dcheck_NaN1                        0x08008269   Thumb Code    10  dcheck1.o(x$fpl$dcheck1)
    __fpl_dcmp_Inf                           0x08008279   Thumb Code    24  dcmpi.o(x$fpl$dcmpinf)
    __aeabi_cdcmpeq                          0x08008291   Thumb Code     0  deqf.o(x$fpl$deqf)
    _dcmpeq                                  0x08008291   Thumb Code   120  deqf.o(x$fpl$deqf)
    __aeabi_cdcmple                          0x08008309   Thumb Code     0  dleqf.o(x$fpl$dleqf)
    _dcmple                                  0x08008309   Thumb Code   120  dleqf.o(x$fpl$dleqf)
    __fpl_dcmple_InfNaN                      0x0800836b   Thumb Code     0  dleqf.o(x$fpl$dleqf)
    __fpl_dnaninf                            0x08008381   Thumb Code   156  dnaninf.o(x$fpl$dnaninf)
    __fpl_dretinf                            0x0800841d   Thumb Code    12  dretinf.o(x$fpl$dretinf)
    __aeabi_cdrcmple                         0x08008429   Thumb Code     0  drleqf.o(x$fpl$drleqf)
    _drcmple                                 0x08008429   Thumb Code   108  drleqf.o(x$fpl$drleqf)
    __aeabi_f2d                              0x08008495   Thumb Code     0  f2d.o(x$fpl$f2d)
    _f2d                                     0x08008495   Thumb Code    86  f2d.o(x$fpl$f2d)
    __aeabi_fadd                             0x080084ed   Thumb Code     0  faddsub_clz.o(x$fpl$fadd)
    _fadd                                    0x080084ed   Thumb Code   196  faddsub_clz.o(x$fpl$fadd)
    __fpl_fcheck_NaN1                        0x080085b1   Thumb Code     6  fcheck1.o(x$fpl$fcheck1)
    __fpl_fcmp_Inf                           0x080085bd   Thumb Code    24  fcmpi.o(x$fpl$fcmpinf)
    __aeabi_fdiv                             0x080085d5   Thumb Code     0  fdiv.o(x$fpl$fdiv)
    _fdiv                                    0x080085d5   Thumb Code   384  fdiv.o(x$fpl$fdiv)
    __aeabi_cfcmpeq                          0x08008759   Thumb Code     0  feqf.o(x$fpl$feqf)
    _fcmpeq                                  0x08008759   Thumb Code   104  feqf.o(x$fpl$feqf)
    __aeabi_f2uiz                            0x080087c1   Thumb Code     0  ffixu.o(x$fpl$ffixu)
    _ffixu                                   0x080087c1   Thumb Code    62  ffixu.o(x$fpl$ffixu)
    __aeabi_i2f                              0x08008801   Thumb Code     0  fflt_clz.o(x$fpl$fflt)
    _fflt                                    0x08008801   Thumb Code    48  fflt_clz.o(x$fpl$fflt)
    __aeabi_ui2f                             0x08008831   Thumb Code     0  fflt_clz.o(x$fpl$ffltu)
    _ffltu                                   0x08008831   Thumb Code    38  fflt_clz.o(x$fpl$ffltu)
    __aeabi_cfcmple                          0x08008859   Thumb Code     0  fleqf.o(x$fpl$fleqf)
    _fcmple                                  0x08008859   Thumb Code   104  fleqf.o(x$fpl$fleqf)
    __fpl_fcmple_InfNaN                      0x080088ab   Thumb Code     0  fleqf.o(x$fpl$fleqf)
    __aeabi_fmul                             0x080088c1   Thumb Code     0  fmul.o(x$fpl$fmul)
    _fmul                                    0x080088c1   Thumb Code   258  fmul.o(x$fpl$fmul)
    __fpl_fnaninf                            0x080089c3   Thumb Code   140  fnaninf.o(x$fpl$fnaninf)
    __fpl_fretinf                            0x08008a4f   Thumb Code    10  fretinf.o(x$fpl$fretinf)
    __aeabi_cfrcmple                         0x08008a59   Thumb Code     0  frleqf.o(x$fpl$frleqf)
    _frcmple                                 0x08008a59   Thumb Code    98  frleqf.o(x$fpl$frleqf)
    __aeabi_fsub                             0x08008abd   Thumb Code     0  faddsub_clz.o(x$fpl$fsub)
    _fsub                                    0x08008abd   Thumb Code   234  faddsub_clz.o(x$fpl$fsub)
    __ieee_status                            0x08008ba7   Thumb Code     6  istatus.o(x$fpl$ieeestatus)
    _printf_fp_dec                           0x08008bad   Thumb Code     4  printf1.o(x$fpl$printf1)
    _printf_fp_hex                           0x08008bb1   Thumb Code     4  printf2.o(x$fpl$printf2)
    __fpl_return_NaN                         0x08008bb5   Thumb Code   100  retnan.o(x$fpl$retnan)
    __ARM_scalbn                             0x08008c19   Thumb Code    92  scalbn.o(x$fpl$scalbn)
    __ARM_scalbnf                            0x08008c75   Thumb Code    76  scalbnf.o(x$fpl$scalbnf)
    _scanf_real                              0x08008cc1   Thumb Code     4  scanf1.o(x$fpl$scanf1)
    _scanf_hex_real                          0x08008cc5   Thumb Code     4  scanf2.o(x$fpl$scanf2)
    _scanf_infnan                            0x08008cc9   Thumb Code     4  scanf2.o(x$fpl$scanf2)
    __fpl_cmpreturn                          0x08008ccd   Thumb Code    48  trapv.o(x$fpl$trapveneer)
    __I$use$fp                               0x08008cfc   Number         0  usenofp.o(x$fpl$usenofp)
    Region$$Table$$Base                      0x08008ee0   Number         0  anon$$obj.o(Region$$Table)
    Region$$Table$$Limit                     0x08008f00   Number         0  anon$$obj.o(Region$$Table)
    __aeabi_HUGE_VAL                         0x08008f00   Data           0  fpconst.o(c$$dinf)
    __aeabi_HUGE_VALL                        0x08008f00   Data           0  fpconst.o(c$$dinf)
    __aeabi_INFINITY                         0x08008f00   Data           0  fpconst.o(c$$dinf)
    __dInf                                   0x08008f00   Data           0  fpconst.o(c$$dinf)
    __huge_val                               0x08008f00   Data           0  fpconst.o(c$$dinf)
    __dbl_max                                0x08008f08   Data           0  fpconst.o(c$$dmax)
    __ctype                                  0x08008f1d   Data           0  lc_ctype_c.o(locale$$data)
    SystemCoreClock                          0x200000ec   Data           4  system_stm32f10x.o(.data)
    AHBPrescTable                            0x200000f0   Data          16  system_stm32f10x.o(.data)
    __libspace_start                         0x20002974   Data          96  libspace.o(.bss)
    __temporary_stack_top$libspace           0x200029d4   Data           0  libspace.o(.bss)



==============================================================================

Memory Map of the image

  Image Entry point : 0x08000235

  Load Region LR_1 (Base: 0x08000000, Size: 0x0000913c, Max: 0xffffffff, ABSOLUTE)

    Execution Region ER_RO (Exec base: 0x08000000, Load base: 0x08000000, Size: 0x0000903c, Max: 0xffffffff, ABSOLUTE)

    Exec Addr    Load Addr    Size         Type   Attr      Idx    E Section Name        Object

    0x08000000   0x08000000   0x000000ec   Data   RO         1630    RESET               startup_stm32f10x_md.o
    0x080000ec   0x080000ec   0x00000008   Code   RO         4679  * !!!main             c_w.l(__main.o)
    0x080000f4   0x080000f4   0x00000034   Code   RO         5125    !!!scatter          c_w.l(__scatter.o)
    0x08000128   0x08000128   0x0000001a   Code   RO         5127    !!handler_copy      c_w.l(__scatter_copy.o)
    0x08000142   0x08000142   0x00000002   PAD
    0x08000144   0x08000144   0x0000001c   Code   RO         5129    !!handler_zi        c_w.l(__scatter_zi.o)
    0x08000160   0x08000160   0x00000000   Code   RO         4652    .ARM.Collect$$_printf_percent$$00000000  c_w.l(_printf_percent.o)
    0x08000160   0x08000160   0x00000006   Code   RO         4778    .ARM.Collect$$_printf_percent$$00000001  c_w.l(_printf_n.o)
    0x08000166   0x08000166   0x00000006   Code   RO         4780    .ARM.Collect$$_printf_percent$$00000002  c_w.l(_printf_p.o)
    0x0800016c   0x0800016c   0x00000006   Code   RO         4651    .ARM.Collect$$_printf_percent$$00000003  c_w.l(_printf_f.o)
    0x08000172   0x08000172   0x00000006   Code   RO         4783    .ARM.Collect$$_printf_percent$$00000004  c_w.l(_printf_e.o)
    0x08000178   0x08000178   0x00000006   Code   RO         4784    .ARM.Collect$$_printf_percent$$00000005  c_w.l(_printf_g.o)
    0x0800017e   0x0800017e   0x00000006   Code   RO         4785    .ARM.Collect$$_printf_percent$$00000006  c_w.l(_printf_a.o)
    0x08000184   0x08000184   0x0000000a   Code   RO         4790    .ARM.Collect$$_printf_percent$$00000007  c_w.l(_printf_ll.o)
    0x0800018e   0x0800018e   0x00000006   Code   RO         4782    .ARM.Collect$$_printf_percent$$00000008  c_w.l(_printf_i.o)
    0x08000194   0x08000194   0x00000006   Code   RO         4649    .ARM.Collect$$_printf_percent$$00000009  c_w.l(_printf_d.o)
    0x0800019a   0x0800019a   0x00000006   Code   RO         4650    .ARM.Collect$$_printf_percent$$0000000A  c_w.l(_printf_u.o)
    0x080001a0   0x080001a0   0x00000006   Code   RO         4781    .ARM.Collect$$_printf_percent$$0000000B  c_w.l(_printf_o.o)
    0x080001a6   0x080001a6   0x00000006   Code   RO         4779    .ARM.Collect$$_printf_percent$$0000000C  c_w.l(_printf_x.o)
    0x080001ac   0x080001ac   0x00000006   Code   RO         4787    .ARM.Collect$$_printf_percent$$0000000D  c_w.l(_printf_lli.o)
    0x080001b2   0x080001b2   0x00000006   Code   RO         4788    .ARM.Collect$$_printf_percent$$0000000E  c_w.l(_printf_lld.o)
    0x080001b8   0x080001b8   0x00000006   Code   RO         4789    .ARM.Collect$$_printf_percent$$0000000F  c_w.l(_printf_llu.o)
    0x080001be   0x080001be   0x00000006   Code   RO         4794    .ARM.Collect$$_printf_percent$$00000010  c_w.l(_printf_llo.o)
    0x080001c4   0x080001c4   0x00000006   Code   RO         4795    .ARM.Collect$$_printf_percent$$00000011  c_w.l(_printf_llx.o)
    0x080001ca   0x080001ca   0x0000000a   Code   RO         4791    .ARM.Collect$$_printf_percent$$00000012  c_w.l(_printf_l.o)
    0x080001d4   0x080001d4   0x00000006   Code   RO         4777    .ARM.Collect$$_printf_percent$$00000013  c_w.l(_printf_c.o)
    0x080001da   0x080001da   0x00000006   Code   RO         4648    .ARM.Collect$$_printf_percent$$00000014  c_w.l(_printf_s.o)
    0x080001e0   0x080001e0   0x00000006   Code   RO         4792    .ARM.Collect$$_printf_percent$$00000015  c_w.l(_printf_lc.o)
    0x080001e6   0x080001e6   0x00000006   Code   RO         4793    .ARM.Collect$$_printf_percent$$00000016  c_w.l(_printf_ls.o)
    0x080001ec   0x080001ec   0x00000004   Code   RO         4786    .ARM.Collect$$_printf_percent$$00000017  c_w.l(_printf_percent_end.o)
    0x080001f0   0x080001f0   0x00000002   Code   RO         4917    .ARM.Collect$$libinit$$00000000  c_w.l(libinit.o)
    0x080001f2   0x080001f2   0x00000000   Code   RO         4919    .ARM.Collect$$libinit$$00000002  c_w.l(libinit2.o)
    0x080001f2   0x080001f2   0x00000000   Code   RO         4921    .ARM.Collect$$libinit$$00000004  c_w.l(libinit2.o)
    0x080001f2   0x080001f2   0x00000000   Code   RO         4924    .ARM.Collect$$libinit$$0000000A  c_w.l(libinit2.o)
    0x080001f2   0x080001f2   0x00000000   Code   RO         4926    .ARM.Collect$$libinit$$0000000C  c_w.l(libinit2.o)
    0x080001f2   0x080001f2   0x00000000   Code   RO         4928    .ARM.Collect$$libinit$$0000000E  c_w.l(libinit2.o)
    0x080001f2   0x080001f2   0x00000006   Code   RO         4929    .ARM.Collect$$libinit$$0000000F  c_w.l(libinit2.o)
    0x080001f8   0x080001f8   0x00000000   Code   RO         4931    .ARM.Collect$$libinit$$00000011  c_w.l(libinit2.o)
    0x080001f8   0x080001f8   0x0000000c   Code   RO         4932    .ARM.Collect$$libinit$$00000012  c_w.l(libinit2.o)
    0x08000204   0x08000204   0x00000000   Code   RO         4933    .ARM.Collect$$libinit$$00000013  c_w.l(libinit2.o)
    0x08000204   0x08000204   0x00000000   Code   RO         4935    .ARM.Collect$$libinit$$00000015  c_w.l(libinit2.o)
    0x08000204   0x08000204   0x0000000a   Code   RO         4936    .ARM.Collect$$libinit$$00000016  c_w.l(libinit2.o)
    0x0800020e   0x0800020e   0x00000000   Code   RO         4937    .ARM.Collect$$libinit$$00000017  c_w.l(libinit2.o)
    0x0800020e   0x0800020e   0x00000000   Code   RO         4939    .ARM.Collect$$libinit$$00000019  c_w.l(libinit2.o)
    0x0800020e   0x0800020e   0x00000000   Code   RO         4941    .ARM.Collect$$libinit$$0000001B  c_w.l(libinit2.o)
    0x0800020e   0x0800020e   0x00000000   Code   RO         4943    .ARM.Collect$$libinit$$0000001D  c_w.l(libinit2.o)
    0x0800020e   0x0800020e   0x00000000   Code   RO         4945    .ARM.Collect$$libinit$$0000001F  c_w.l(libinit2.o)
    0x0800020e   0x0800020e   0x00000000   Code   RO         4947    .ARM.Collect$$libinit$$00000021  c_w.l(libinit2.o)
    0x0800020e   0x0800020e   0x00000000   Code   RO         4949    .ARM.Collect$$libinit$$00000023  c_w.l(libinit2.o)
    0x0800020e   0x0800020e   0x00000000   Code   RO         4951    .ARM.Collect$$libinit$$00000025  c_w.l(libinit2.o)
    0x0800020e   0x0800020e   0x00000000   Code   RO         4955    .ARM.Collect$$libinit$$0000002C  c_w.l(libinit2.o)
    0x0800020e   0x0800020e   0x00000000   Code   RO         4957    .ARM.Collect$$libinit$$0000002E  c_w.l(libinit2.o)
    0x0800020e   0x0800020e   0x00000000   Code   RO         4959    .ARM.Collect$$libinit$$00000030  c_w.l(libinit2.o)
    0x0800020e   0x0800020e   0x00000000   Code   RO         4961    .ARM.Collect$$libinit$$00000032  c_w.l(libinit2.o)
    0x0800020e   0x0800020e   0x00000002   Code   RO         4962    .ARM.Collect$$libinit$$00000033  c_w.l(libinit2.o)
    0x08000210   0x08000210   0x00000002   Code   RO         5026    .ARM.Collect$$libshutdown$$00000000  c_w.l(libshutdown.o)
    0x08000212   0x08000212   0x00000000   Code   RO         5055    .ARM.Collect$$libshutdown$$00000002  c_w.l(libshutdown2.o)
    0x08000212   0x08000212   0x00000000   Code   RO         5057    .ARM.Collect$$libshutdown$$00000004  c_w.l(libshutdown2.o)
    0x08000212   0x08000212   0x00000000   Code   RO         5060    .ARM.Collect$$libshutdown$$00000007  c_w.l(libshutdown2.o)
    0x08000212   0x08000212   0x00000000   Code   RO         5063    .ARM.Collect$$libshutdown$$0000000A  c_w.l(libshutdown2.o)
    0x08000212   0x08000212   0x00000000   Code   RO         5065    .ARM.Collect$$libshutdown$$0000000C  c_w.l(libshutdown2.o)
    0x08000212   0x08000212   0x00000000   Code   RO         5068    .ARM.Collect$$libshutdown$$0000000F  c_w.l(libshutdown2.o)
    0x08000212   0x08000212   0x00000002   Code   RO         5069    .ARM.Collect$$libshutdown$$00000010  c_w.l(libshutdown2.o)
    0x08000214   0x08000214   0x00000000   Code   RO         4721    .ARM.Collect$$rtentry$$00000000  c_w.l(__rtentry.o)
    0x08000214   0x08000214   0x00000000   Code   RO         4829    .ARM.Collect$$rtentry$$00000002  c_w.l(__rtentry2.o)
    0x08000214   0x08000214   0x00000006   Code   RO         4841    .ARM.Collect$$rtentry$$00000004  c_w.l(__rtentry4.o)
    0x0800021a   0x0800021a   0x00000000   Code   RO         4831    .ARM.Collect$$rtentry$$00000009  c_w.l(__rtentry2.o)
    0x0800021a   0x0800021a   0x00000004   Code   RO         4832    .ARM.Collect$$rtentry$$0000000A  c_w.l(__rtentry2.o)
    0x0800021e   0x0800021e   0x00000000   Code   RO         4834    .ARM.Collect$$rtentry$$0000000C  c_w.l(__rtentry2.o)
    0x0800021e   0x0800021e   0x00000008   Code   RO         4835    .ARM.Collect$$rtentry$$0000000D  c_w.l(__rtentry2.o)
    0x08000226   0x08000226   0x00000002   Code   RO         4965    .ARM.Collect$$rtexit$$00000000  c_w.l(rtexit.o)
    0x08000228   0x08000228   0x00000000   Code   RO         4988    .ARM.Collect$$rtexit$$00000002  c_w.l(rtexit2.o)
    0x08000228   0x08000228   0x00000004   Code   RO         4989    .ARM.Collect$$rtexit$$00000003  c_w.l(rtexit2.o)
    0x0800022c   0x0800022c   0x00000006   Code   RO         4990    .ARM.Collect$$rtexit$$00000004  c_w.l(rtexit2.o)
    0x08000232   0x08000232   0x00000002   PAD
    0x08000234   0x08000234   0x00000040   Code   RO         1631  * .text               startup_stm32f10x_md.o
    0x08000274   0x08000274   0x00000034   Code   RO         4614    .text               c_w.l(vsnprintf.o)
    0x080002a8   0x080002a8   0x00000038   Code   RO         4616    .text               c_w.l(__2snprintf.o)
    0x080002e0   0x080002e0   0x0000004e   Code   RO         4622    .text               c_w.l(_printf_pad.o)
    0x0800032e   0x0800032e   0x00000052   Code   RO         4624    .text               c_w.l(_printf_str.o)
    0x08000380   0x08000380   0x00000078   Code   RO         4626    .text               c_w.l(_printf_dec.o)
    0x080003f8   0x080003f8   0x00000188   Code   RO         4645    .text               c_w.l(__printf_flags_ss_wp.o)
    0x08000580   0x08000580   0x0000003c   Code   RO         4653    .text               c_w.l(__0sscanf.o)
    0x080005bc   0x080005bc   0x000000e0   Code   RO         4655    .text               c_w.l(_scanf_str.o)
    0x0800069c   0x0800069c   0x00000072   Code   RO         4657    .text               c_w.l(strtoul.o)
    0x0800070e   0x0800070e   0x00000058   Code   RO         4659    .text               c_w.l(memcmp.o)
    0x08000766   0x08000766   0x0000003e   Code   RO         4661    .text               c_w.l(strlen.o)
    0x080007a4   0x080007a4   0x00000096   Code   RO         4663    .text               c_w.l(strncmp.o)
    0x0800083a   0x0800083a   0x0000008a   Code   RO         4665    .text               c_w.l(rt_memcpy_v6.o)
    0x080008c4   0x080008c4   0x00000064   Code   RO         4667    .text               c_w.l(rt_memcpy_w.o)
    0x08000928   0x08000928   0x00000010   Code   RO         4669    .text               c_w.l(aeabi_memset.o)
    0x08000938   0x08000938   0x0000004e   Code   RO         4671    .text               c_w.l(rt_memclr_w.o)
    0x08000986   0x08000986   0x00000056   Code   RO         4673    .text               c_w.l(strncpy.o)
    0x080009dc   0x080009dc   0x00000080   Code   RO         4675    .text               c_w.l(strcmpv7m.o)
    0x08000a5c   0x08000a5c   0x00000006   Code   RO         4677    .text               c_w.l(heapauxi.o)
    0x08000a62   0x08000a62   0x00000002   PAD
    0x08000a64   0x08000a64   0x00000010   Code   RO         4722    .text               c_w.l(rt_ctype_table.o)
    0x08000a74   0x08000a74   0x00000008   Code   RO         4727    .text               c_w.l(rt_errno_addr_intlibspace.o)
    0x08000a7c   0x08000a7c   0x00000024   Code   RO         4729    .text               c_w.l(_printf_truncate.o)
    0x08000aa0   0x08000aa0   0x000000b2   Code   RO         4731    .text               c_w.l(_printf_intcommon.o)
    0x08000b52   0x08000b52   0x00000028   Code   RO         4733    .text               c_w.l(_printf_charcount.o)
    0x08000b7a   0x08000b7a   0x0000041e   Code   RO         4735    .text               c_w.l(_printf_fp_dec.o)
    0x08000f98   0x08000f98   0x00000030   Code   RO         4737    .text               c_w.l(_printf_char_common.o)
    0x08000fc8   0x08000fc8   0x0000000a   Code   RO         4739    .text               c_w.l(_sputc.o)
    0x08000fd2   0x08000fd2   0x00000010   Code   RO         4741    .text               c_w.l(_snputc.o)
    0x08000fe2   0x08000fe2   0x0000002c   Code   RO         4743    .text               c_w.l(_printf_char.o)
    0x0800100e   0x0800100e   0x00000002   PAD
    0x08001010   0x08001010   0x000000bc   Code   RO         4745    .text               c_w.l(_printf_wctomb.o)
    0x080010cc   0x080010cc   0x0000007c   Code   RO         4748    .text               c_w.l(_printf_longlong_dec.o)
    0x08001148   0x08001148   0x00000070   Code   RO         4754    .text               c_w.l(_printf_oct_int_ll.o)
    0x080011b8   0x080011b8   0x00000094   Code   RO         4774    .text               c_w.l(_printf_hex_int_ll_ptr.o)
    0x0800124c   0x0800124c   0x0000002c   Code   RO         4796    .text               c_w.l(scanf_char.o)
    0x08001278   0x08001278   0x00000040   Code   RO         4798    .text               c_w.l(_sgetc.o)
    0x080012b8   0x080012b8   0x0000009e   Code   RO         4800    .text               c_w.l(_strtoul.o)
    0x08001356   0x08001356   0x00000002   PAD
    0x08001358   0x08001358   0x000000a4   Code   RO         4802    .text               c_w.l(strtod.o)
    0x080013fc   0x080013fc   0x00000044   Code   RO         4804    .text               c_w.l(rt_memclr.o)
    0x08001440   0x08001440   0x00000008   Code   RO         4825    .text               c_w.l(libspace.o)
    0x08001448   0x08001448   0x00000008   Code   RO         4846    .text               c_w.l(rt_locale_intlibspace.o)
    0x08001450   0x08001450   0x0000008a   Code   RO         4848    .text               c_w.l(lludiv10.o)
    0x080014da   0x080014da   0x00000012   Code   RO         4850    .text               c_w.l(isspace.o)
    0x080014ec   0x080014ec   0x000002fc   Code   RO         4852    .text               c_w.l(_printf_fp_hex.o)
    0x080017e8   0x080017e8   0x00000080   Code   RO         4855    .text               c_w.l(_printf_fp_infnan.o)
    0x08001868   0x08001868   0x0000002c   Code   RO         4859    .text               c_w.l(_printf_wchar.o)
    0x08001894   0x08001894   0x0000001c   Code   RO         4861    .text               c_w.l(_chval.o)
    0x080018b0   0x080018b0   0x00000374   Code   RO         4863    .text               c_w.l(_scanf.o)
    0x08001c24   0x08001c24   0x000000e4   Code   RO         4865    .text               c_w.l(bigflt0.o)
    0x08001d08   0x08001d08   0x00000040   Code   RO         4890    .text               c_w.l(_wcrtomb.o)
    0x08001d48   0x08001d48   0x0000004a   Code   RO         4906    .text               c_w.l(sys_stackheap_outer.o)
    0x08001d92   0x08001d92   0x00000002   PAD
    0x08001d94   0x08001d94   0x000004f8   Code   RO         4908    .text               c_w.l(scanf_fp.o)
    0x0800228c   0x0800228c   0x00000012   Code   RO         4910    .text               c_w.l(exit.o)
    0x0800229e   0x0800229e   0x00000016   Code   RO         4994    .text               c_w.l(_rserrno.o)
    0x080022b4   0x080022b4   0x00000320   Code   RO         4996    .text               c_w.l(scanf_hexfp.o)
    0x080025d4   0x080025d4   0x00000134   Code   RO         4998    .text               c_w.l(scanf_infnan.o)
    0x08002708   0x08002708   0x0000000c   Code   RO         5014    .text               c_w.l(sys_exit.o)
    0x08002714   0x08002714   0x00000026   Code   RO         5018    .text               c_w.l(llshl.o)
    0x0800273a   0x0800273a   0x00000002   Code   RO         5045    .text               c_w.l(use_no_semi.o)
    0x0800273c   0x0800273c   0x00000000   Code   RO         5047    .text               c_w.l(indicate_semi.o)
    0x0800273c   0x0800273c   0x0000003e   Code   RO         4868    CL$$btod_d2e        c_w.l(btod.o)
    0x0800277a   0x0800277a   0x00000046   Code   RO         4870    CL$$btod_d2e_denorm_low  c_w.l(btod.o)
    0x080027c0   0x080027c0   0x00000060   Code   RO         4869    CL$$btod_d2e_norm_op1  c_w.l(btod.o)
    0x08002820   0x08002820   0x00000338   Code   RO         4878    CL$$btod_div_common  c_w.l(btod.o)
    0x08002b58   0x08002b58   0x00000084   Code   RO         4876    CL$$btod_e2d        c_w.l(btod.o)
    0x08002bdc   0x08002bdc   0x000000dc   Code   RO         4875    CL$$btod_e2e        c_w.l(btod.o)
    0x08002cb8   0x08002cb8   0x0000002a   Code   RO         4872    CL$$btod_ediv       c_w.l(btod.o)
    0x08002ce2   0x08002ce2   0x0000002a   Code   RO         4874    CL$$btod_edivd      c_w.l(btod.o)
    0x08002d0c   0x08002d0c   0x0000002a   Code   RO         4871    CL$$btod_emul       c_w.l(btod.o)
    0x08002d36   0x08002d36   0x0000002a   Code   RO         4873    CL$$btod_emuld      c_w.l(btod.o)
    0x08002d60   0x08002d60   0x00000244   Code   RO         4877    CL$$btod_mult_common  c_w.l(btod.o)
    0x08002fa4   0x08002fa4   0x0000001c   Code   RO         2226    i.CRC_CalcBlockCRC  stm32f10x_crc.o
    0x08002fc0   0x08002fc0   0x0000000c   Code   RO         2230    i.CRC_ResetDR       stm32f10x_crc.o
    0x08002fcc   0x08002fcc   0x000000b8   Code   RO          522    i.DMA1_Channel4_IRQHandler  bsp_eeprom.o
    0x08003084   0x08003084   0x00000018   Code   RO         2376    i.DMA_ClearFlag     stm32f10x_dma.o
    0x0800309c   0x0800309c   0x00000016   Code   RO         2378    i.DMA_Cmd           stm32f10x_dma.o
    0x080030b2   0x080030b2   0x00000002   PAD
    0x080030b4   0x080030b4   0x00000020   Code   RO         2381    i.DMA_GetFlagStatus  stm32f10x_dma.o
    0x080030d4   0x080030d4   0x00000010   Code   RO         2383    i.DMA_ITConfig      stm32f10x_dma.o
    0x080030e4   0x080030e4   0x0000003a   Code   RO         2384    i.DMA_Init          stm32f10x_dma.o
    0x0800311e   0x0800311e   0x00000002   PAD
    0x08003120   0x08003120   0x0000003c   Code   RO         2507    i.FLASH_ErasePage   stm32f10x_flash.o
    0x0800315c   0x0800315c   0x00000028   Code   RO         2508    i.FLASH_GetBank1Status  stm32f10x_flash.o
    0x08003184   0x08003184   0x00000010   Code   RO         2517    i.FLASH_Lock        stm32f10x_flash.o
    0x08003194   0x08003194   0x00000050   Code   RO         2522    i.FLASH_ProgramWord  stm32f10x_flash.o
    0x080031e4   0x080031e4   0x00000018   Code   RO         2525    i.FLASH_Unlock      stm32f10x_flash.o
    0x080031fc   0x080031fc   0x00000022   Code   RO         2529    i.FLASH_WaitForLastOperation  stm32f10x_flash.o
    0x0800321e   0x0800321e   0x0000009c   Code   RO         2803    i.GPIO_Init         stm32f10x_gpio.o
    0x080032ba   0x080032ba   0x00000002   PAD
    0x080032bc   0x080032bc   0x00000058   Code   RO         2805    i.GPIO_PinRemapConfig  stm32f10x_gpio.o
    0x08003314   0x08003314   0x0000000e   Code   RO         2807    i.GPIO_ReadInputDataBit  stm32f10x_gpio.o
    0x08003322   0x08003322   0x00000004   Code   RO         2810    i.GPIO_ResetBits    stm32f10x_gpio.o
    0x08003326   0x08003326   0x00000004   Code   RO         2811    i.GPIO_SetBits      stm32f10x_gpio.o
    0x0800332a   0x0800332a   0x00000002   PAD
    0x0800332c   0x0800332c   0x00000074   Code   RO          523    i.I2C2_ER_IRQHandler  bsp_eeprom.o
    0x080033a0   0x080033a0   0x00000010   Code   RO          524    i.I2C2_EV_IRQHandler  bsp_eeprom.o
    0x080033b0   0x080033b0   0x00000018   Code   RO         2914    i.I2C_CheckEvent    stm32f10x_i2c.o
    0x080033c8   0x080033c8   0x00000006   Code   RO         2916    i.I2C_ClearITPendingBit  stm32f10x_i2c.o
    0x080033ce   0x080033ce   0x00000014   Code   RO         2918    i.I2C_DMACmd        stm32f10x_i2c.o
    0x080033e2   0x080033e2   0x00000014   Code   RO         2924    i.I2C_GenerateSTART  stm32f10x_i2c.o
    0x080033f6   0x080033f6   0x00000014   Code   RO         2925    i.I2C_GenerateSTOP  stm32f10x_i2c.o
    0x0800340a   0x0800340a   0x0000002a   Code   RO         2926    i.I2C_GetFlagStatus  stm32f10x_i2c.o
    0x08003434   0x08003434   0x00000024   Code   RO         2927    i.I2C_GetITStatus   stm32f10x_i2c.o
    0x08003458   0x08003458   0x00000010   Code   RO         2938    i.I2C_Send7bitAddress  stm32f10x_i2c.o
    0x08003468   0x08003468   0x00000004   Code   RO         2939    i.I2C_SendData      stm32f10x_i2c.o
    0x0800346c   0x0800346c   0x00000018   Code   RO         3221    i.RCC_AHBPeriphClockCmd  stm32f10x_rcc.o
    0x08003484   0x08003484   0x00000018   Code   RO         3224    i.RCC_APB2PeriphClockCmd  stm32f10x_rcc.o
    0x0800349c   0x0800349c   0x00000014   Code   RO         3424    i.RTC_GetCounter    stm32f10x_rtc.o
    0x080034b0   0x080034b0   0x0000000e   Code   RO         3711    i.SPI_I2S_GetFlagStatus  stm32f10x_spi.o
    0x080034be   0x080034be   0x00000004   Code   RO         3714    i.SPI_I2S_ReceiveData  stm32f10x_spi.o
    0x080034c2   0x080034c2   0x00000004   Code   RO         3715    i.SPI_I2S_SendData  stm32f10x_spi.o
    0x080034c6   0x080034c6   0x00000002   PAD
    0x080034c8   0x080034c8   0x000000a8   Code   RO         1599    i.SetSysClockTo72   system_stm32f10x.o
    0x08003570   0x08003570   0x00000004   Code   RO         1325    i.SysTick_Handler   scheduler.o
    0x08003574   0x08003574   0x00000050   Code   RO         1601    i.SystemInit        system_stm32f10x.o
    0x080035c4   0x080035c4   0x00000094   Code   RO          189    i.USART1_IRQHandler  bsp_uart.o
    0x08003658   0x08003658   0x0000003e   Code   RO         4383    i.USART_GetITStatus  stm32f10x_usart.o
    0x08003696   0x08003696   0x00000030   Code   RO         4385    i.USART_ITConfig    stm32f10x_usart.o
    0x080036c6   0x080036c6   0x00000008   Code   RO         4393    i.USART_ReceiveData  stm32f10x_usart.o
    0x080036ce   0x080036ce   0x00000008   Code   RO         4396    i.USART_SendData    stm32f10x_usart.o
    0x080036d6   0x080036d6   0x00000028   Code   RO         4904    i.__ARM_fpclassify  m_ws.l(fpclassify.o)
    0x080036fe   0x080036fe   0x0000000e   Code   RO         5076    i.__mathlib_dbl_overflow  m_ws.l(dunder.o)
    0x0800370c   0x0800370c   0x00000010   Code   RO         5078    i.__mathlib_dbl_underflow  m_ws.l(dunder.o)
    0x0800371c   0x0800371c   0x00000010   Code   RO         4981    i.__mathlib_narrow  m_ws.l(narrow.o)
    0x0800372c   0x0800372c   0x000000bc   Code   RO         4982    i.__mathlib_tofloat  m_ws.l(narrow.o)
    0x080037e8   0x080037e8   0x00000016   Code   RO         5034    i.__support_ldexp   m_ws.l(ldexp.o)
    0x080037fe   0x080037fe   0x0000000e   Code   RO         4638    i._is_digit         c_w.l(__printf_wp.o)
    0x0800380c   0x0800380c   0x000000e4   Code   RO         1402    i.adjust_param      ui_service.o
    0x080038f0   0x080038f0   0x0000000c   Code   RO          711    i.alarm_service_is_active  alarm_service.o
    0x080038fc   0x080038fc   0x0000009c   Code   RO          712    i.alarm_service_update  alarm_service.o
    0x08003998   0x08003998   0x00000068   Code   RO          748    i.app_main_init     app_main.o
    0x08003a00   0x08003a00   0x000001e0   Code   RO          749    i.app_main_loop     app_main.o
    0x08003be0   0x08003be0   0x00000028   Code   RO          750    i.apply_pid_params  app_main.o
    0x08003c08   0x08003c08   0x00000038   Code   RO          751    i.apply_schedule_params  app_main.o
    0x08003c40   0x08003c40   0x00000020   Code   RO          495    i.bsp_buzzer_set    bsp_buzzer.o
    0x08003c60   0x08003c60   0x00000024   Code   RO            6    i.bsp_ds18b20_read_c  bsp_ds18b20.o
    0x08003c84   0x08003c84   0x00000068   Code   RO          529    i.bsp_eeprom_process  bsp_eeprom.o
    0x08003cec   0x08003cec   0x0000004c   Code   RO          228    i.bsp_key_get_state  bsp_key.o
    0x08003d38   0x08003d38   0x00000044   Code   RO          255    i.bsp_oled_clear    bsp_oled.o
    0x08003d7c   0x08003d7c   0x00000024   Code   RO          256    i.bsp_oled_draw_circle  bsp_oled.o
    0x08003da0   0x08003da0   0x0000002c   Code   RO          257    i.bsp_oled_draw_line  bsp_oled.o
    0x08003dcc   0x08003dcc   0x0000002c   Code   RO          258    i.bsp_oled_draw_rect  bsp_oled.o
    0x08003df8   0x08003df8   0x0000002c   Code   RO          259    i.bsp_oled_draw_text  bsp_oled.o
    0x08003e24   0x08003e24   0x00000034   Code   RO          260    i.bsp_oled_draw_text_xy  bsp_oled.o
    0x08003e58   0x08003e58   0x0000002c   Code   RO          261    i.bsp_oled_fill_rect  bsp_oled.o
    0x08003e84   0x08003e84   0x00000030   Code   RO          262    i.bsp_oled_fill_round_rect  bsp_oled.o
    0x08003eb4   0x08003eb4   0x000000f8   Code   RO          263    i.bsp_oled_init     bsp_oled.o
    0x08003fac   0x08003fac   0x00000034   Code   RO          266    i.bsp_oled_process  bsp_oled.o
    0x08003fe0   0x08003fe0   0x00000010   Code   RO          267    i.bsp_oled_refresh  bsp_oled.o
    0x08003ff0   0x08003ff0   0x00000020   Code   RO          124    i.bsp_relay_set     bsp_relay.o
    0x08004010   0x08004010   0x00000028   Code   RO          151    i.bsp_rtc_get_minutes_of_day  bsp_rtc.o
    0x08004038   0x08004038   0x00000060   Code   RO          632    i.bsp_spiflash_read  bsp_spiflash.o
    0x08004098   0x08004098   0x000000d4   Code   RO          633    i.bsp_spiflash_write  bsp_spiflash.o
    0x0800416c   0x0800416c   0x00000040   Code   RO          191    i.bsp_uart_read_line  bsp_uart.o
    0x080041ac   0x080041ac   0x00000064   Code   RO          192    i.bsp_uart_write    bsp_uart.o
    0x08004210   0x08004210   0x00000024   Code   RO         1140    i.clamp             pid_ctrl.o
    0x08004234   0x08004234   0x00000024   Code   RO         1403    i.clampf            ui_service.o
    0x08004258   0x08004258   0x0000001c   Code   RO          880    i.debug_log_error   debug_log.o
    0x08004274   0x08004274   0x0000001c   Code   RO          881    i.debug_log_info    debug_log.o
    0x08004290   0x08004290   0x00000002   Code   RO          882    i.debug_log_init    debug_log.o
    0x08004292   0x08004292   0x00000002   PAD
    0x08004294   0x08004294   0x00000048   Code   RO          883    i.debug_log_v       debug_log.o
    0x080042dc   0x080042dc   0x0000001c   Code   RO          884    i.debug_log_warn    debug_log.o
    0x080042f8   0x080042f8   0x000000b0   Code   RO          533    i.eeprom_wait_ready  bsp_eeprom.o
    0x080043a8   0x080043a8   0x000000cc   Code   RO          535    i.eeprom_write_chunk_dma_start  bsp_eeprom.o
    0x08004474   0x08004474   0x00000088   Code   RO          752    i.enter_display_driver_moving_block_scene  app_main.o
    0x080044fc   0x080044fc   0x0000002a   Code   RO         1017    i.erase_page_if_written  param_store.o
    0x08004526   0x08004526   0x00000002   PAD
    0x08004528   0x08004528   0x00000038   Code   RO         1404    i.format_hhmm       ui_service.o
    0x08004560   0x08004560   0x00000058   Code   RO         5009    i.frexp             m_ws.l(frexp.o)
    0x080045b8   0x080045b8   0x00000224   Code   RO          268    i.glyph_5x7         bsp_oled.o
    0x080047dc   0x080047dc   0x00000090   Code   RO         1163    i.handle_conf_pid   protocol_export.o
    0x0800486c   0x0800486c   0x00000140   Code   RO         1164    i.handle_log_export  protocol_export.o
    0x080049ac   0x080049ac   0x00000078   Code   RO         1165    i.handle_read_param  protocol_export.o
    0x08004a24   0x08004a24   0x000000a4   Code   RO         1166    i.handle_read_temp  protocol_export.o
    0x08004ac8   0x08004ac8   0x000000b0   Code   RO         1167    i.handle_set_alarm_values  protocol_export.o
    0x08004b78   0x08004b78   0x00000080   Code   RO         1168    i.handle_set_log_period_values  protocol_export.o
    0x08004bf8   0x08004bf8   0x0000008c   Code   RO         1169    i.handle_set_pid    protocol_export.o
    0x08004c84   0x08004c84   0x00000128   Code   RO         1170    i.handle_set_pid_values  protocol_export.o
    0x08004dac   0x08004dac   0x00000070   Code   RO         1171    i.handle_set_schedule  protocol_export.o
    0x08004e1c   0x08004e1c   0x000000d4   Code   RO         1172    i.handle_set_schedule_values  protocol_export.o
    0x08004ef0   0x08004ef0   0x00000128   Code   RO         1173    i.handle_set_temp   protocol_export.o
    0x08005018   0x08005018   0x00000014   Code   RO          925    i.heater_ctrl_force_off  heater_ctrl.o
    0x0800502c   0x0800502c   0x0000000c   Code   RO          926    i.heater_ctrl_get_state  heater_ctrl.o
    0x08005038   0x08005038   0x00000020   Code   RO          928    i.heater_ctrl_set_output_percent  heater_ctrl.o
    0x08005058   0x08005058   0x00000068   Code   RO          929    i.heater_ctrl_update_1ms  heater_ctrl.o
    0x080050c0   0x080050c0   0x0000000c   Code   RO          753    i.hw_oled_draw_line  app_main.o
    0x080050cc   0x080050cc   0x0000000c   Code   RO         1405    i.hw_oled_draw_line  ui_service.o
    0x080050d8   0x080050d8   0x0000000c   Code   RO          754    i.hw_oled_draw_rect  app_main.o
    0x080050e4   0x080050e4   0x0000000c   Code   RO         1406    i.hw_oled_draw_rect  ui_service.o
    0x080050f0   0x080050f0   0x00000004   Code   RO          755    i.hw_oled_draw_text  app_main.o
    0x080050f4   0x080050f4   0x0000000c   Code   RO          756    i.hw_oled_draw_text_xy  app_main.o
    0x08005100   0x08005100   0x0000000c   Code   RO         1407    i.hw_oled_draw_text_xy  ui_service.o
    0x0800510c   0x0800510c   0x0000000c   Code   RO          757    i.hw_oled_fill_rect  app_main.o
    0x08005118   0x08005118   0x0000000c   Code   RO         1408    i.hw_oled_fill_rect  ui_service.o
    0x08005124   0x08005124   0x00000010   Code   RO         1409    i.hw_oled_fill_round_rect  ui_service.o
    0x08005134   0x08005134   0x00000054   Code   RO          536    i.i2c_wait_event    bsp_eeprom.o
    0x08005188   0x08005188   0x00000028   Code   RO          713    i.is_temp_invalid   alarm_service.o
    0x080051b0   0x080051b0   0x00000018   Code   RO          269    i.lcd_ctrl_write    bsp_oled.o
    0x080051c8   0x080051c8   0x00000024   Code   RO          270    i.lcd_data_mode     bsp_oled.o
    0x080051ec   0x080051ec   0x0000001c   Code   RO          271    i.lcd_delay         bsp_oled.o
    0x08005208   0x08005208   0x00000068   Code   RO          272    i.lcd_draw_text_line  bsp_oled.o
    0x08005270   0x08005270   0x00000072   Code   RO          273    i.lcd_fill_rect     bsp_oled.o
    0x080052e2   0x080052e2   0x0000021a   Code   RO          274    i.lcd_init_5408     bsp_oled.o
    0x080054fc   0x080054fc   0x000001f6   Code   RO          275    i.lcd_init_932x     bsp_oled.o
    0x080056f2   0x080056f2   0x00000002   PAD
    0x080056f4   0x080056f4   0x00000020   Code   RO          276    i.lcd_read_strobe   bsp_oled.o
    0x08005714   0x08005714   0x00000010   Code   RO          277    i.lcd_write_bus     bsp_oled.o
    0x08005724   0x08005724   0x0000001a   Code   RO          278    i.lcd_write_data    bsp_oled.o
    0x0800573e   0x0800573e   0x0000001c   Code   RO          279    i.lcd_write_index   bsp_oled.o
    0x0800575a   0x0800575a   0x00000012   Code   RO          280    i.lcd_write_reg     bsp_oled.o
    0x0800576c   0x0800576c   0x00000022   Code   RO          281    i.lcd_write_strobe  bsp_oled.o
    0x0800578e   0x0800578e   0x0000000a   Code   RO          282    i.lcd_write_timing_delay  bsp_oled.o
    0x08005798   0x08005798   0x00000074   Code   RO         5035    i.ldexp             m_ws.l(ldexp.o)
    0x0800580c   0x0800580c   0x00000010   Code   RO          966    i.log_service_clear  log_service.o
    0x0800581c   0x0800581c   0x0000000c   Code   RO          967    i.log_service_count  log_service.o
    0x08005828   0x08005828   0x00000038   Code   RO          968    i.log_service_get   log_service.o
    0x08005860   0x08005860   0x00000050   Code   RO          970    i.log_service_push  log_service.o
    0x080058b0   0x080058b0   0x0000000a   Code   RO         1005    i.main              main.o
    0x080058ba   0x080058ba   0x00000002   PAD
    0x080058bc   0x080058bc   0x00000058   Code   RO         1410    i.mode_text         ui_service.o
    0x08005914   0x08005914   0x0000005c   Code   RO          758    i.mode_to_str       app_main.o
    0x08005970   0x08005970   0x00000014   Code   RO         1411    i.page_editable     ui_service.o
    0x08005984   0x08005984   0x0000005c   Code   RO         1412    i.page_text         ui_service.o
    0x080059e0   0x080059e0   0x0000002c   Code   RO         1019    i.param_record_crc_hw  param_store.o
    0x08005a0c   0x08005a0c   0x00000034   Code   RO         1020    i.param_record_crc_sw  param_store.o
    0x08005a40   0x08005a40   0x00000040   Code   RO         1021    i.param_record_valid  param_store.o
    0x08005a80   0x08005a80   0x00000008   Code   RO         1023    i.param_store_get   param_store.o
    0x08005a88   0x08005a88   0x00000008   Code   RO         1024    i.param_store_get_mutable  param_store.o
    0x08005a90   0x08005a90   0x00000040   Code   RO         1027    i.param_store_load_defaults  param_store.o
    0x08005ad0   0x08005ad0   0x00000050   Code   RO         1028    i.param_store_save  param_store.o
    0x08005b20   0x08005b20   0x00000028   Code   RO         1029    i.param_store_tick_1s  param_store.o
    0x08005b48   0x08005b48   0x00000080   Code   RO         1174    i.parse_float3_exact  protocol_export.o
    0x08005bc8   0x08005bc8   0x00000040   Code   RO         1175    i.parse_float_exact  protocol_export.o
    0x08005c08   0x08005c08   0x00000080   Code   RO         1176    i.parse_u32_3_exact  protocol_export.o
    0x08005c88   0x08005c88   0x00000030   Code   RO         1177    i.parse_u32_exact   protocol_export.o
    0x08005cb8   0x08005cb8   0x00000028   Code   RO         1141    i.pid_init          pid_ctrl.o
    0x08005ce0   0x08005ce0   0x000000e4   Code   RO         1142    i.pid_step          pid_ctrl.o
    0x08005dc4   0x08005dc4   0x00000104   Code   RO         1413    i.poll_keys_to_events  ui_service.o
    0x08005ec8   0x08005ec8   0x000000d0   Code   RO         1414    i.process_key_event  ui_service.o
    0x08005f98   0x08005f98   0x00000042   Code   RO         1030    i.program_record_to_flash  param_store.o
    0x08005fda   0x08005fda   0x00000002   PAD
    0x08005fdc   0x08005fdc   0x000003e8   Code   RO         1179    i.protocol_export_process  protocol_export.o
    0x080063c4   0x080063c4   0x0000002c   Code   RO         1415    i.queue_push        ui_service.o
    0x080063f0   0x080063f0   0x00000014   Code   RO         1031    i.read_record_from_fallback  param_store.o
    0x08006404   0x08006404   0x0000000e   Code   RO         1032    i.read_record_from_flash  param_store.o
    0x08006412   0x08006412   0x00000006   Code   RO         1033    i.read_record_from_spiflash  param_store.o
    0x08006418   0x08006418   0x00000032   Code   RO         1416    i.render_centered_text  ui_service.o
    0x0800644a   0x0800644a   0x00000002   PAD
    0x0800644c   0x0800644c   0x000000ac   Code   RO         1417    i.render_export_page  ui_service.o
    0x080064f8   0x080064f8   0x000001cc   Code   RO         1418    i.render_home_dashboard  ui_service.o
    0x080066c4   0x080066c4   0x000000e0   Code   RO         1419    i.render_info_page  ui_service.o
    0x080067a4   0x080067a4   0x00000398   Code   RO         1420    i.render_page       ui_service.o
    0x08006b3c   0x08006b3c   0x00000054   Code   RO         1421    i.render_page_shell  ui_service.o
    0x08006b90   0x08006b90   0x00000148   Code   RO         1422    i.render_schedule_page  ui_service.o
    0x08006cd8   0x08006cd8   0x000002a0   Code   RO         1423    i.render_settings_page  ui_service.o
    0x08006f78   0x08006f78   0x00000114   Code   RO         1424    i.render_settings_value_card  ui_service.o
    0x0800708c   0x0800708c   0x00000088   Code   RO         1425    i.render_startup_splash  ui_service.o
    0x08007114   0x08007114   0x00000012   Code   RO         1426    i.render_status_line  ui_service.o
    0x08007126   0x08007126   0x00000060   Code   RO         1427    i.render_value_card  ui_service.o
    0x08007186   0x08007186   0x00000002   PAD
    0x08007188   0x08007188   0x00000194   Code   RO          759    i.run_display_driver_api_test  app_main.o
    0x0800731c   0x0800731c   0x000000ec   Code   RO          760    i.run_display_driver_hw_test_loop  app_main.o
    0x08007408   0x08007408   0x00000124   Code   RO          761    i.run_display_driver_moving_block_step  app_main.o
    0x0800752c   0x0800752c   0x00000094   Code   RO          762    i.run_display_driver_solid_color_step  app_main.o
    0x080075c0   0x080075c0   0x000000d0   Code   RO         1034    i.save_to_nv        param_store.o
    0x08007690   0x08007690   0x0000003a   Code   RO         1428    i.schedule_next_boundary  ui_service.o
    0x080076ca   0x080076ca   0x00000002   PAD
    0x080076cc   0x080076cc   0x0000000c   Code   RO         1285    i.schedule_service_heating_allowed  schedule_service.o
    0x080076d8   0x080076d8   0x00000034   Code   RO         1287    i.schedule_service_set_config  schedule_service.o
    0x0800770c   0x0800770c   0x00000058   Code   RO         1288    i.schedule_service_update  schedule_service.o
    0x08007764   0x08007764   0x00000048   Code   RO         1326    i.scheduler_init    scheduler.o
    0x080077ac   0x080077ac   0x0000000c   Code   RO         1327    i.scheduler_now_ms  scheduler.o
    0x080077b8   0x080077b8   0x00000040   Code   RO         1328    i.scheduler_poll    scheduler.o
    0x080077f8   0x080077f8   0x00000010   Code   RO         1329    i.scheduler_tick_1ms  scheduler.o
    0x08007808   0x08007808   0x00000038   Code   RO         1180    i.send_err          protocol_export.o
    0x08007840   0x08007840   0x00000034   Code   RO         1181    i.send_ok           protocol_export.o
    0x08007874   0x08007874   0x0000003a   Code   RO         1367    i.sensor_filtered_value  temp_manager.o
    0x080078ae   0x080078ae   0x00000002   PAD
    0x080078b0   0x080078b0   0x0000000c   Code   RO          634    i.spiflash_cs_high  bsp_spiflash.o
    0x080078bc   0x080078bc   0x0000000c   Code   RO          635    i.spiflash_cs_low   bsp_spiflash.o
    0x080078c8   0x080078c8   0x0000001e   Code   RO          636    i.spiflash_send_addr  bsp_spiflash.o
    0x080078e6   0x080078e6   0x00000002   PAD
    0x080078e8   0x080078e8   0x00000030   Code   RO          637    i.spiflash_wait_ready  bsp_spiflash.o
    0x08007918   0x08007918   0x00000014   Code   RO          638    i.spiflash_write_enable  bsp_spiflash.o
    0x0800792c   0x0800792c   0x00000058   Code   RO          639    i.spiflash_xfer     bsp_spiflash.o
    0x08007984   0x08007984   0x0000001c   Code   RO         4718    i.strtod            m_ws.l(strtod.o)
    0x080079a0   0x080079a0   0x00000084   Code   RO          763    i.sync_runtime_params_if_changed  app_main.o
    0x08007a24   0x08007a24   0x00000008   Code   RO         1368    i.temp_manager_get_snapshot  temp_manager.o
    0x08007a2c   0x08007a2c   0x0000026c   Code   RO         1370    i.temp_manager_update  temp_manager.o
    0x08007c98   0x08007c98   0x00000032   Code   RO          437    i.tg_clip_span      tiny_graphics.o
    0x08007cca   0x08007cca   0x000000b0   Code   RO          438    i.tg_draw_circle    tiny_graphics.o
    0x08007d7a   0x08007d7a   0x0000007a   Code   RO          439    i.tg_draw_line      tiny_graphics.o
    0x08007df4   0x08007df4   0x00000010   Code   RO          440    i.tg_draw_pixel     tiny_graphics.o
    0x08007e04   0x08007e04   0x0000005e   Code   RO          441    i.tg_draw_rect      tiny_graphics.o
    0x08007e62   0x08007e62   0x000000cc   Code   RO          442    i.tg_draw_text      tiny_graphics.o
    0x08007f2e   0x08007f2e   0x0000005e   Code   RO          443    i.tg_fill_rect      tiny_graphics.o
    0x08007f8c   0x08007f8c   0x000000bc   Code   RO          444    i.tg_fill_round_rect  tiny_graphics.o
    0x08008048   0x08008048   0x00000014   Code   RO          283    i.tg_glyph_5x7      bsp_oled.o
    0x0800805c   0x0800805c   0x00000018   Code   RO          284    i.tg_lcd_fill_rect  bsp_oled.o
    0x08008074   0x08008074   0x00000084   Code   RO         1434    i.ui_service_tick_100ms  ui_service.o
    0x080080f8   0x080080f8   0x00000054   Code   RO         1435    i.ui_service_tick_200ms  ui_service.o
    0x0800814c   0x0800814c   0x00000022   Code   RO         1436    i.ui_text_width     ui_service.o
    0x0800816e   0x0800816e   0x00000002   PAD
    0x08008170   0x08008170   0x00000034   Code   RO         1035    i.write_record_to_fallback  param_store.o
    0x080081a4   0x080081a4   0x00000006   Code   RO         1036    i.write_record_to_spiflash  param_store.o
    0x080081aa   0x080081aa   0x00000002   PAD
    0x080081ac   0x080081ac   0x0000002c   Code   RO         4893    locale$$code        c_w.l(lc_ctype_c.o)
    0x080081d8   0x080081d8   0x0000002c   Code   RO         4896    locale$$code        c_w.l(lc_numeric_c.o)
    0x08008204   0x08008204   0x00000062   Code   RO         4681    x$fpl$d2f           fz_ws.l(d2f.o)
    0x08008266   0x08008266   0x00000002   PAD
    0x08008268   0x08008268   0x00000010   Code   RO         5070    x$fpl$dcheck1       fz_ws.l(dcheck1.o)
    0x08008278   0x08008278   0x00000018   Code   RO         5027    x$fpl$dcmpinf       fz_ws.l(dcmpi.o)
    0x08008290   0x08008290   0x00000078   Code   RO         5004    x$fpl$deqf          fz_ws.l(deqf.o)
    0x08008308   0x08008308   0x00000078   Code   RO         5029    x$fpl$dleqf         fz_ws.l(dleqf.o)
    0x08008380   0x08008380   0x0000009c   Code   RO         4806    x$fpl$dnaninf       fz_ws.l(dnaninf.o)
    0x0800841c   0x0800841c   0x0000000c   Code   RO         4808    x$fpl$dretinf       fz_ws.l(dretinf.o)
    0x08008428   0x08008428   0x0000006c   Code   RO         5006    x$fpl$drleqf        fz_ws.l(drleqf.o)
    0x08008494   0x08008494   0x00000056   Code   RO         4683    x$fpl$f2d           fz_ws.l(f2d.o)
    0x080084ea   0x080084ea   0x00000002   PAD
    0x080084ec   0x080084ec   0x000000c4   Code   RO         4685    x$fpl$fadd          fz_ws.l(faddsub_clz.o)
    0x080085b0   0x080085b0   0x0000000c   Code   RO         4810    x$fpl$fcheck1       fz_ws.l(fcheck1.o)
    0x080085bc   0x080085bc   0x00000018   Code   RO         4812    x$fpl$fcmpinf       fz_ws.l(fcmpi.o)
    0x080085d4   0x080085d4   0x00000184   Code   RO         4692    x$fpl$fdiv          fz_ws.l(fdiv.o)
    0x08008758   0x08008758   0x00000068   Code   RO         4695    x$fpl$feqf          fz_ws.l(feqf.o)
    0x080087c0   0x080087c0   0x0000003e   Code   RO         4697    x$fpl$ffixu         fz_ws.l(ffixu.o)
    0x080087fe   0x080087fe   0x00000002   PAD
    0x08008800   0x08008800   0x00000030   Code   RO         4702    x$fpl$fflt          fz_ws.l(fflt_clz.o)
    0x08008830   0x08008830   0x00000026   Code   RO         4701    x$fpl$ffltu         fz_ws.l(fflt_clz.o)
    0x08008856   0x08008856   0x00000002   PAD
    0x08008858   0x08008858   0x00000068   Code   RO         4707    x$fpl$fleqf         fz_ws.l(fleqf.o)
    0x080088c0   0x080088c0   0x00000102   Code   RO         4709    x$fpl$fmul          fz_ws.l(fmul.o)
    0x080089c2   0x080089c2   0x0000008c   Code   RO         4814    x$fpl$fnaninf       fz_ws.l(fnaninf.o)
    0x08008a4e   0x08008a4e   0x0000000a   Code   RO         4816    x$fpl$fretinf       fz_ws.l(fretinf.o)
    0x08008a58   0x08008a58   0x00000062   Code   RO         4711    x$fpl$frleqf        fz_ws.l(frleqf.o)
    0x08008aba   0x08008aba   0x00000002   PAD
    0x08008abc   0x08008abc   0x000000ea   Code   RO         4687    x$fpl$fsub          fz_ws.l(faddsub_clz.o)
    0x08008ba6   0x08008ba6   0x00000006   Code   RO         4898    x$fpl$ieeestatus    fz_ws.l(istatus.o)
    0x08008bac   0x08008bac   0x00000004   Code   RO         4713    x$fpl$printf1       fz_ws.l(printf1.o)
    0x08008bb0   0x08008bb0   0x00000004   Code   RO         4818    x$fpl$printf2       fz_ws.l(printf2.o)
    0x08008bb4   0x08008bb4   0x00000064   Code   RO         4900    x$fpl$retnan        fz_ws.l(retnan.o)
    0x08008c18   0x08008c18   0x0000005c   Code   RO         5031    x$fpl$scalbn        fz_ws.l(scalbn.o)
    0x08008c74   0x08008c74   0x0000004c   Code   RO         4715    x$fpl$scalbnf       fz_ws.l(scalbnf.o)
    0x08008cc0   0x08008cc0   0x00000004   Code   RO         4902    x$fpl$scanf1        fz_ws.l(scanf1.o)
    0x08008cc4   0x08008cc4   0x00000008   Code   RO         4975    x$fpl$scanf2        fz_ws.l(scanf2.o)
    0x08008ccc   0x08008ccc   0x00000030   Code   RO         4963    x$fpl$trapveneer    fz_ws.l(trapv.o)
    0x08008cfc   0x08008cfc   0x00000000   Code   RO         4824    x$fpl$usenofp       fz_ws.l(usenofp.o)
    0x08008cfc   0x08008cfc   0x0000003a   Data   RO          286    .constdata          bsp_oled.o
    0x08008d36   0x08008d36   0x00000010   Data   RO          765    .constdata          app_main.o
    0x08008d46   0x08008d46   0x00000011   Data   RO         4646    .constdata          c_w.l(__printf_flags_ss_wp.o)
    0x08008d57   0x08008d57   0x00000001   PAD
    0x08008d58   0x08008d58   0x00000008   Data   RO         4746    .constdata          c_w.l(_printf_wctomb.o)
    0x08008d60   0x08008d60   0x00000028   Data   RO         4775    .constdata          c_w.l(_printf_hex_int_ll_ptr.o)
    0x08008d88   0x08008d88   0x00000026   Data   RO         4853    .constdata          c_w.l(_printf_fp_hex.o)
    0x08008dae   0x08008dae   0x00000002   PAD
    0x08008db0   0x08008db0   0x00000094   Data   RO         4866    .constdata          c_w.l(bigflt0.o)
    0x08008e44   0x08008e44   0x0000003b   Data   RO          766    .conststring        app_main.o
    0x08008e7f   0x08008e7f   0x00000001   PAD
    0x08008e80   0x08008e80   0x0000005d   Data   RO         1182    .conststring        protocol_export.o
    0x08008edd   0x08008edd   0x00000003   PAD
    0x08008ee0   0x08008ee0   0x00000020   Data   RO         5123    Region$$Table       anon$$obj.o
    0x08008f00   0x08008f00   0x00000008   Data   RO         4969    c$$dinf             fz_ws.l(fpconst.o)
    0x08008f08   0x08008f08   0x00000008   Data   RO         4972    c$$dmax             fz_ws.l(fpconst.o)
    0x08008f10   0x08008f10   0x00000110   Data   RO         4892    locale$$data        c_w.l(lc_ctype_c.o)
    0x08009020   0x08009020   0x0000001c   Data   RO         4895    locale$$data        c_w.l(lc_numeric_c.o)


    Execution Region ER_RW (Exec base: 0x20000000, Load base: 0x0800903c, Size: 0x00000100, Max: 0xffffffff, ABSOLUTE)

    Exec Addr    Load Addr    Size         Type   Attr      Idx    E Section Name        Object

    0x20000000   0x0800903c   0x00000010   Data   RW           10    .data               bsp_ds18b20.o
    0x20000010   0x0800904c   0x00000001   Data   RW          125    .data               bsp_relay.o
    0x20000011   0x0800904d   0x00000003   PAD
    0x20000014   0x08009050   0x00000010   Data   RW          194    .data               bsp_uart.o
    0x20000024   0x08009060   0x00000006   Data   RW          287    .data               bsp_oled.o
    0x2000002a   0x08009066   0x00000001   Data   RW          496    .data               bsp_buzzer.o
    0x2000002b   0x08009067   0x00000001   PAD
    0x2000002c   0x08009068   0x00000020   Data   RW          538    .data               bsp_eeprom.o
    0x2000004c   0x08009088   0x00000008   Data   RW          640    .data               bsp_spiflash.o
    0x20000054   0x08009090   0x00000002   Data   RW          714    .data               alarm_service.o
    0x20000056   0x08009092   0x00000002   PAD
    0x20000058   0x08009094   0x00000048   Data   RW          767    .data               app_main.o
    0x200000a0   0x080090dc   0x00000018   Data   RW          930    .data               heater_ctrl.o
    0x200000b8   0x080090f4   0x0000000c   Data   RW          972    .data               log_service.o
    0x200000c4   0x08009100   0x0000000c   Data   RW         1038    .data               param_store.o
    0x200000d0   0x0800910c   0x00000008   Data   RW         1289    .data               schedule_service.o
    0x200000d8   0x08009114   0x00000010   Data   RW         1330    .data               scheduler.o
    0x200000e8   0x08009124   0x00000003   Data   RW         1372    .data               temp_manager.o
    0x200000eb   0x08009127   0x00000001   PAD
    0x200000ec   0x08009128   0x00000014   Data   RW         1602    .data               system_stm32f10x.o


    Execution Region ER_ZI (Exec base: 0x20000100, Load base: 0x0800913c, Size: 0x00002ed8, Max: 0xffffffff, ABSOLUTE)

    Exec Addr    Load Addr    Size         Type   Attr      Idx    E Section Name        Object

    0x20000100        -       0x00000180   Zero   RW          193    .bss                bsp_uart.o
    0x20000280        -       0x00000064   Zero   RW          285    .bss                bsp_oled.o
    0x200002e4        -       0x00000080   Zero   RW          537    .bss                bsp_eeprom.o
    0x20000364        -       0x00000050   Zero   RW          764    .bss                app_main.o
    0x200003b4        -       0x00002400   Zero   RW          971    .bss                log_service.o
    0x200027b4        -       0x00000024   Zero   RW         1037    .bss                param_store.o
    0x200027d8        -       0x0000008c   Zero   RW         1371    .bss                temp_manager.o
    0x20002864        -       0x00000110   Zero   RW         1437    .bss                ui_service.o
    0x20002974        -       0x00000060   Zero   RW         4826    .bss                c_w.l(libspace.o)
    0x200029d4   0x0800913c   0x00000004   PAD
    0x200029d8        -       0x00000200   Zero   RW         1629    HEAP                startup_stm32f10x_md.o
    0x20002bd8        -       0x00000400   Zero   RW         1628    STACK               startup_stm32f10x_md.o


==============================================================================

Image component sizes


      Code (inc. data)   RO Data    RW Data    ZI Data      Debug   Object Name

       208         20          0          2          0       7684   alarm_service.o
      2172        488         75         72         80      18540   app_main.o
        32          8          0          1          0        681   bsp_buzzer.o
        36          6          0         16          0     245525   bsp_ds18b20.o
       884        100          0         32        128      32093   bsp_eeprom.o
        76         10          0          0          0       1880   bsp_key.o
      2798        166         58          6        100      20773   bsp_oled.o
        32          8          0          1          0        676   bsp_relay.o
        40          4          0          0          0       1437   bsp_rtc.o
       518         32          0          8          0       6765   bsp_spiflash.o
       312         40          0         16        384       3258   bsp_uart.o
       158         40          0          0          0       5577   debug_log.o
       168         28          0         24          0       4662   heater_ctrl.o
       164         28          0         12       9216       3025   log_service.o
        10          0          0          0          0        419   main.o
       774         78          0         12         36      13505   param_store.o
       304          4          0          0          0       2710   pid_ctrl.o
      3584       1426         93          0          0      20781   protocol_export.o
       152         14          0          8          0       4735   schedule_service.o
       168         30          0         16          0      18691   scheduler.o
        64         26        236          0       1536       1000   startup_stm32f10x_md.o
        40          8          0          0          0       1897   stm32f10x_crc.o
       152         16          0          0          0       5304   stm32f10x_dma.o
       254         30          0          0          0       6191   stm32f10x_flash.o
       266          6          0          0          0       5314   stm32f10x_gpio.o
       188          0          0          0          0       8180   stm32f10x_i2c.o
        48         12          0          0          0       1361   stm32f10x_rcc.o
        20          4          0          0          0        621   stm32f10x_rtc.o
        22          0          0          0          0       3281   stm32f10x_spi.o
       126          0          0          0          0       4846   stm32f10x_usart.o
       248         24          0         20          0       2497   system_stm32f10x.o
       686        168          0          3        140       4486   temp_manager.o
       944          0          0          0          0       7922   tiny_graphics.o
      4840       1192          0          0        272      25344   ui_service.o

    ----------------------------------------------------------------------
     20522       4016        498        256      11892     491661   Object Totals
         0          0         32          0          0          0   (incl. Generated)
        34          0          4          7          0          0   (incl. Padding)

    ----------------------------------------------------------------------

      Code (inc. data)   RO Data    RW Data    ZI Data      Debug   Library Member Name

        60          8          0          0          0         84   __0sscanf.o
        56          6          0          0          0         88   __2snprintf.o
         8          0          0          0          0         68   __main.o
       392          4         17          0          0         92   __printf_flags_ss_wp.o
        14          0          0          0          0         68   __printf_wp.o
         0          0          0          0          0          0   __rtentry.o
        12          0          0          0          0          0   __rtentry2.o
         6          0          0          0          0          0   __rtentry4.o
        52          8          0          0          0          0   __scatter.o
        26          0          0          0          0          0   __scatter_copy.o
        28          0          0          0          0          0   __scatter_zi.o
        28          0          0          0          0         68   _chval.o
         6          0          0          0          0          0   _printf_a.o
         6          0          0          0          0          0   _printf_c.o
        44          0          0          0          0        108   _printf_char.o
        48          6          0          0          0         96   _printf_char_common.o
        40          0          0          0          0         68   _printf_charcount.o
         6          0          0          0          0          0   _printf_d.o
       120         16          0          0          0         92   _printf_dec.o
         6          0          0          0          0          0   _printf_e.o
         6          0          0          0          0          0   _printf_f.o
      1054          0          0          0          0        216   _printf_fp_dec.o
       764          8         38          0          0        100   _printf_fp_hex.o
       128         16          0          0          0         84   _printf_fp_infnan.o
         6          0          0          0          0          0   _printf_g.o
       148          4         40          0          0        160   _printf_hex_int_ll_ptr.o
         6          0          0          0          0          0   _printf_i.o
       178          0          0          0          0         88   _printf_intcommon.o
        10          0          0          0          0          0   _printf_l.o
         6          0          0          0          0          0   _printf_lc.o
        10          0          0          0          0          0   _printf_ll.o
         6          0          0          0          0          0   _printf_lld.o
         6          0          0          0          0          0   _printf_lli.o
         6          0          0          0          0          0   _printf_llo.o
         6          0          0          0          0          0   _printf_llu.o
         6          0          0          0          0          0   _printf_llx.o
       124         16          0          0          0         92   _printf_longlong_dec.o
         6          0          0          0          0          0   _printf_ls.o
         6          0          0          0          0          0   _printf_n.o
         6          0          0          0          0          0   _printf_o.o
       112         10          0          0          0        124   _printf_oct_int_ll.o
         6          0          0          0          0          0   _printf_p.o
        78          0          0          0          0        108   _printf_pad.o
         0          0          0          0          0          0   _printf_percent.o
         4          0          0          0          0          0   _printf_percent_end.o
         6          0          0          0          0          0   _printf_s.o
        82          0          0          0          0         80   _printf_str.o
        36          0          0          0          0         84   _printf_truncate.o
         6          0          0          0          0          0   _printf_u.o
        44          0          0          0          0        108   _printf_wchar.o
       188          6          8          0          0         92   _printf_wctomb.o
         6          0          0          0          0          0   _printf_x.o
        22          0          0          0          0        100   _rserrno.o
       884          6          0          0          0        100   _scanf.o
       224          0          0          0          0         96   _scanf_str.o
        64          0          0          0          0         84   _sgetc.o
        16          0          0          0          0         68   _snputc.o
        10          0          0          0          0         68   _sputc.o
       158          0          0          0          0         92   _strtoul.o
        64          0          0          0          0         92   _wcrtomb.o
        16          0          0          0          0         68   aeabi_memset.o
       228          4        148          0          0         96   bigflt0.o
      2152        136          0          0          0        960   btod.o
        18          0          0          0          0         80   exit.o
         6          0          0          0          0        152   heapauxi.o
         0          0          0          0          0          0   indicate_semi.o
        18          0          0          0          0         76   isspace.o
        44         10        272          0          0         76   lc_ctype_c.o
        44         10         28          0          0         76   lc_numeric_c.o
         2          0          0          0          0          0   libinit.o
        30          0          0          0          0          0   libinit2.o
         2          0          0          0          0          0   libshutdown.o
         2          0          0          0          0          0   libshutdown2.o
         8          4          0          0         96         68   libspace.o
        38          0          0          0          0         68   llshl.o
       138          0          0          0          0         80   lludiv10.o
        88          0          0          0          0         76   memcmp.o
        16          4          0          0          0         76   rt_ctype_table.o
         8          4          0          0          0         68   rt_errno_addr_intlibspace.o
         8          4          0          0          0         68   rt_locale_intlibspace.o
        68          0          0          0          0         68   rt_memclr.o
        78          0          0          0          0         80   rt_memclr_w.o
       138          0          0          0          0         68   rt_memcpy_v6.o
       100          0          0          0          0         80   rt_memcpy_w.o
         2          0          0          0          0          0   rtexit.o
        10          0          0          0          0          0   rtexit2.o
        44          8          0          0          0         84   scanf_char.o
      1272         16          0          0          0        168   scanf_fp.o
       800         14          0          0          0        100   scanf_hexfp.o
       308         16          0          0          0        100   scanf_infnan.o
       128          0          0          0          0         68   strcmpv7m.o
        62          0          0          0          0         76   strlen.o
       150          0          0          0          0         80   strncmp.o
        86          0          0          0          0         76   strncpy.o
       164         14          0          0          0        120   strtod.o
       114          0          0          0          0         92   strtoul.o
        12          4          0          0          0         68   sys_exit.o
        74          0          0          0          0         80   sys_stackheap_outer.o
         2          0          0          0          0         68   use_no_semi.o
        52          4          0          0          0         80   vsnprintf.o
        98          4          0          0          0         92   d2f.o
        16          4          0          0          0         68   dcheck1.o
        24          0          0          0          0         68   dcmpi.o
       120          4          0          0          0         92   deqf.o
       120          4          0          0          0         92   dleqf.o
       156          4          0          0          0         92   dnaninf.o
        12          0          0          0          0         68   dretinf.o
       108          0          0          0          0         80   drleqf.o
        86          4          0          0          0         84   f2d.o
       430          8          0          0          0        168   faddsub_clz.o
        12          4          0          0          0         68   fcheck1.o
        24          0          0          0          0         68   fcmpi.o
       388         76          0          0          0         96   fdiv.o
       104          4          0          0          0         84   feqf.o
        62          4          0          0          0         84   ffixu.o
        86          0          0          0          0        136   fflt_clz.o
       104          4          0          0          0         84   fleqf.o
       258          4          0          0          0         84   fmul.o
       140          4          0          0          0         84   fnaninf.o
         0          0         16          0          0          0   fpconst.o
        10          0          0          0          0         68   fretinf.o
        98          0          0          0          0         68   frleqf.o
         6          0          0          0          0         68   istatus.o
         4          0          0          0          0         68   printf1.o
         4          0          0          0          0         68   printf2.o
       100          0          0          0          0         68   retnan.o
        92          0          0          0          0         68   scalbn.o
        76          0          0          0          0         68   scalbnf.o
         4          0          0          0          0         68   scanf1.o
         8          0          0          0          0         84   scanf2.o
        48          0          0          0          0         68   trapv.o
         0          0          0          0          0          0   usenofp.o
        30          6          0          0          0        136   dunder.o
        40          0          0          0          0         68   fpclassify.o
        88          8          0          0          0         76   frexp.o
       138          0          0          0          0        160   ldexp.o
       204          4          0          0          0        168   narrow.o
        28          0          0          0          0         80   strtod.o

    ----------------------------------------------------------------------
     15334        516        570          0        100       9656   Library Totals
        22          0          3          0          4          0   (incl. Padding)

    ----------------------------------------------------------------------

      Code (inc. data)   RO Data    RW Data    ZI Data      Debug   Library Name

     11986        366        551          0         96       6512   c_w.l
      2798        132         16          0          0       2456   fz_ws.l
       528         18          0          0          0        688   m_ws.l

    ----------------------------------------------------------------------
     15334        516        570          0        100       9656   Library Totals

    ----------------------------------------------------------------------

==============================================================================


      Code (inc. data)   RO Data    RW Data    ZI Data      Debug   

     35856       4532       1068        256      11992     484985   Grand Totals
     35856       4532       1068        256      11992     484985   ELF Image Totals
     35856       4532       1068        256          0          0   ROM Totals

==============================================================================

    Total RO  Size (Code + RO Data)                36924 (  36.06kB)
    Total RW  Size (RW Data + ZI Data)             12248 (  11.96kB)
    Total ROM Size (Code + RO Data + RW Data)      37180 (  36.31kB)

==============================================================================

